#
# There is insufficient memory for the Java Runtime Environment to continue.
# Native memory allocation (malloc) failed to allocate 2104656 bytes for Chunk::new
# Possible reasons:
#   The system is out of physical RAM or swap space
#   The process is running with CompressedOops enabled, and the Java Heap may be blocking the growth of the native heap
# Possible solutions:
#   Reduce memory load on the system
#   Increase physical memory or swap space
#   Check if swap backing store is full
#   Decrease Java heap size (-Xmx/-Xms)
#   Decrease number of Java threads
#   Decrease Java thread stack sizes (-Xss)
#   Set larger code cache with -XX:ReservedCodeCacheSize=
#   JVM is running with Unscaled Compressed Oops mode in which the Java heap is
#     placed in the first 4GB address space. The Java Heap base address is the
#     maximum limit for the native heap growth. Please use -XX:HeapBaseMinAddress
#     to set the Java Heap base and to place the Java Heap above 4GB virtual address.
# This output file may be truncated or incomplete.
#
#  Out of Memory Error (arena.cpp:184), pid=28788, tid=3112
#
# JRE version: Java(TM) SE Runtime Environment (20.0.2+9) (build 20.0.2+9-78)
# Java VM: Java HotSpot(TM) 64-Bit Server VM (20.0.2+9-78, mixed mode, sharing, tiered, compressed oops, compressed class ptrs, g1 gc, windows-amd64)
# No core dump will be written. Minidumps are not enabled by default on client versions of Windows
#

---------------  S U M M A R Y ------------

Command Line: -Dfile.encoding=UTF-8 --module-path=C:\Users\yashj\OneDrive\Documents\NetBeansProjects\farmerbuddy\build\classes farmerbuddy.Chernozemsoil1

Host: 11th Gen Intel(R) Core(TM) i5-11400H @ 2.70GHz, 12 cores, 7G,  Windows 11 , 64 bit Build 22621 (10.0.22621.2215)
Time: Sun Oct 22 23:58:13 2023 India Standard Time elapsed time: 0.904693 seconds (0d 0h 0m 0s)

---------------  T H R E A D  ---------------

Current thread (0x000001f856dd77d0):  JavaThread "C2 CompilerThread1" daemon [_thread_in_native, id=3112, stack(0x000000e3ed300000,0x000000e3ed400000)]


Current CompileTask:
C2:    904  745   !   4       sun.awt.image.PNGImageDecoder::produceImage (1917 bytes)

Stack: [0x000000e3ed300000,0x000000e3ed400000]
Native frames: (J=compiled Java code, j=interpreted, Vv=VM code, C=native code)
V  [jvm.dll+0x6bc25a]
V  [jvm.dll+0x84971a]
V  [jvm.dll+0x84b315]
V  [jvm.dll+0x84ba13]
V  [jvm.dll+0x280e4f]
V  [jvm.dll+0xc2ab1]
V  [jvm.dll+0xc2dd5]
V  [jvm.dll+0x3bb612]
V  [jvm.dll+0x1e6f13]
V  [jvm.dll+0x24b67b]
V  [jvm.dll+0x24a921]
V  [jvm.dll+0x1ce761]
V  [jvm.dll+0x25a0eb]
V  [jvm.dll+0x2587c0]
V  [jvm.dll+0x3f2dd5]
V  [jvm.dll+0x7f5c76]
V  [jvm.dll+0x6baecb]
C  [ucrtbase.dll+0x29363]
C  [KERNEL32.DLL+0x1257d]
C  [ntdll.dll+0x5aa68]


---------------  P R O C E S S  ---------------

Threads class SMR info:
_java_thread_list=0x000001f85821ce00, length=17, elements={
0x000001f811915ef0, 0x000001f811916be0, 0x000001f811919f30, 0x000001f81191aa90,
0x000001f81193da10, 0x000001f811941800, 0x000001f811942470, 0x000001f811943590,
0x000001f856cde360, 0x000001f856daa040, 0x000001f856dd77d0, 0x000001f856f876d0,
0x000001f856f8a6e0, 0x000001f856f8f740, 0x000001f8579ebf90, 0x000001f857a3e460,
0x000001f874c14d40
}

Java Threads: ( => current thread )
  0x000001f811915ef0 JavaThread "Reference Handler" daemon [_thread_blocked, id=27692, stack(0x000000e3ec800000,0x000000e3ec900000)]
  0x000001f811916be0 JavaThread "Finalizer" daemon [_thread_blocked, id=12928, stack(0x000000e3ec900000,0x000000e3eca00000)]
  0x000001f811919f30 JavaThread "Signal Dispatcher" daemon [_thread_blocked, id=31684, stack(0x000000e3eca00000,0x000000e3ecb00000)]
  0x000001f81191aa90 JavaThread "Attach Listener" daemon [_thread_blocked, id=30756, stack(0x000000e3ecb00000,0x000000e3ecc00000)]
  0x000001f81193da10 JavaThread "Service Thread" daemon [_thread_blocked, id=32668, stack(0x000000e3ecc00000,0x000000e3ecd00000)]
  0x000001f811941800 JavaThread "Monitor Deflation Thread" daemon [_thread_blocked, id=10576, stack(0x000000e3ecd00000,0x000000e3ece00000)]
  0x000001f811942470 JavaThread "C2 CompilerThread0" daemon [_thread_blocked, id=25772, stack(0x000000e3ece00000,0x000000e3ecf00000)]
  0x000001f811943590 JavaThread "C1 CompilerThread0" daemon [_thread_blocked, id=31524, stack(0x000000e3ecf00000,0x000000e3ed000000)]
  0x000001f856cde360 JavaThread "Common-Cleaner" daemon [_thread_blocked, id=27592, stack(0x000000e3ed000000,0x000000e3ed100000)]
  0x000001f856daa040 JavaThread "Notification Thread" daemon [_thread_blocked, id=24644, stack(0x000000e3ed100000,0x000000e3ed200000)]
=>0x000001f856dd77d0 JavaThread "C2 CompilerThread1" daemon [_thread_in_native, id=3112, stack(0x000000e3ed300000,0x000000e3ed400000)]
  0x000001f856f876d0 JavaThread "Java2D Disposer" daemon [_thread_blocked, id=1596, stack(0x000000e3ed400000,0x000000e3ed500000)]
  0x000001f856f8a6e0 JavaThread "AWT-Shutdown" [_thread_blocked, id=32608, stack(0x000000e3ed500000,0x000000e3ed600000)]
  0x000001f856f8f740 JavaThread "AWT-Windows" daemon [_thread_in_native, id=6092, stack(0x000000e3ed600000,0x000000e3ed700000)]
  0x000001f8579ebf90 JavaThread "Image Fetcher 0" daemon [_thread_blocked, id=3148, stack(0x000000e3ed700000,0x000000e3ed800000)]
  0x000001f857a3e460 JavaThread "AWT-EventQueue-0" [_thread_blocked, id=20496, stack(0x000000e3ed800000,0x000000e3ed900000)]
  0x000001f874c14d40 JavaThread "DestroyJavaVM" [_thread_blocked, id=4372, stack(0x000000e3ec100000,0x000000e3ec200000)]

Other Threads:
  0x000001f8118f6080 VMThread "VM Thread" [stack: 0x000000e3ec700000,0x000000e3ec800000] [id=9724]
  0x000001f856daf5d0 WatcherThread "VM Periodic Task Thread" [stack: 0x000000e3ed200000,0x000000e3ed300000] [id=24668]
  0x000001f874c74fb0 WorkerThread "GC Thread#0" [stack: 0x000000e3ec200000,0x000000e3ec300000] [id=2112]
  0x000001f874c85400 ConcurrentGCThread "G1 Main Marker" [stack: 0x000000e3ec300000,0x000000e3ec400000] [id=6504]
  0x000001f874c85e30 WorkerThread "G1 Conc#0" [stack: 0x000000e3ec400000,0x000000e3ec500000] [id=14480]
  0x000001f8117b44e0 ConcurrentGCThread "G1 Refine#0" [stack: 0x000000e3ec500000,0x000000e3ec600000] [id=7852]
  0x000001f874cdd8f0 ConcurrentGCThread "G1 Service" [stack: 0x000000e3ec600000,0x000000e3ec700000] [id=8060]

Threads with active compile tasks:
C2 CompilerThread1      925  745   !   4       sun.awt.image.PNGImageDecoder::produceImage (1917 bytes)

VM state: not at safepoint (normal execution)

VM Mutex/Monitor currently owned by a thread: None

Heap address: 0x0000000085a00000, size: 1958 MB, Compressed Oops mode: 32-bit

CDS archive(s) mapped at: [0x000001f811c00000-0x000001f812860000-0x000001f812860000), size 12976128, SharedBaseAddress: 0x000001f811c00000, ArchiveRelocationMode: 1.
Compressed class space mapped at: 0x000001f812c00000-0x000001f852c00000, reserved size: 1073741824
Narrow klass base: 0x000001f811c00000, Narrow klass shift: 0, Narrow klass range: 0x100000000

GC Precious Log:
 CardTable entry size: 512
 Card Set container configuration: InlinePtr #cards 5 size 8 Array Of Cards #cards 12 size 40 Howl #buckets 4 coarsen threshold 1843 Howl Bitmap #cards 512 size 80 coarsen threshold 460 Card regions per heap region 1 cards per card region 2048
 CPUs: 12 total, 12 available
 Memory: 7830M
 Large Page Support: Disabled
 NUMA Support: Disabled
 Compressed Oops: Enabled (32-bit)
 Heap Region Size: 1M
 Heap Min Capacity: 8M
 Heap Initial Capacity: 124M
 Heap Max Capacity: 1958M
 Pre-touch: Disabled
 Parallel Workers: 10
 Concurrent Workers: 3
 Concurrent Refinement Workers: 10
 Periodic GC: Disabled

Heap:
 garbage-first heap   total 126976K, used 40960K [0x0000000085a00000, 0x0000000100000000)
  region size 1024K, 21 young (21504K), 0 survivors (0K)
 Metaspace       used 7019K, committed 7232K, reserved 1114112K
  class space    used 765K, committed 896K, reserved 1048576K

Heap Regions: E=young(eden), S=young(survivor), O=old, HS=humongous(starts), HC=humongous(continues), CS=collection set, F=free, OA=open archive, CA=closed archive, TAMS=top-at-mark-start, PB=parsable bottom
|   0|0x0000000085a00000, 0x0000000085b00000, 0x0000000085b00000|100%|HS|  |TAMS 0x0000000085a00000| PB 0x0000000085a00000| Complete 
|   1|0x0000000085b00000, 0x0000000085c00000, 0x0000000085c00000|100%|HC|  |TAMS 0x0000000085b00000| PB 0x0000000085b00000| Complete 
|   2|0x0000000085c00000, 0x0000000085d00000, 0x0000000085d00000|100%|HC|  |TAMS 0x0000000085c00000| PB 0x0000000085c00000| Complete 
|   3|0x0000000085d00000, 0x0000000085e00000, 0x0000000085e00000|100%|HC|  |TAMS 0x0000000085d00000| PB 0x0000000085d00000| Complete 
|   4|0x0000000085e00000, 0x0000000085f00000, 0x0000000085f00000|100%|HC|  |TAMS 0x0000000085e00000| PB 0x0000000085e00000| Complete 
|   5|0x0000000085f00000, 0x0000000086000000, 0x0000000086000000|100%|HC|  |TAMS 0x0000000085f00000| PB 0x0000000085f00000| Complete 
|   6|0x0000000086000000, 0x0000000086100000, 0x0000000086100000|100%|HC|  |TAMS 0x0000000086000000| PB 0x0000000086000000| Complete 
|   7|0x0000000086100000, 0x0000000086200000, 0x0000000086200000|100%|HS|  |TAMS 0x0000000086100000| PB 0x0000000086100000| Complete 
|   8|0x0000000086200000, 0x0000000086300000, 0x0000000086300000|100%|HC|  |TAMS 0x0000000086200000| PB 0x0000000086200000| Complete 
|   9|0x0000000086300000, 0x0000000086400000, 0x0000000086400000|100%|HC|  |TAMS 0x0000000086300000| PB 0x0000000086300000| Complete 
|  10|0x0000000086400000, 0x0000000086500000, 0x0000000086500000|100%|HC|  |TAMS 0x0000000086400000| PB 0x0000000086400000| Complete 
|  11|0x0000000086500000, 0x0000000086600000, 0x0000000086600000|100%|HC|  |TAMS 0x0000000086500000| PB 0x0000000086500000| Complete 
|  12|0x0000000086600000, 0x0000000086700000, 0x0000000086700000|100%|HS|  |TAMS 0x0000000086600000| PB 0x0000000086600000| Complete 
|  13|0x0000000086700000, 0x0000000086800000, 0x0000000086800000|100%|HC|  |TAMS 0x0000000086700000| PB 0x0000000086700000| Complete 
|  14|0x0000000086800000, 0x0000000086900000, 0x0000000086900000|100%|HC|  |TAMS 0x0000000086800000| PB 0x0000000086800000| Complete 
|  15|0x0000000086900000, 0x0000000086a00000, 0x0000000086a00000|100%|HC|  |TAMS 0x0000000086900000| PB 0x0000000086900000| Complete 
|  16|0x0000000086a00000, 0x0000000086b00000, 0x0000000086b00000|100%|HC|  |TAMS 0x0000000086a00000| PB 0x0000000086a00000| Complete 
|  17|0x0000000086b00000, 0x0000000086c00000, 0x0000000086c00000|100%|HC|  |TAMS 0x0000000086b00000| PB 0x0000000086b00000| Complete 
|  18|0x0000000086c00000, 0x0000000086d00000, 0x0000000086d00000|100%|HC|  |TAMS 0x0000000086c00000| PB 0x0000000086c00000| Complete 
|  19|0x0000000086d00000, 0x0000000086e00000, 0x0000000086e00000|100%|HC|  |TAMS 0x0000000086d00000| PB 0x0000000086d00000| Complete 
|  20|0x0000000086e00000, 0x0000000086e00000, 0x0000000086f00000|  0%| F|  |TAMS 0x0000000086e00000| PB 0x0000000086e00000| Untracked 
|  21|0x0000000086f00000, 0x0000000086f00000, 0x0000000087000000|  0%| F|  |TAMS 0x0000000086f00000| PB 0x0000000086f00000| Untracked 
|  22|0x0000000087000000, 0x0000000087000000, 0x0000000087100000|  0%| F|  |TAMS 0x0000000087000000| PB 0x0000000087000000| Untracked 
|  23|0x0000000087100000, 0x0000000087100000, 0x0000000087200000|  0%| F|  |TAMS 0x0000000087100000| PB 0x0000000087100000| Untracked 
|  24|0x0000000087200000, 0x0000000087200000, 0x0000000087300000|  0%| F|  |TAMS 0x0000000087200000| PB 0x0000000087200000| Untracked 
|  25|0x0000000087300000, 0x0000000087300000, 0x0000000087400000|  0%| F|  |TAMS 0x0000000087300000| PB 0x0000000087300000| Untracked 
|  26|0x0000000087400000, 0x0000000087400000, 0x0000000087500000|  0%| F|  |TAMS 0x0000000087400000| PB 0x0000000087400000| Untracked 
|  27|0x0000000087500000, 0x0000000087500000, 0x0000000087600000|  0%| F|  |TAMS 0x0000000087500000| PB 0x0000000087500000| Untracked 
|  28|0x0000000087600000, 0x0000000087600000, 0x0000000087700000|  0%| F|  |TAMS 0x0000000087600000| PB 0x0000000087600000| Untracked 
|  29|0x0000000087700000, 0x0000000087700000, 0x0000000087800000|  0%| F|  |TAMS 0x0000000087700000| PB 0x0000000087700000| Untracked 
|  30|0x0000000087800000, 0x0000000087800000, 0x0000000087900000|  0%| F|  |TAMS 0x0000000087800000| PB 0x0000000087800000| Untracked 
|  31|0x0000000087900000, 0x0000000087900000, 0x0000000087a00000|  0%| F|  |TAMS 0x0000000087900000| PB 0x0000000087900000| Untracked 
|  32|0x0000000087a00000, 0x0000000087a00000, 0x0000000087b00000|  0%| F|  |TAMS 0x0000000087a00000| PB 0x0000000087a00000| Untracked 
|  33|0x0000000087b00000, 0x0000000087b00000, 0x0000000087c00000|  0%| F|  |TAMS 0x0000000087b00000| PB 0x0000000087b00000| Untracked 
|  34|0x0000000087c00000, 0x0000000087c00000, 0x0000000087d00000|  0%| F|  |TAMS 0x0000000087c00000| PB 0x0000000087c00000| Untracked 
|  35|0x0000000087d00000, 0x0000000087d00000, 0x0000000087e00000|  0%| F|  |TAMS 0x0000000087d00000| PB 0x0000000087d00000| Untracked 
|  36|0x0000000087e00000, 0x0000000087e00000, 0x0000000087f00000|  0%| F|  |TAMS 0x0000000087e00000| PB 0x0000000087e00000| Untracked 
|  37|0x0000000087f00000, 0x0000000087f00000, 0x0000000088000000|  0%| F|  |TAMS 0x0000000087f00000| PB 0x0000000087f00000| Untracked 
|  38|0x0000000088000000, 0x0000000088000000, 0x0000000088100000|  0%| F|  |TAMS 0x0000000088000000| PB 0x0000000088000000| Untracked 
|  39|0x0000000088100000, 0x0000000088100000, 0x0000000088200000|  0%| F|  |TAMS 0x0000000088100000| PB 0x0000000088100000| Untracked 
|  40|0x0000000088200000, 0x0000000088200000, 0x0000000088300000|  0%| F|  |TAMS 0x0000000088200000| PB 0x0000000088200000| Untracked 
|  41|0x0000000088300000, 0x0000000088300000, 0x0000000088400000|  0%| F|  |TAMS 0x0000000088300000| PB 0x0000000088300000| Untracked 
|  42|0x0000000088400000, 0x0000000088400000, 0x0000000088500000|  0%| F|  |TAMS 0x0000000088400000| PB 0x0000000088400000| Untracked 
|  43|0x0000000088500000, 0x0000000088500000, 0x0000000088600000|  0%| F|  |TAMS 0x0000000088500000| PB 0x0000000088500000| Untracked 
|  44|0x0000000088600000, 0x0000000088600000, 0x0000000088700000|  0%| F|  |TAMS 0x0000000088600000| PB 0x0000000088600000| Untracked 
|  45|0x0000000088700000, 0x0000000088700000, 0x0000000088800000|  0%| F|  |TAMS 0x0000000088700000| PB 0x0000000088700000| Untracked 
|  46|0x0000000088800000, 0x0000000088800000, 0x0000000088900000|  0%| F|  |TAMS 0x0000000088800000| PB 0x0000000088800000| Untracked 
|  47|0x0000000088900000, 0x0000000088900000, 0x0000000088a00000|  0%| F|  |TAMS 0x0000000088900000| PB 0x0000000088900000| Untracked 
|  48|0x0000000088a00000, 0x0000000088a00000, 0x0000000088b00000|  0%| F|  |TAMS 0x0000000088a00000| PB 0x0000000088a00000| Untracked 
|  49|0x0000000088b00000, 0x0000000088b00000, 0x0000000088c00000|  0%| F|  |TAMS 0x0000000088b00000| PB 0x0000000088b00000| Untracked 
|  50|0x0000000088c00000, 0x0000000088c00000, 0x0000000088d00000|  0%| F|  |TAMS 0x0000000088c00000| PB 0x0000000088c00000| Untracked 
|  51|0x0000000088d00000, 0x0000000088d00000, 0x0000000088e00000|  0%| F|  |TAMS 0x0000000088d00000| PB 0x0000000088d00000| Untracked 
|  52|0x0000000088e00000, 0x0000000088e00000, 0x0000000088f00000|  0%| F|  |TAMS 0x0000000088e00000| PB 0x0000000088e00000| Untracked 
|  53|0x0000000088f00000, 0x0000000088f00000, 0x0000000089000000|  0%| F|  |TAMS 0x0000000088f00000| PB 0x0000000088f00000| Untracked 
|  54|0x0000000089000000, 0x0000000089000000, 0x0000000089100000|  0%| F|  |TAMS 0x0000000089000000| PB 0x0000000089000000| Untracked 
|  55|0x0000000089100000, 0x0000000089100000, 0x0000000089200000|  0%| F|  |TAMS 0x0000000089100000| PB 0x0000000089100000| Untracked 
|  56|0x0000000089200000, 0x0000000089200000, 0x0000000089300000|  0%| F|  |TAMS 0x0000000089200000| PB 0x0000000089200000| Untracked 
|  57|0x0000000089300000, 0x0000000089300000, 0x0000000089400000|  0%| F|  |TAMS 0x0000000089300000| PB 0x0000000089300000| Untracked 
|  58|0x0000000089400000, 0x0000000089400000, 0x0000000089500000|  0%| F|  |TAMS 0x0000000089400000| PB 0x0000000089400000| Untracked 
|  59|0x0000000089500000, 0x0000000089500000, 0x0000000089600000|  0%| F|  |TAMS 0x0000000089500000| PB 0x0000000089500000| Untracked 
|  60|0x0000000089600000, 0x0000000089600000, 0x0000000089700000|  0%| F|  |TAMS 0x0000000089600000| PB 0x0000000089600000| Untracked 
|  61|0x0000000089700000, 0x0000000089700000, 0x0000000089800000|  0%| F|  |TAMS 0x0000000089700000| PB 0x0000000089700000| Untracked 
|  62|0x0000000089800000, 0x0000000089800000, 0x0000000089900000|  0%| F|  |TAMS 0x0000000089800000| PB 0x0000000089800000| Untracked 
|  63|0x0000000089900000, 0x0000000089900000, 0x0000000089a00000|  0%| F|  |TAMS 0x0000000089900000| PB 0x0000000089900000| Untracked 
|  64|0x0000000089a00000, 0x0000000089a00000, 0x0000000089b00000|  0%| F|  |TAMS 0x0000000089a00000| PB 0x0000000089a00000| Untracked 
|  65|0x0000000089b00000, 0x0000000089b00000, 0x0000000089c00000|  0%| F|  |TAMS 0x0000000089b00000| PB 0x0000000089b00000| Untracked 
|  66|0x0000000089c00000, 0x0000000089c00000, 0x0000000089d00000|  0%| F|  |TAMS 0x0000000089c00000| PB 0x0000000089c00000| Untracked 
|  67|0x0000000089d00000, 0x0000000089d00000, 0x0000000089e00000|  0%| F|  |TAMS 0x0000000089d00000| PB 0x0000000089d00000| Untracked 
|  68|0x0000000089e00000, 0x0000000089e00000, 0x0000000089f00000|  0%| F|  |TAMS 0x0000000089e00000| PB 0x0000000089e00000| Untracked 
|  69|0x0000000089f00000, 0x0000000089f00000, 0x000000008a000000|  0%| F|  |TAMS 0x0000000089f00000| PB 0x0000000089f00000| Untracked 
|  70|0x000000008a000000, 0x000000008a000000, 0x000000008a100000|  0%| F|  |TAMS 0x000000008a000000| PB 0x000000008a000000| Untracked 
|  71|0x000000008a100000, 0x000000008a100000, 0x000000008a200000|  0%| F|  |TAMS 0x000000008a100000| PB 0x000000008a100000| Untracked 
|  72|0x000000008a200000, 0x000000008a200000, 0x000000008a300000|  0%| F|  |TAMS 0x000000008a200000| PB 0x000000008a200000| Untracked 
|  73|0x000000008a300000, 0x000000008a300000, 0x000000008a400000|  0%| F|  |TAMS 0x000000008a300000| PB 0x000000008a300000| Untracked 
|  74|0x000000008a400000, 0x000000008a400000, 0x000000008a500000|  0%| F|  |TAMS 0x000000008a400000| PB 0x000000008a400000| Untracked 
|  75|0x000000008a500000, 0x000000008a500000, 0x000000008a600000|  0%| F|  |TAMS 0x000000008a500000| PB 0x000000008a500000| Untracked 
|  76|0x000000008a600000, 0x000000008a600000, 0x000000008a700000|  0%| F|  |TAMS 0x000000008a600000| PB 0x000000008a600000| Untracked 
|  77|0x000000008a700000, 0x000000008a700000, 0x000000008a800000|  0%| F|  |TAMS 0x000000008a700000| PB 0x000000008a700000| Untracked 
|  78|0x000000008a800000, 0x000000008a800000, 0x000000008a900000|  0%| F|  |TAMS 0x000000008a800000| PB 0x000000008a800000| Untracked 
|  79|0x000000008a900000, 0x000000008a900000, 0x000000008aa00000|  0%| F|  |TAMS 0x000000008a900000| PB 0x000000008a900000| Untracked 
|  80|0x000000008aa00000, 0x000000008aa00000, 0x000000008ab00000|  0%| F|  |TAMS 0x000000008aa00000| PB 0x000000008aa00000| Untracked 
|  81|0x000000008ab00000, 0x000000008ab00000, 0x000000008ac00000|  0%| F|  |TAMS 0x000000008ab00000| PB 0x000000008ab00000| Untracked 
|  82|0x000000008ac00000, 0x000000008ac00000, 0x000000008ad00000|  0%| F|  |TAMS 0x000000008ac00000| PB 0x000000008ac00000| Untracked 
|  83|0x000000008ad00000, 0x000000008ad00000, 0x000000008ae00000|  0%| F|  |TAMS 0x000000008ad00000| PB 0x000000008ad00000| Untracked 
|  84|0x000000008ae00000, 0x000000008ae00000, 0x000000008af00000|  0%| F|  |TAMS 0x000000008ae00000| PB 0x000000008ae00000| Untracked 
|  85|0x000000008af00000, 0x000000008af00000, 0x000000008b000000|  0%| F|  |TAMS 0x000000008af00000| PB 0x000000008af00000| Untracked 
|  86|0x000000008b000000, 0x000000008b000000, 0x000000008b100000|  0%| F|  |TAMS 0x000000008b000000| PB 0x000000008b000000| Untracked 
|  87|0x000000008b100000, 0x000000008b100000, 0x000000008b200000|  0%| F|  |TAMS 0x000000008b100000| PB 0x000000008b100000| Untracked 
|  88|0x000000008b200000, 0x000000008b200000, 0x000000008b300000|  0%| F|  |TAMS 0x000000008b200000| PB 0x000000008b200000| Untracked 
|  89|0x000000008b300000, 0x000000008b300000, 0x000000008b400000|  0%| F|  |TAMS 0x000000008b300000| PB 0x000000008b300000| Untracked 
|  90|0x000000008b400000, 0x000000008b400000, 0x000000008b500000|  0%| F|  |TAMS 0x000000008b400000| PB 0x000000008b400000| Untracked 
|  91|0x000000008b500000, 0x000000008b500000, 0x000000008b600000|  0%| F|  |TAMS 0x000000008b500000| PB 0x000000008b500000| Untracked 
|  92|0x000000008b600000, 0x000000008b600000, 0x000000008b700000|  0%| F|  |TAMS 0x000000008b600000| PB 0x000000008b600000| Untracked 
|  93|0x000000008b700000, 0x000000008b700000, 0x000000008b800000|  0%| F|  |TAMS 0x000000008b700000| PB 0x000000008b700000| Untracked 
|  94|0x000000008b800000, 0x000000008b800000, 0x000000008b900000|  0%| F|  |TAMS 0x000000008b800000| PB 0x000000008b800000| Untracked 
|  95|0x000000008b900000, 0x000000008b900000, 0x000000008ba00000|  0%| F|  |TAMS 0x000000008b900000| PB 0x000000008b900000| Untracked 
|  96|0x000000008ba00000, 0x000000008ba00000, 0x000000008bb00000|  0%| F|  |TAMS 0x000000008ba00000| PB 0x000000008ba00000| Untracked 
|  97|0x000000008bb00000, 0x000000008bb00000, 0x000000008bc00000|  0%| F|  |TAMS 0x000000008bb00000| PB 0x000000008bb00000| Untracked 
|  98|0x000000008bc00000, 0x000000008bc00000, 0x000000008bd00000|  0%| F|  |TAMS 0x000000008bc00000| PB 0x000000008bc00000| Untracked 
|  99|0x000000008bd00000, 0x000000008bd00000, 0x000000008be00000|  0%| F|  |TAMS 0x000000008bd00000| PB 0x000000008bd00000| Untracked 
| 100|0x000000008be00000, 0x000000008be00000, 0x000000008bf00000|  0%| F|  |TAMS 0x000000008be00000| PB 0x000000008be00000| Untracked 
| 101|0x000000008bf00000, 0x000000008bf00000, 0x000000008c000000|  0%| F|  |TAMS 0x000000008bf00000| PB 0x000000008bf00000| Untracked 
| 102|0x000000008c000000, 0x000000008c000000, 0x000000008c100000|  0%| F|  |TAMS 0x000000008c000000| PB 0x000000008c000000| Untracked 
| 103|0x000000008c100000, 0x000000008c178578, 0x000000008c200000| 47%| E|  |TAMS 0x000000008c100000| PB 0x000000008c100000| Complete 
| 104|0x000000008c200000, 0x000000008c300000, 0x000000008c300000|100%| E|CS|TAMS 0x000000008c200000| PB 0x000000008c200000| Complete 
| 105|0x000000008c300000, 0x000000008c400000, 0x000000008c400000|100%| E|CS|TAMS 0x000000008c300000| PB 0x000000008c300000| Complete 
| 106|0x000000008c400000, 0x000000008c500000, 0x000000008c500000|100%| E|CS|TAMS 0x000000008c400000| PB 0x000000008c400000| Complete 
| 107|0x000000008c500000, 0x000000008c600000, 0x000000008c600000|100%| E|CS|TAMS 0x000000008c500000| PB 0x000000008c500000| Complete 
| 108|0x000000008c600000, 0x000000008c700000, 0x000000008c700000|100%| E|CS|TAMS 0x000000008c600000| PB 0x000000008c600000| Complete 
| 109|0x000000008c700000, 0x000000008c800000, 0x000000008c800000|100%| E|CS|TAMS 0x000000008c700000| PB 0x000000008c700000| Complete 
| 110|0x000000008c800000, 0x000000008c900000, 0x000000008c900000|100%| E|CS|TAMS 0x000000008c800000| PB 0x000000008c800000| Complete 
| 111|0x000000008c900000, 0x000000008ca00000, 0x000000008ca00000|100%| E|CS|TAMS 0x000000008c900000| PB 0x000000008c900000| Complete 
| 112|0x000000008ca00000, 0x000000008cb00000, 0x000000008cb00000|100%| E|CS|TAMS 0x000000008ca00000| PB 0x000000008ca00000| Complete 
| 113|0x000000008cb00000, 0x000000008cc00000, 0x000000008cc00000|100%| E|CS|TAMS 0x000000008cb00000| PB 0x000000008cb00000| Complete 
| 114|0x000000008cc00000, 0x000000008cd00000, 0x000000008cd00000|100%| E|CS|TAMS 0x000000008cc00000| PB 0x000000008cc00000| Complete 
| 115|0x000000008cd00000, 0x000000008ce00000, 0x000000008ce00000|100%| E|CS|TAMS 0x000000008cd00000| PB 0x000000008cd00000| Complete 
| 116|0x000000008ce00000, 0x000000008cf00000, 0x000000008cf00000|100%| E|CS|TAMS 0x000000008ce00000| PB 0x000000008ce00000| Complete 
| 117|0x000000008cf00000, 0x000000008d000000, 0x000000008d000000|100%| E|CS|TAMS 0x000000008cf00000| PB 0x000000008cf00000| Complete 
| 118|0x000000008d000000, 0x000000008d100000, 0x000000008d100000|100%| E|CS|TAMS 0x000000008d000000| PB 0x000000008d000000| Complete 
| 119|0x000000008d100000, 0x000000008d200000, 0x000000008d200000|100%| E|CS|TAMS 0x000000008d100000| PB 0x000000008d100000| Complete 
| 120|0x000000008d200000, 0x000000008d300000, 0x000000008d300000|100%| E|CS|TAMS 0x000000008d200000| PB 0x000000008d200000| Complete 
| 121|0x000000008d300000, 0x000000008d400000, 0x000000008d400000|100%| E|CS|TAMS 0x000000008d300000| PB 0x000000008d300000| Complete 
| 122|0x000000008d400000, 0x000000008d500000, 0x000000008d500000|100%| E|CS|TAMS 0x000000008d400000| PB 0x000000008d400000| Complete 
| 123|0x000000008d500000, 0x000000008d600000, 0x000000008d600000|100%| E|CS|TAMS 0x000000008d500000| PB 0x000000008d500000| Complete 

Card table byte_map: [0x000001f87d620000,0x000001f87da00000] _byte_map_base: 0x000001f87d1f3000

Marking Bits: (CMBitMap*) 0x000001f874c755e0
 Bits: [0x000001f87dde0000, 0x000001f87fc78000)

Polling page: 0x000001f872bf0000

Metaspace:

Usage:
  Non-class:      6.11 MB used.
      Class:    765.40 KB used.
       Both:      6.85 MB used.

Virtual space:
  Non-class space:       64.00 MB reserved,       6.19 MB ( 10%) committed,  1 nodes.
      Class space:        1.00 GB reserved,     896.00 KB ( <1%) committed,  1 nodes.
             Both:        1.06 GB reserved,       7.06 MB ( <1%) committed. 

Chunk freelists:
   Non-Class:  1.00 MB
       Class:  3.11 MB
        Both:  4.11 MB

MaxMetaspaceSize: unlimited
CompressedClassSpaceSize: 1.00 GB
Initial GC threshold: 21.00 MB
Current GC threshold: 21.00 MB
CDS: on
MetaspaceReclaimPolicy: balanced
 - commit_granule_bytes: 65536.
 - commit_granule_words: 8192.
 - virtual_space_node_default_size: 8388608.
 - enlarge_chunks_in_place: 1.
 - new_chunks_are_fully_committed: 0.
 - uncommit_free_chunks: 1.
 - use_allocation_guard: 0.


Internal statistics:

num_allocs_failed_limit: 0.
num_arena_births: 152.
num_arena_deaths: 0.
num_vsnodes_births: 2.
num_vsnodes_deaths: 0.
num_space_committed: 113.
num_space_uncommitted: 0.
num_chunks_returned_to_freelist: 0.
num_chunks_taken_from_freelist: 194.
num_chunk_merges: 0.
num_chunk_splits: 112.
num_chunks_enlarged: 43.
num_inconsistent_stats: 0.

CodeHeap 'non-profiled nmethods': size=120000Kb used=311Kb max_used=311Kb free=119688Kb
 bounds [0x000001f807ad0000, 0x000001f807d40000, 0x000001f80f000000]
CodeHeap 'profiled nmethods': size=120000Kb used=1434Kb max_used=1434Kb free=118565Kb
 bounds [0x000001f800000000, 0x000001f800270000, 0x000001f807530000]
CodeHeap 'non-nmethods': size=5760Kb used=1733Kb max_used=1747Kb free=4027Kb
 bounds [0x000001f807530000, 0x000001f8077a0000, 0x000001f807ad0000]
 total_blobs=1496 nmethods=894 adapters=513
 compilation: enabled
              stopped_count=0, restarted_count=0
 full_count=0

Compilation events (20 events):
Event: 0.790 Thread 0x000001f811943590  886       3       jdk.internal.logger.LazyLoggers$LazyLoggerWrapper::platformProxy (10 bytes)
Event: 0.790 Thread 0x000001f811943590 nmethod 886 0x000001f800163d10 code [0x000001f800163ea0, 0x000001f800164020]
Event: 0.790 Thread 0x000001f811943590  887   !   3       jdk.internal.logger.LazyLoggers$LazyLoggerAccessor::platform (103 bytes)
Event: 0.791 Thread 0x000001f811943590 nmethod 887 0x000001f800164110 code [0x000001f800164340, 0x000001f800165040]
Event: 0.791 Thread 0x000001f811943590  888       3       jdk.internal.logger.SimpleConsoleLogger::isLoggable (29 bytes)
Event: 0.791 Thread 0x000001f811943590 nmethod 888 0x000001f800165390 code [0x000001f800165540, 0x000001f800165890]
Event: 0.791 Thread 0x000001f811943590  889       3       jdk.internal.logger.SimpleConsoleLogger::effectiveLevel (17 bytes)
Event: 0.792 Thread 0x000001f811943590 nmethod 889 0x000001f800165990 code [0x000001f800165b20, 0x000001f800165d50]
Event: 0.792 Thread 0x000001f811943590  890       3       jdk.internal.logger.SurrogateLogger::defaultPlatformLevel (4 bytes)
Event: 0.792 Thread 0x000001f811943590 nmethod 890 0x000001f800165e10 code [0x000001f800165fa0, 0x000001f8001660b8]
Event: 0.792 Thread 0x000001f811943590  891       3       java.lang.ref.SoftReference::<init> (13 bytes)
Event: 0.793 Thread 0x000001f811943590 nmethod 891 0x000001f800166190 code [0x000001f800166340, 0x000001f800166660]
Event: 0.793 Thread 0x000001f811943590  892       3       java.awt.Component::getParent (5 bytes)
Event: 0.793 Thread 0x000001f811943590 nmethod 892 0x000001f800166790 code [0x000001f800166920, 0x000001f800166a48]
Event: 0.798 Thread 0x000001f811943590  893       1       java.awt.AWTEvent::getID (5 bytes)
Event: 0.798 Thread 0x000001f811943590 nmethod 893 0x000001f807b1cf90 code [0x000001f807b1d100, 0x000001f807b1d1c8]
Event: 0.820 Thread 0x000001f811942470  894       4       java.util.HashMap::get (19 bytes)
Event: 0.822 Thread 0x000001f811943590  895       1       java.awt.Color::getRGB (5 bytes)
Event: 0.822 Thread 0x000001f811943590 nmethod 895 0x000001f807b1d290 code [0x000001f807b1d400, 0x000001f807b1d4c8]
Event: 0.824 Thread 0x000001f811942470 nmethod 894 0x000001f807b1d590 code [0x000001f807b1d740, 0x000001f807b1da90]

GC Heap History (0 events):
No events

Dll operation events (9 events):
Event: 0.015 Loaded shared library C:\Program Files\Java\jdk-20\bin\java.dll
Event: 0.036 Loaded shared library C:\Program Files\Java\jdk-20\bin\jsvml.dll
Event: 0.087 Loaded shared library C:\Program Files\Java\jdk-20\bin\net.dll
Event: 0.089 Loaded shared library C:\Program Files\Java\jdk-20\bin\nio.dll
Event: 0.108 Loaded shared library C:\Program Files\Java\jdk-20\bin\zip.dll
Event: 0.124 Loaded shared library C:\Program Files\Java\jdk-20\bin\jimage.dll
Event: 0.147 Loaded shared library C:\Program Files\Java\jdk-20\bin\awt.dll
Event: 0.624 Loaded shared library C:\Program Files\Java\jdk-20\bin\freetype.dll
Event: 0.626 Loaded shared library C:\Program Files\Java\jdk-20\bin\fontmanager.dll

Deoptimization events (20 events):
Event: 0.530 Thread 0x000001f8579ebf90 DEOPT PACKING pc=0x000001f800135029 sp=0x000000e3ed7fec10
Event: 0.530 Thread 0x000001f8579ebf90 DEOPT UNPACKING pc=0x000001f80759e462 sp=0x000000e3ed7fe0a0 mode 0
Event: 0.559 Thread 0x000001f8579ebf90 DEOPT PACKING pc=0x000001f800122bfd sp=0x000000e3ed7fee10
Event: 0.559 Thread 0x000001f8579ebf90 DEOPT UNPACKING pc=0x000001f80759e462 sp=0x000000e3ed7fe440 mode 0
Event: 0.563 Thread 0x000001f8579ebf90 Uncommon trap: trap_request=0xffffff45 fr.pc=0x000001f807b0a878 relative=0x0000000000000258
Event: 0.563 Thread 0x000001f8579ebf90 Uncommon trap: reason=unstable_if action=reinterpret pc=0x000001f807b0a878 method=sun.awt.image.ImageRepresentation.getOpaqueRGBImage()Ljava/awt/image/BufferedImage; @ 57 c2
Event: 0.563 Thread 0x000001f8579ebf90 DEOPT PACKING pc=0x000001f807b0a878 sp=0x000000e3ed7fee90
Event: 0.563 Thread 0x000001f8579ebf90 DEOPT UNPACKING pc=0x000001f80754d2a2 sp=0x000000e3ed7fedf0 mode 2
Event: 0.584 Thread 0x000001f856f8f740 Uncommon trap: trap_request=0xffffff45 fr.pc=0x000001f807b0d1c4 relative=0x0000000000000144
Event: 0.584 Thread 0x000001f856f8f740 Uncommon trap: reason=unstable_if action=reinterpret pc=0x000001f807b0d1c4 method=java.util.concurrent.locks.ReentrantLock$NonfairSync.initialTryLock()Z @ 10 c2
Event: 0.584 Thread 0x000001f856f8f740 DEOPT PACKING pc=0x000001f807b0d1c4 sp=0x000000e3ed6fd670
Event: 0.584 Thread 0x000001f856f8f740 DEOPT UNPACKING pc=0x000001f80754d2a2 sp=0x000000e3ed6fd618 mode 2
Event: 0.586 Thread 0x000001f856f8f740 Uncommon trap: trap_request=0xffffff45 fr.pc=0x000001f807b0e4cc relative=0x00000000000000cc
Event: 0.586 Thread 0x000001f856f8f740 Uncommon trap: reason=unstable_if action=reinterpret pc=0x000001f807b0e4cc method=java.util.concurrent.locks.ReentrantLock$Sync.tryRelease(I)Z @ 26 c2
Event: 0.586 Thread 0x000001f856f8f740 DEOPT PACKING pc=0x000001f807b0e4cc sp=0x000000e3ed6fd670
Event: 0.586 Thread 0x000001f856f8f740 DEOPT UNPACKING pc=0x000001f80754d2a2 sp=0x000000e3ed6fd610 mode 2
Event: 0.647 Thread 0x000001f874c14d40 Uncommon trap: trap_request=0xffffff45 fr.pc=0x000001f807afd348 relative=0x00000000000001c8
Event: 0.647 Thread 0x000001f874c14d40 Uncommon trap: reason=unstable_if action=reinterpret pc=0x000001f807afd348 method=java.lang.StringUTF16.compress([CI[BII)I @ 20 c2
Event: 0.648 Thread 0x000001f874c14d40 DEOPT PACKING pc=0x000001f807afd348 sp=0x000000e3ec1fdf20
Event: 0.648 Thread 0x000001f874c14d40 DEOPT UNPACKING pc=0x000001f80754d2a2 sp=0x000000e3ec1fde90 mode 2

Classes loaded (20 events):
Event: 0.802 Loading class javax/swing/Scrollable done
Event: 0.802 Loading class javax/swing/text/JTextComponent done
Event: 0.805 Loading class java/awt/KeyboardFocusManager$3
Event: 0.806 Loading class java/awt/KeyboardFocusManager$3 done
Event: 0.819 Loading class sun/awt/im/CompositionAreaHandler
Event: 0.819 Loading class sun/awt/im/CompositionAreaHandler done
Event: 0.819 Loading class java/text/AttributedString
Event: 0.819 Loading class java/text/AttributedString done
Event: 0.819 Loading class java/text/AttributedString$AttributedStringIterator
Event: 0.819 Loading class java/text/AttributedCharacterIterator
Event: 0.819 Loading class java/text/CharacterIterator
Event: 0.819 Loading class java/text/CharacterIterator done
Event: 0.819 Loading class java/text/AttributedCharacterIterator done
Event: 0.819 Loading class java/text/AttributedString$AttributedStringIterator done
Event: 0.819 Loading class java/awt/event/ContainerEvent
Event: 0.820 Loading class java/awt/event/ContainerEvent done
Event: 0.820 Loading class java/applet/Applet
Event: 0.820 Loading class java/awt/Panel
Event: 0.820 Loading class java/awt/Panel done
Event: 0.820 Loading class java/applet/Applet done

Classes unloaded (0 events):
No events

Classes redefined (0 events):
No events

Internal exceptions (15 events):
Event: 0.090 Thread 0x000001f874c14d40 Exception <a 'sun/nio/fs/WindowsException'{0x000000008d4438b8}> (0x000000008d4438b8) 
thrown [s\open\src\hotspot\share\prims\jni.cpp, line 519]
Event: 0.091 Thread 0x000001f874c14d40 Exception <a 'sun/nio/fs/WindowsException'{0x000000008d445e00}> (0x000000008d445e00) 
thrown [s\open\src\hotspot\share\prims\jni.cpp, line 519]
Event: 0.092 Thread 0x000001f874c14d40 Exception <a 'sun/nio/fs/WindowsException'{0x000000008d4468f8}> (0x000000008d4468f8) 
thrown [s\open\src\hotspot\share\prims\jni.cpp, line 519]
Event: 0.129 Thread 0x000001f874c14d40 Exception <a 'java/lang/ClassNotFoundException'{0x000000008d390d68}: sun/awt/resources/spi/awtProvider> (0x000000008d390d68) 
thrown [s\open\src\hotspot\share\classfile\systemDictionary.cpp, line 305]
Event: 0.159 Thread 0x000001f874c14d40 Exception <a 'java/io/FileNotFoundException'{0x000000008d3e7430}> (0x000000008d3e7430) 
thrown [s\open\src\hotspot\share\prims\jni.cpp, line 519]
Event: 0.165 Thread 0x000001f874c14d40 Exception <a 'java/io/FileNotFoundException'{0x000000008d211b68}> (0x000000008d211b68) 
thrown [s\open\src\hotspot\share\prims\jni.cpp, line 519]
Event: 0.256 Thread 0x000001f874c14d40 Exception <a 'java/lang/NoSuchMethodError'{0x000000008d1325c8}: 'void java.lang.invoke.DirectMethodHandle$Holder.invokeSpecial(java.lang.Object, java.lang.Object, java.lang.Object)'> (0x000000008d1325c8) 
thrown [s\open\src\hotspot\share\interpreter\linkResolver.cpp, line 773]
Event: 0.265 Thread 0x000001f874c14d40 Exception <a 'java/lang/NoSuchMethodError'{0x000000008d15ccd8}: 'java.lang.Object java.lang.invoke.DirectMethodHandle$Holder.newInvokeSpecial(java.lang.Object, java.lang.Object, java.lang.Object, java.lang.Object, java.lang.Object)'> (0x000000008d15ccd8) 
thrown [s\open\src\hotspot\share\interpreter\linkResolver.cpp, line 773]
Event: 0.274 Thread 0x000001f874c14d40 Exception <a 'java/lang/NoSuchMethodError'{0x000000008d18d8b0}: 'java.lang.Object java.lang.invoke.DirectMethodHandle$Holder.invokeStatic(java.lang.Object, int, java.lang.Object)'> (0x000000008d18d8b0) 
thrown [s\open\src\hotspot\share\interpreter\linkResolver.cpp, line 773]
Event: 0.310 Thread 0x000001f874c14d40 Exception <a 'java/lang/ClassNotFoundException'{0x000000008d048bd8}: com/sun/swing/internal/plaf/metal/resources/spi/metalProvider> (0x000000008d048bd8) 
thrown [s\open\src\hotspot\share\classfile\systemDictionary.cpp, line 305]
Event: 0.312 Thread 0x000001f874c14d40 Exception <a 'java/lang/ClassNotFoundException'{0x000000008d04cae8}: com/sun/swing/internal/plaf/basic/resources/spi/basicProvider> (0x000000008d04cae8) 
thrown [s\open\src\hotspot\share\classfile\systemDictionary.cpp, line 305]
Event: 0.320 Thread 0x000001f874c14d40 Exception <a 'java/lang/NoSuchMethodError'{0x000000008d06bcb8}: 'int java.lang.invoke.Invokers$Holder.invokeExact_MT(java.lang.Object, java.lang.Object)'> (0x000000008d06bcb8) 
thrown [s\open\src\hotspot\share\interpreter\linkResolver.cpp, line 773]
Event: 0.407 Thread 0x000001f8579ebf90 Exception <a 'java/lang/NoSuchMethodError'{0x000000008ce9fea8}: 'java.lang.Object java.lang.invoke.DirectMethodHandle$Holder.newInvokeSpecial(java.lang.Object, java.lang.Object, java.lang.Object, int, int, int, int, int)'> (0x000000008ce9fea8) 
thrown [s\open\src\hotspot\share\interpreter\linkResolver.cpp, line 773]
Event: 0.588 Thread 0x000001f856f8f740 Exception <a 'java/lang/NoSuchMethodError'{0x000000008d2fc170}: 'void java.lang.invoke.DirectMethodHandle$Holder.invokeVirtual(java.lang.Object, java.lang.Object)'> (0x000000008d2fc170) 
thrown [s\open\src\hotspot\share\interpreter\linkResolver.cpp, line 773]
Event: 0.612 Thread 0x000001f874c14d40 Exception <a 'java/lang/NoSuchMethodError'{0x000000008d09c150}: 'void java.lang.invoke.DirectMethodHandle$Holder.invokeStaticInit(java.lang.Object)'> (0x000000008d09c150) 
thrown [s\open\src\hotspot\share\interpreter\linkResolver.cpp, line 773]

VM Operations (10 events):
Event: 0.092 Executing VM operation: HandshakeAllThreads
Event: 0.092 Executing VM operation: HandshakeAllThreads done
Event: 0.171 Executing VM operation: HandshakeAllThreads
Event: 0.171 Executing VM operation: HandshakeAllThreads done
Event: 0.323 Executing VM operation: HandshakeAllThreads
Event: 0.323 Executing VM operation: HandshakeAllThreads done
Event: 0.382 Executing VM operation: HandshakeAllThreads
Event: 0.382 Executing VM operation: HandshakeAllThreads done
Event: 0.491 Executing VM operation: HandshakeAllThreads
Event: 0.491 Executing VM operation: HandshakeAllThreads done

Events (19 events):
Event: 0.036 Thread 0x000001f874c14d40 Thread added: 0x000001f874c14d40
Event: 0.051 Thread 0x000001f811915ef0 Thread added: 0x000001f811915ef0
Event: 0.051 Thread 0x000001f811916be0 Thread added: 0x000001f811916be0
Event: 0.051 Thread 0x000001f811919f30 Thread added: 0x000001f811919f30
Event: 0.052 Thread 0x000001f81191aa90 Thread added: 0x000001f81191aa90
Event: 0.052 Thread 0x000001f81193da10 Thread added: 0x000001f81193da10
Event: 0.052 Thread 0x000001f811941800 Thread added: 0x000001f811941800
Event: 0.052 Thread 0x000001f811942470 Thread added: 0x000001f811942470
Event: 0.053 Thread 0x000001f811943590 Thread added: 0x000001f811943590
Event: 0.072 Thread 0x000001f856cde360 Thread added: 0x000001f856cde360
Event: 0.102 Thread 0x000001f856daa040 Thread added: 0x000001f856daa040
Event: 0.105 Thread 0x000001f856dd77d0 Thread added: 0x000001f856dd77d0
Event: 0.210 Thread 0x000001f856f876d0 Thread added: 0x000001f856f876d0
Event: 0.214 Thread 0x000001f856f8a6e0 Thread added: 0x000001f856f8a6e0
Event: 0.217 Thread 0x000001f856f8f740 Thread added: 0x000001f856f8f740
Event: 0.331 Thread 0x000001f8579ebf90 Thread added: 0x000001f8579ebf90
Event: 0.586 Thread 0x000001f857a3e460 Thread added: 0x000001f857a3e460
Event: 0.715 Thread 0x000001f874c14d40 Thread exited: 0x000001f874c14d40
Event: 0.715 Thread 0x000001f874c14d40 Thread added: 0x000001f874c14d40


Dynamic libraries:
0x00007ff792a40000 - 0x00007ff792a50000 	C:\Program Files\Java\jdk-20\bin\java.exe
0x00007ffd15f10000 - 0x00007ffd16124000 	C:\windows\SYSTEM32\ntdll.dll
0x00007ffd14210000 - 0x00007ffd142d4000 	C:\windows\System32\KERNEL32.DLL
0x00007ffd138f0000 - 0x00007ffd13c94000 	C:\windows\System32\KERNELBASE.dll
0x00007ffd137d0000 - 0x00007ffd138e1000 	C:\windows\System32\ucrtbase.dll
0x00007ffcd8610000 - 0x00007ffcd8629000 	C:\Program Files\Java\jdk-20\bin\jli.dll
0x00007ffcef7f0000 - 0x00007ffcef80b000 	C:\Program Files\Java\jdk-20\bin\VCRUNTIME140.dll
0x00007ffd14c40000 - 0x00007ffd14cf0000 	C:\windows\System32\ADVAPI32.dll
0x00007ffd14a60000 - 0x00007ffd14b07000 	C:\windows\System32\msvcrt.dll
0x00007ffd15950000 - 0x00007ffd159f6000 	C:\windows\System32\sechost.dll
0x00007ffd143e0000 - 0x00007ffd144f7000 	C:\windows\System32\RPCRT4.dll
0x00007ffd15ad0000 - 0x00007ffd15c7e000 	C:\windows\System32\USER32.dll
0x00007ffd134d0000 - 0x00007ffd134f6000 	C:\windows\System32\win32u.dll
0x00007ffd15a00000 - 0x00007ffd15a29000 	C:\windows\System32\GDI32.dll
0x00007ffd13500000 - 0x00007ffd13618000 	C:\windows\System32\gdi32full.dll
0x00007ffcf0bd0000 - 0x00007ffcf0e63000 	C:\windows\WinSxS\amd64_microsoft.windows.common-controls_6595b64144ccf1df_6.0.22621.2215_none_270d72677387dfc3\COMCTL32.dll
0x00007ffd132c0000 - 0x00007ffd1335a000 	C:\windows\System32\msvcp_win.dll
0x00007ffd0a830000 - 0x00007ffd0a83a000 	C:\windows\SYSTEM32\VERSION.dll
0x00007ffd14e10000 - 0x00007ffd14e41000 	C:\windows\System32\IMM32.DLL
0x00007ffcebe80000 - 0x00007ffcebe8c000 	C:\Program Files\Java\jdk-20\bin\vcruntime140_1.dll
0x00007ffcd1280000 - 0x00007ffcd130e000 	C:\Program Files\Java\jdk-20\bin\msvcp140.dll
0x00007ffc53600000 - 0x00007ffc54298000 	C:\Program Files\Java\jdk-20\bin\server\jvm.dll
0x00007ffcef650000 - 0x00007ffcef659000 	C:\windows\SYSTEM32\WSOCK32.dll
0x00007ffd15730000 - 0x00007ffd157a1000 	C:\windows\System32\WS2_32.dll
0x00007ffd0a150000 - 0x00007ffd0a184000 	C:\windows\SYSTEM32\WINMM.dll
0x00007ffd123b0000 - 0x00007ffd123c8000 	C:\windows\SYSTEM32\kernel.appcore.dll
0x00007ffce7d30000 - 0x00007ffce7d3a000 	C:\Program Files\Java\jdk-20\bin\jimage.dll
0x00007ffd108a0000 - 0x00007ffd10ace000 	C:\windows\SYSTEM32\DBGHELP.DLL
0x00007ffd14500000 - 0x00007ffd1488a000 	C:\windows\System32\combase.dll
0x00007ffd14b60000 - 0x00007ffd14c37000 	C:\windows\System32\OLEAUT32.dll
0x00007ffcfe910000 - 0x00007ffcfe942000 	C:\windows\SYSTEM32\dbgcore.DLL
0x00007ffd13620000 - 0x00007ffd1369a000 	C:\windows\System32\bcryptPrimitives.dll
0x00007ffce7370000 - 0x00007ffce7396000 	C:\Program Files\Java\jdk-20\bin\java.dll
0x00007ffcbc1f0000 - 0x00007ffcbc2c7000 	C:\Program Files\Java\jdk-20\bin\jsvml.dll
0x00007ffd14e50000 - 0x00007ffd15673000 	C:\windows\System32\SHELL32.dll
0x00007ffd11210000 - 0x00007ffd11afa000 	C:\windows\SYSTEM32\windows.storage.dll
0x00007ffd110d0000 - 0x00007ffd1120e000 	C:\windows\SYSTEM32\wintypes.dll
0x00007ffd15c80000 - 0x00007ffd15d73000 	C:\windows\System32\SHCORE.dll
0x00007ffd14db0000 - 0x00007ffd14e0e000 	C:\windows\System32\shlwapi.dll
0x00007ffd131f0000 - 0x00007ffd13216000 	C:\windows\SYSTEM32\profapi.dll
0x00007ffce6f10000 - 0x00007ffce6f23000 	C:\Program Files\Java\jdk-20\bin\net.dll
0x00007ffd0b1f0000 - 0x00007ffd0b327000 	C:\windows\SYSTEM32\WINHTTP.dll
0x00007ffd12880000 - 0x00007ffd128e9000 	C:\windows\system32\mswsock.dll
0x00007ffce5f90000 - 0x00007ffce5fa6000 	C:\Program Files\Java\jdk-20\bin\nio.dll
0x00007ffce5f70000 - 0x00007ffce5f88000 	C:\Program Files\Java\jdk-20\bin\zip.dll
0x00007ffc55e80000 - 0x00007ffc56011000 	C:\Program Files\Java\jdk-20\bin\awt.dll
0x00007ffd10080000 - 0x00007ffd10117000 	C:\windows\SYSTEM32\apphelp.dll
0x00007ffd10400000 - 0x00007ffd1042b000 	C:\windows\system32\DWMAPI.DLL
0x00007ffd10180000 - 0x00007ffd1022b000 	C:\windows\system32\uxtheme.dll
0x00007ffce11b0000 - 0x00007ffce12b0000 	C:\windows\system32\opengl32.dll
0x00007ffce1140000 - 0x00007ffce116d000 	C:\windows\SYSTEM32\GLU32.dll
0x00007ffd10680000 - 0x00007ffd106b8000 	C:\windows\SYSTEM32\dxcore.dll
0x00007ffd15d80000 - 0x00007ffd15ec9000 	C:\windows\System32\MSCTF.dll
0x00007ffd157b0000 - 0x00007ffd1594e000 	C:\windows\System32\ole32.dll
0x00007ffcd11f0000 - 0x00007ffcd1276000 	C:\Program Files\Java\jdk-20\bin\freetype.dll
0x00007ffc94ce0000 - 0x00007ffc94db3000 	C:\Program Files\Java\jdk-20\bin\fontmanager.dll
0x00007ffcf4570000 - 0x00007ffcf46b4000 	C:\windows\SYSTEM32\textinputframework.dll
0x00007ffd0fda0000 - 0x00007ffd0fed3000 	C:\windows\SYSTEM32\CoreMessaging.dll
0x00007ffd05e20000 - 0x00007ffd0618c000 	C:\windows\SYSTEM32\CoreUIComponents.dll
0x00007ffd12af0000 - 0x00007ffd12afc000 	C:\windows\SYSTEM32\CRYPTBASE.DLL

dbghelp: loaded successfully - version: 4.0.5 - missing functions: none
symbol engine: initialized successfully - sym options: 0x614 - pdb path: .;C:\Program Files\Java\jdk-20\bin;C:\windows\SYSTEM32;C:\windows\WinSxS\amd64_microsoft.windows.common-controls_6595b64144ccf1df_6.0.22621.2215_none_270d72677387dfc3;C:\Program Files\Java\jdk-20\bin\server

VM Arguments:
jvm_args: -Dfile.encoding=UTF-8 --module-path=C:\Users\yashj\OneDrive\Documents\NetBeansProjects\farmerbuddy\build\classes 
java_command: farmerbuddy.Chernozemsoil1
java_class_path (initial): C:\Users\yashj\Downloads\mysql-connector-java-8.0.28.jar;C:\Users\yashj\OneDrive\Documents\NetBeansProjects\farmerbuddy\build\classes
Launcher Type: SUN_STANDARD

[Global flags]
     intx CICompilerCount                          = 4                                         {product} {ergonomic}
     uint ConcGCThreads                            = 3                                         {product} {ergonomic}
     uint G1ConcRefinementThreads                  = 10                                        {product} {ergonomic}
   size_t G1HeapRegionSize                         = 1048576                                   {product} {ergonomic}
    uintx GCDrainStackTargetSize                   = 64                                        {product} {ergonomic}
   size_t InitialHeapSize                          = 130023424                                 {product} {ergonomic}
   size_t MarkStackSize                            = 4194304                                   {product} {ergonomic}
   size_t MaxHeapSize                              = 2053111808                                {product} {ergonomic}
   size_t MaxNewSize                               = 1231028224                                {product} {ergonomic}
   size_t MinHeapDeltaBytes                        = 1048576                                   {product} {ergonomic}
   size_t MinHeapSize                              = 8388608                                   {product} {ergonomic}
    uintx NonNMethodCodeHeapSize                   = 5839372                                {pd product} {ergonomic}
    uintx NonProfiledCodeHeapSize                  = 122909434                              {pd product} {ergonomic}
    uintx ProfiledCodeHeapSize                     = 122909434                              {pd product} {ergonomic}
    uintx ReservedCodeCacheSize                    = 251658240                              {pd product} {ergonomic}
     bool SegmentedCodeCache                       = true                                      {product} {ergonomic}
   size_t SoftMaxHeapSize                          = 2053111808                             {manageable} {ergonomic}
     bool UseCompressedClassPointers               = true                           {product lp64_product} {ergonomic}
     bool UseCompressedOops                        = true                           {product lp64_product} {ergonomic}
     bool UseG1GC                                  = true                                      {product} {ergonomic}
     bool UseLargePagesIndividualAllocation        = false                                  {pd product} {ergonomic}

Logging:
Log output configuration:
 #0: stdout all=warning uptime,level,tags foldmultilines=false
 #1: stderr all=off uptime,level,tags foldmultilines=false

Environment Variables:
PATH=C:\Program Files\Common Files\Oracle\Java\javapath;C:\windows\system32;C:\windows;C:\windows\System32\Wbem;C:\windows\System32\WindowsPowerShell\v1.0\;C:\windows\System32\OpenSSH\;C:\Program Files (x86)\NVIDIA Corporation\PhysX\Common;C:\Program Files\NVIDIA Corporation\NVIDIA NvDLISR;C:\Program Files\MySQL\MySQL Shell 8.0\bin\;C:\Users\yashj\AppData\Local\Microsoft\WindowsApps;;C:\Program Files\JetBrains\IntelliJ IDEA Community Edition 2023.1.4\bin;;C:\Users\yashj\AppData\Local\Programs\Microsoft VS Code\bin
USERNAME=yashj
OS=Windows_NT
PROCESSOR_IDENTIFIER=Intel64 Family 6 Model 141 Stepping 1, GenuineIntel
TMP=C:\Users\yashj\AppData\Local\Temp
TEMP=C:\Users\yashj\AppData\Local\Temp




---------------  S Y S T E M  ---------------

OS:
 Windows 11 , 64 bit Build 22621 (10.0.22621.2215)
OS uptime: 7 days 4:42 hours
Hyper-V role detected

CPU: total 12 (initial active 12) (6 cores per cpu, 2 threads per core) family 6 model 141 stepping 1 microcode 0x46, cx8, cmov, fxsr, ht, mmx, 3dnowpref, sse, sse2, sse3, ssse3, sse4.1, sse4.2, popcnt, lzcnt, tsc, tscinvbit, avx, avx2, aes, erms, clmul, bmi1, bmi2, adx, avx512f, avx512dq, avx512cd, avx512bw, avx512vl, sha, fma, vzeroupper, avx512_vpopcntdq, avx512_vpclmulqdq, avx512_vaes, avx512_vnni, clflush, clflushopt, clwb, avx512_vbmi2, avx512_vbmi, hv, rdtscp, rdpid, fsrm, gfni, avx512_bitalg, f16c, cet_ibt, cet_ss, avx512_ifma

Memory: 4k page, system-wide physical 7830M (386M free)
TotalPageFile size 31382M (AvailPageFile size 4M)
current process WorkingSet (physical memory assigned to process): 119M, peak: 122M
current process commit charge ("private bytes"): 250M, peak: 253M

vm_info: Java HotSpot(TM) 64-Bit Server VM (20.0.2+9-78) for windows-amd64 JRE (20.0.2+9-78), built on 2023-06-14T10:08:48Z by "mach5one" with MS VC++ 17.1 (VS2022)

END.
