#
# There is insufficient memory for the Java Runtime Environment to continue.
# Native memory allocation (malloc) failed to allocate 952496 bytes for Chunk::new
# Possible reasons:
#   The system is out of physical RAM or swap space
#   The process is running with CompressedOops enabled, and the Java Heap may be blocking the growth of the native heap
# Possible solutions:
#   Reduce memory load on the system
#   Increase physical memory or swap space
#   Check if swap backing store is full
#   Decrease Java heap size (-Xmx/-Xms)
#   Decrease number of Java threads
#   Decrease Java thread stack sizes (-Xss)
#   Set larger code cache with -XX:ReservedCodeCacheSize=
#   JVM is running with Unscaled Compressed Oops mode in which the Java heap is
#     placed in the first 4GB address space. The Java Heap base address is the
#     maximum limit for the native heap growth. Please use -XX:HeapBaseMinAddress
#     to set the Java Heap base and to place the Java Heap above 4GB virtual address.
# This output file may be truncated or incomplete.
#
#  Out of Memory Error (arena.cpp:184), pid=27752, tid=20452
#
# JRE version: Java(TM) SE Runtime Environment (20.0.2+9) (build 20.0.2+9-78)
# Java VM: Java HotSpot(TM) 64-Bit Server VM (20.0.2+9-78, mixed mode, sharing, tiered, compressed oops, compressed class ptrs, g1 gc, windows-amd64)
# No core dump will be written. Minidumps are not enabled by default on client versions of Windows
#

---------------  S U M M A R Y ------------

Command Line: -Dfile.encoding=UTF-8 --module-path=C:\Users\yashj\OneDrive\Documents\NetBeansProjects\farmerbuddy\build\classes farmerbuddy.Chernozemsoil1

Host: 11th Gen Intel(R) Core(TM) i5-11400H @ 2.70GHz, 12 cores, 7G,  Windows 11 , 64 bit Build 22621 (10.0.22621.2215)
Time: Mon Oct 23 00:04:37 2023 India Standard Time elapsed time: 3.974179 seconds (0d 0h 0m 3s)

---------------  T H R E A D  ---------------

Current thread (0x0000018c6c643360):  JavaThread "C2 CompilerThread1" daemon [_thread_in_native, id=20452, stack(0x0000000be6800000,0x0000000be6900000)]


Current CompileTask:
C2:   3974 1010 % !   4       sun.awt.image.ImageRepresentation::getOpaqueRGBImage @ 54 (164 bytes)

Stack: [0x0000000be6800000,0x0000000be6900000]
Native frames: (J=compiled Java code, j=interpreted, Vv=VM code, C=native code)
V  [jvm.dll+0x6bc25a]
V  [jvm.dll+0x84971a]
V  [jvm.dll+0x84b315]
V  [jvm.dll+0x84ba13]
V  [jvm.dll+0x280e4f]
V  [jvm.dll+0xc2ab1]
V  [jvm.dll+0xc2dd5]
V  [jvm.dll+0x3bb612]
V  [jvm.dll+0x385b75]
V  [jvm.dll+0x384fea]
V  [jvm.dll+0x24b529]
V  [jvm.dll+0x24a921]
V  [jvm.dll+0x1ce761]
V  [jvm.dll+0x25a0eb]
V  [jvm.dll+0x2587c0]
V  [jvm.dll+0x3f2dd5]
V  [jvm.dll+0x7f5c76]
V  [jvm.dll+0x6baecb]
C  [ucrtbase.dll+0x29363]
C  [KERNEL32.DLL+0x1257d]
C  [ntdll.dll+0x5aa68]


---------------  P R O C E S S  ---------------

Threads class SMR info:
_java_thread_list=0x0000018c6d1e96c0, length=18, elements={
0x0000018c675e22b0, 0x0000018c675e2d50, 0x0000018c675e5e50, 0x0000018c675e6e90,
0x0000018c675e96d0, 0x0000018c675ef7e0, 0x0000018c675f3bc0, 0x0000018c675f10a0,
0x0000018c675adba0, 0x0000018c6b9d4050, 0x0000018c6bbac780, 0x0000018c6bbdd580,
0x0000018c6bbe07b0, 0x0000018c6bf4e010, 0x0000018c6c15da30, 0x0000018c4a924950,
0x0000018c6c522240, 0x0000018c6c643360
}

Java Threads: ( => current thread )
  0x0000018c675e22b0 JavaThread "Reference Handler" daemon [_thread_blocked, id=32620, stack(0x0000000be4f00000,0x0000000be5000000)]
  0x0000018c675e2d50 JavaThread "Finalizer" daemon [_thread_blocked, id=31776, stack(0x0000000be5000000,0x0000000be5100000)]
  0x0000018c675e5e50 JavaThread "Signal Dispatcher" daemon [_thread_blocked, id=32124, stack(0x0000000be5100000,0x0000000be5200000)]
  0x0000018c675e6e90 JavaThread "Attach Listener" daemon [_thread_blocked, id=20336, stack(0x0000000be5200000,0x0000000be5300000)]
  0x0000018c675e96d0 JavaThread "Service Thread" daemon [_thread_blocked, id=6400, stack(0x0000000be5300000,0x0000000be5400000)]
  0x0000018c675ef7e0 JavaThread "Monitor Deflation Thread" daemon [_thread_blocked, id=32496, stack(0x0000000be5400000,0x0000000be5500000)]
  0x0000018c675f3bc0 JavaThread "C2 CompilerThread0" daemon [_thread_in_native, id=31532, stack(0x0000000be5500000,0x0000000be5600000)]
  0x0000018c675f10a0 JavaThread "C1 CompilerThread0" daemon [_thread_blocked, id=17180, stack(0x0000000be5600000,0x0000000be5700000)]
  0x0000018c675adba0 JavaThread "Common-Cleaner" daemon [_thread_blocked, id=25100, stack(0x0000000be5700000,0x0000000be5800000)]
  0x0000018c6b9d4050 JavaThread "Notification Thread" daemon [_thread_blocked, id=32304, stack(0x0000000be5800000,0x0000000be5900000)]
  0x0000018c6bbac780 JavaThread "Java2D Disposer" daemon [_thread_blocked, id=23152, stack(0x0000000be5b00000,0x0000000be5c00000)]
  0x0000018c6bbdd580 JavaThread "AWT-Shutdown" [_thread_blocked, id=30044, stack(0x0000000be5c00000,0x0000000be5d00000)]
  0x0000018c6bbe07b0 JavaThread "AWT-Windows" daemon [_thread_in_native, id=28836, stack(0x0000000be5d00000,0x0000000be5e00000)]
  0x0000018c6bf4e010 JavaThread "Image Fetcher 0" daemon [_thread_blocked, id=5036, stack(0x0000000be5e00000,0x0000000be5f00000)]
  0x0000018c6c15da30 JavaThread "AWT-EventQueue-0" [_thread_in_native, id=24468, stack(0x0000000be5f00000,0x0000000be6000000)]
  0x0000018c4a924950 JavaThread "DestroyJavaVM" [_thread_blocked, id=29148, stack(0x0000000be4800000,0x0000000be4900000)]
  0x0000018c6c522240 JavaThread "Image Fetcher 1" daemon [_thread_blocked, id=30568, stack(0x0000000be6700000,0x0000000be6800000)]
=>0x0000018c6c643360 JavaThread "C2 CompilerThread1" daemon [_thread_in_native, id=20452, stack(0x0000000be6800000,0x0000000be6900000)]

Other Threads:
  0x0000018c675c50d0 VMThread "VM Thread" [stack: 0x0000000be4e00000,0x0000000be4f00000] [id=32420]
  0x0000018c6b9eb770 WatcherThread "VM Periodic Task Thread" [stack: 0x0000000be5900000,0x0000000be5a00000] [id=23444]
  0x0000018c4a985af0 WorkerThread "GC Thread#0" [stack: 0x0000000be4900000,0x0000000be4a00000] [id=12628]
  0x0000018c6c67e790 WorkerThread "GC Thread#1" [stack: 0x0000000be5a00000,0x0000000be5b00000] [id=25964]
  0x0000018c6c67ea60 WorkerThread "GC Thread#2" [stack: 0x0000000be6000000,0x0000000be6100000] [id=10852]
  0x0000018c6c67dc50 WorkerThread "GC Thread#3" [stack: 0x0000000be6100000,0x0000000be6200000] [id=12536]
  0x0000018c6c67ed30 WorkerThread "GC Thread#4" [stack: 0x0000000be6200000,0x0000000be6300000] [id=31544]
  0x0000018c6c67f000 WorkerThread "GC Thread#5" [stack: 0x0000000be6300000,0x0000000be6400000] [id=18136]
  0x0000018c6c67e4c0 WorkerThread "GC Thread#6" [stack: 0x0000000be6400000,0x0000000be6500000] [id=31100]
  0x0000018c6c67e1f0 WorkerThread "GC Thread#7" [stack: 0x0000000be6500000,0x0000000be6600000] [id=12724]
  0x0000018c6c67f2d0 WorkerThread "GC Thread#8" [stack: 0x0000000be6600000,0x0000000be6700000] [id=28252]
  0x0000018c4a995ec0 ConcurrentGCThread "G1 Main Marker" [stack: 0x0000000be4a00000,0x0000000be4b00000] [id=24920]
  0x0000018c4a996a90 WorkerThread "G1 Conc#0" [stack: 0x0000000be4b00000,0x0000000be4c00000] [id=1204]
  0x0000018c674844e0 ConcurrentGCThread "G1 Refine#0" [stack: 0x0000000be4c00000,0x0000000be4d00000] [id=2648]
  0x0000018c67484b90 ConcurrentGCThread "G1 Service" [stack: 0x0000000be4d00000,0x0000000be4e00000] [id=13956]

Threads with active compile tasks:
C2 CompilerThread0     4005 1000   !   4       sun.awt.image.PNGImageDecoder::produceImage (1917 bytes)
C2 CompilerThread1     4005 1010 % !   4       sun.awt.image.ImageRepresentation::getOpaqueRGBImage @ 54 (164 bytes)

VM state: not at safepoint (normal execution)

VM Mutex/Monitor currently owned by a thread: None

Heap address: 0x0000000085a00000, size: 1958 MB, Compressed Oops mode: 32-bit

CDS archive(s) mapped at: [0x0000018c00000000-0x0000018c00c60000-0x0000018c00c60000), size 12976128, SharedBaseAddress: 0x0000018c00000000, ArchiveRelocationMode: 1.
Compressed class space mapped at: 0x0000018c01000000-0x0000018c41000000, reserved size: 1073741824
Narrow klass base: 0x0000018c00000000, Narrow klass shift: 0, Narrow klass range: 0x100000000

GC Precious Log:
 CardTable entry size: 512
 Card Set container configuration: InlinePtr #cards 5 size 8 Array Of Cards #cards 12 size 40 Howl #buckets 4 coarsen threshold 1843 Howl Bitmap #cards 512 size 80 coarsen threshold 460 Card regions per heap region 1 cards per card region 2048
 CPUs: 12 total, 12 available
 Memory: 7830M
 Large Page Support: Disabled
 NUMA Support: Disabled
 Compressed Oops: Enabled (32-bit)
 Heap Region Size: 1M
 Heap Min Capacity: 8M
 Heap Initial Capacity: 124M
 Heap Max Capacity: 1958M
 Pre-touch: Disabled
 Parallel Workers: 10
 Concurrent Workers: 3
 Concurrent Refinement Workers: 10
 Periodic GC: Disabled

Heap:
 garbage-first heap   total 126976K, used 45069K [0x0000000085a00000, 0x0000000100000000)
  region size 1024K, 13 young (13312K), 3 survivors (3072K)
 Metaspace       used 7108K, committed 7296K, reserved 1114112K
  class space    used 767K, committed 896K, reserved 1048576K

Heap Regions: E=young(eden), S=young(survivor), O=old, HS=humongous(starts), HC=humongous(continues), CS=collection set, F=free, OA=open archive, CA=closed archive, TAMS=top-at-mark-start, PB=parsable bottom
|   0|0x0000000085a00000, 0x0000000085b00000, 0x0000000085b00000|100%|HS|  |TAMS 0x0000000085a00000| PB 0x0000000085a00000| Complete 
|   1|0x0000000085b00000, 0x0000000085c00000, 0x0000000085c00000|100%|HC|  |TAMS 0x0000000085b00000| PB 0x0000000085b00000| Complete 
|   2|0x0000000085c00000, 0x0000000085d00000, 0x0000000085d00000|100%|HC|  |TAMS 0x0000000085c00000| PB 0x0000000085c00000| Complete 
|   3|0x0000000085d00000, 0x0000000085e00000, 0x0000000085e00000|100%|HC|  |TAMS 0x0000000085d00000| PB 0x0000000085d00000| Complete 
|   4|0x0000000085e00000, 0x0000000085f00000, 0x0000000085f00000|100%|HC|  |TAMS 0x0000000085e00000| PB 0x0000000085e00000| Complete 
|   5|0x0000000085f00000, 0x0000000086000000, 0x0000000086000000|100%|HC|  |TAMS 0x0000000085f00000| PB 0x0000000085f00000| Complete 
|   6|0x0000000086000000, 0x0000000086100000, 0x0000000086100000|100%|HC|  |TAMS 0x0000000086000000| PB 0x0000000086000000| Complete 
|   7|0x0000000086100000, 0x0000000086200000, 0x0000000086200000|100%|HS|  |TAMS 0x0000000086100000| PB 0x0000000086100000| Complete 
|   8|0x0000000086200000, 0x0000000086300000, 0x0000000086300000|100%|HC|  |TAMS 0x0000000086200000| PB 0x0000000086200000| Complete 
|   9|0x0000000086300000, 0x0000000086400000, 0x0000000086400000|100%|HC|  |TAMS 0x0000000086300000| PB 0x0000000086300000| Complete 
|  10|0x0000000086400000, 0x0000000086500000, 0x0000000086500000|100%|HC|  |TAMS 0x0000000086400000| PB 0x0000000086400000| Complete 
|  11|0x0000000086500000, 0x0000000086600000, 0x0000000086600000|100%|HC|  |TAMS 0x0000000086500000| PB 0x0000000086500000| Complete 
|  12|0x0000000086600000, 0x0000000086700000, 0x0000000086700000|100%|HS|  |TAMS 0x0000000086600000| PB 0x0000000086600000| Complete 
|  13|0x0000000086700000, 0x0000000086800000, 0x0000000086800000|100%|HC|  |TAMS 0x0000000086700000| PB 0x0000000086700000| Complete 
|  14|0x0000000086800000, 0x0000000086900000, 0x0000000086900000|100%|HC|  |TAMS 0x0000000086800000| PB 0x0000000086800000| Complete 
|  15|0x0000000086900000, 0x0000000086a00000, 0x0000000086a00000|100%|HC|  |TAMS 0x0000000086900000| PB 0x0000000086900000| Complete 
|  16|0x0000000086a00000, 0x0000000086b00000, 0x0000000086b00000|100%|HC|  |TAMS 0x0000000086a00000| PB 0x0000000086a00000| Complete 
|  17|0x0000000086b00000, 0x0000000086c00000, 0x0000000086c00000|100%|HC|  |TAMS 0x0000000086b00000| PB 0x0000000086b00000| Complete 
|  18|0x0000000086c00000, 0x0000000086d00000, 0x0000000086d00000|100%|HC|  |TAMS 0x0000000086c00000| PB 0x0000000086c00000| Complete 
|  19|0x0000000086d00000, 0x0000000086e00000, 0x0000000086e00000|100%|HC|  |TAMS 0x0000000086d00000| PB 0x0000000086d00000| Complete 
|  20|0x0000000086e00000, 0x0000000086f00000, 0x0000000086f00000|100%|HS|  |TAMS 0x0000000086e00000| PB 0x0000000086e00000| Complete 
|  21|0x0000000086f00000, 0x0000000087000000, 0x0000000087000000|100%|HC|  |TAMS 0x0000000086f00000| PB 0x0000000086f00000| Complete 
|  22|0x0000000087000000, 0x0000000087100000, 0x0000000087100000|100%|HC|  |TAMS 0x0000000087000000| PB 0x0000000087000000| Complete 
|  23|0x0000000087100000, 0x0000000087200000, 0x0000000087200000|100%|HC|  |TAMS 0x0000000087100000| PB 0x0000000087100000| Complete 
|  24|0x0000000087200000, 0x0000000087300000, 0x0000000087300000|100%|HC|  |TAMS 0x0000000087200000| PB 0x0000000087200000| Complete 
|  25|0x0000000087300000, 0x0000000087400000, 0x0000000087400000|100%|HC|  |TAMS 0x0000000087300000| PB 0x0000000087300000| Complete 
|  26|0x0000000087400000, 0x0000000087500000, 0x0000000087500000|100%|HC|  |TAMS 0x0000000087400000| PB 0x0000000087400000| Complete 
|  27|0x0000000087500000, 0x0000000087503600, 0x0000000087600000|  1%| O|  |TAMS 0x0000000087500000| PB 0x0000000087500000| Untracked 
|  28|0x0000000087600000, 0x0000000087700000, 0x0000000087700000|100%|HS|  |TAMS 0x0000000087600000| PB 0x0000000087600000| Complete 
|  29|0x0000000087700000, 0x0000000087800000, 0x0000000087800000|100%|HC|  |TAMS 0x0000000087700000| PB 0x0000000087700000| Complete 
|  30|0x0000000087800000, 0x0000000087900000, 0x0000000087900000|100%|HC|  |TAMS 0x0000000087800000| PB 0x0000000087800000| Complete 
|  31|0x0000000087900000, 0x0000000087a00000, 0x0000000087a00000|100%|HC|  |TAMS 0x0000000087900000| PB 0x0000000087900000| Complete 
|  32|0x0000000087a00000, 0x0000000087b00000, 0x0000000087b00000|100%|HC|  |TAMS 0x0000000087a00000| PB 0x0000000087a00000| Complete 
|  33|0x0000000087b00000, 0x0000000087b00000, 0x0000000087c00000|  0%| F|  |TAMS 0x0000000087b00000| PB 0x0000000087b00000| Untracked 
|  34|0x0000000087c00000, 0x0000000087c00000, 0x0000000087d00000|  0%| F|  |TAMS 0x0000000087c00000| PB 0x0000000087c00000| Untracked 
|  35|0x0000000087d00000, 0x0000000087d00000, 0x0000000087e00000|  0%| F|  |TAMS 0x0000000087d00000| PB 0x0000000087d00000| Untracked 
|  36|0x0000000087e00000, 0x0000000087e00000, 0x0000000087f00000|  0%| F|  |TAMS 0x0000000087e00000| PB 0x0000000087e00000| Untracked 
|  37|0x0000000087f00000, 0x0000000087f00000, 0x0000000088000000|  0%| F|  |TAMS 0x0000000087f00000| PB 0x0000000087f00000| Untracked 
|  38|0x0000000088000000, 0x0000000088000000, 0x0000000088100000|  0%| F|  |TAMS 0x0000000088000000| PB 0x0000000088000000| Untracked 
|  39|0x0000000088100000, 0x0000000088100000, 0x0000000088200000|  0%| F|  |TAMS 0x0000000088100000| PB 0x0000000088100000| Untracked 
|  40|0x0000000088200000, 0x0000000088200000, 0x0000000088300000|  0%| F|  |TAMS 0x0000000088200000| PB 0x0000000088200000| Untracked 
|  41|0x0000000088300000, 0x0000000088300000, 0x0000000088400000|  0%| F|  |TAMS 0x0000000088300000| PB 0x0000000088300000| Untracked 
|  42|0x0000000088400000, 0x0000000088400000, 0x0000000088500000|  0%| F|  |TAMS 0x0000000088400000| PB 0x0000000088400000| Untracked 
|  43|0x0000000088500000, 0x0000000088500000, 0x0000000088600000|  0%| F|  |TAMS 0x0000000088500000| PB 0x0000000088500000| Untracked 
|  44|0x0000000088600000, 0x0000000088600000, 0x0000000088700000|  0%| F|  |TAMS 0x0000000088600000| PB 0x0000000088600000| Untracked 
|  45|0x0000000088700000, 0x0000000088700000, 0x0000000088800000|  0%| F|  |TAMS 0x0000000088700000| PB 0x0000000088700000| Untracked 
|  46|0x0000000088800000, 0x0000000088800000, 0x0000000088900000|  0%| F|  |TAMS 0x0000000088800000| PB 0x0000000088800000| Untracked 
|  47|0x0000000088900000, 0x0000000088900000, 0x0000000088a00000|  0%| F|  |TAMS 0x0000000088900000| PB 0x0000000088900000| Untracked 
|  48|0x0000000088a00000, 0x0000000088a00000, 0x0000000088b00000|  0%| F|  |TAMS 0x0000000088a00000| PB 0x0000000088a00000| Untracked 
|  49|0x0000000088b00000, 0x0000000088b00000, 0x0000000088c00000|  0%| F|  |TAMS 0x0000000088b00000| PB 0x0000000088b00000| Untracked 
|  50|0x0000000088c00000, 0x0000000088c00000, 0x0000000088d00000|  0%| F|  |TAMS 0x0000000088c00000| PB 0x0000000088c00000| Untracked 
|  51|0x0000000088d00000, 0x0000000088d00000, 0x0000000088e00000|  0%| F|  |TAMS 0x0000000088d00000| PB 0x0000000088d00000| Untracked 
|  52|0x0000000088e00000, 0x0000000088e00000, 0x0000000088f00000|  0%| F|  |TAMS 0x0000000088e00000| PB 0x0000000088e00000| Untracked 
|  53|0x0000000088f00000, 0x0000000088f00000, 0x0000000089000000|  0%| F|  |TAMS 0x0000000088f00000| PB 0x0000000088f00000| Untracked 
|  54|0x0000000089000000, 0x0000000089000000, 0x0000000089100000|  0%| F|  |TAMS 0x0000000089000000| PB 0x0000000089000000| Untracked 
|  55|0x0000000089100000, 0x0000000089100000, 0x0000000089200000|  0%| F|  |TAMS 0x0000000089100000| PB 0x0000000089100000| Untracked 
|  56|0x0000000089200000, 0x0000000089200000, 0x0000000089300000|  0%| F|  |TAMS 0x0000000089200000| PB 0x0000000089200000| Untracked 
|  57|0x0000000089300000, 0x0000000089300000, 0x0000000089400000|  0%| F|  |TAMS 0x0000000089300000| PB 0x0000000089300000| Untracked 
|  58|0x0000000089400000, 0x0000000089400000, 0x0000000089500000|  0%| F|  |TAMS 0x0000000089400000| PB 0x0000000089400000| Untracked 
|  59|0x0000000089500000, 0x0000000089500000, 0x0000000089600000|  0%| F|  |TAMS 0x0000000089500000| PB 0x0000000089500000| Untracked 
|  60|0x0000000089600000, 0x0000000089600000, 0x0000000089700000|  0%| F|  |TAMS 0x0000000089600000| PB 0x0000000089600000| Untracked 
|  61|0x0000000089700000, 0x0000000089700000, 0x0000000089800000|  0%| F|  |TAMS 0x0000000089700000| PB 0x0000000089700000| Untracked 
|  62|0x0000000089800000, 0x0000000089800000, 0x0000000089900000|  0%| F|  |TAMS 0x0000000089800000| PB 0x0000000089800000| Untracked 
|  63|0x0000000089900000, 0x0000000089900000, 0x0000000089a00000|  0%| F|  |TAMS 0x0000000089900000| PB 0x0000000089900000| Untracked 
|  64|0x0000000089a00000, 0x0000000089a00000, 0x0000000089b00000|  0%| F|  |TAMS 0x0000000089a00000| PB 0x0000000089a00000| Untracked 
|  65|0x0000000089b00000, 0x0000000089b00000, 0x0000000089c00000|  0%| F|  |TAMS 0x0000000089b00000| PB 0x0000000089b00000| Untracked 
|  66|0x0000000089c00000, 0x0000000089c00000, 0x0000000089d00000|  0%| F|  |TAMS 0x0000000089c00000| PB 0x0000000089c00000| Untracked 
|  67|0x0000000089d00000, 0x0000000089d00000, 0x0000000089e00000|  0%| F|  |TAMS 0x0000000089d00000| PB 0x0000000089d00000| Untracked 
|  68|0x0000000089e00000, 0x0000000089e00000, 0x0000000089f00000|  0%| F|  |TAMS 0x0000000089e00000| PB 0x0000000089e00000| Untracked 
|  69|0x0000000089f00000, 0x0000000089f00000, 0x000000008a000000|  0%| F|  |TAMS 0x0000000089f00000| PB 0x0000000089f00000| Untracked 
|  70|0x000000008a000000, 0x000000008a000000, 0x000000008a100000|  0%| F|  |TAMS 0x000000008a000000| PB 0x000000008a000000| Untracked 
|  71|0x000000008a100000, 0x000000008a100000, 0x000000008a200000|  0%| F|  |TAMS 0x000000008a100000| PB 0x000000008a100000| Untracked 
|  72|0x000000008a200000, 0x000000008a200000, 0x000000008a300000|  0%| F|  |TAMS 0x000000008a200000| PB 0x000000008a200000| Untracked 
|  73|0x000000008a300000, 0x000000008a300000, 0x000000008a400000|  0%| F|  |TAMS 0x000000008a300000| PB 0x000000008a300000| Untracked 
|  74|0x000000008a400000, 0x000000008a400000, 0x000000008a500000|  0%| F|  |TAMS 0x000000008a400000| PB 0x000000008a400000| Untracked 
|  75|0x000000008a500000, 0x000000008a500000, 0x000000008a600000|  0%| F|  |TAMS 0x000000008a500000| PB 0x000000008a500000| Untracked 
|  76|0x000000008a600000, 0x000000008a600000, 0x000000008a700000|  0%| F|  |TAMS 0x000000008a600000| PB 0x000000008a600000| Untracked 
|  77|0x000000008a700000, 0x000000008a700000, 0x000000008a800000|  0%| F|  |TAMS 0x000000008a700000| PB 0x000000008a700000| Untracked 
|  78|0x000000008a800000, 0x000000008a800000, 0x000000008a900000|  0%| F|  |TAMS 0x000000008a800000| PB 0x000000008a800000| Untracked 
|  79|0x000000008a900000, 0x000000008a900000, 0x000000008aa00000|  0%| F|  |TAMS 0x000000008a900000| PB 0x000000008a900000| Untracked 
|  80|0x000000008aa00000, 0x000000008aa00000, 0x000000008ab00000|  0%| F|  |TAMS 0x000000008aa00000| PB 0x000000008aa00000| Untracked 
|  81|0x000000008ab00000, 0x000000008ab00000, 0x000000008ac00000|  0%| F|  |TAMS 0x000000008ab00000| PB 0x000000008ab00000| Untracked 
|  82|0x000000008ac00000, 0x000000008ac00000, 0x000000008ad00000|  0%| F|  |TAMS 0x000000008ac00000| PB 0x000000008ac00000| Untracked 
|  83|0x000000008ad00000, 0x000000008ad00000, 0x000000008ae00000|  0%| F|  |TAMS 0x000000008ad00000| PB 0x000000008ad00000| Untracked 
|  84|0x000000008ae00000, 0x000000008ae00000, 0x000000008af00000|  0%| F|  |TAMS 0x000000008ae00000| PB 0x000000008ae00000| Untracked 
|  85|0x000000008af00000, 0x000000008af00000, 0x000000008b000000|  0%| F|  |TAMS 0x000000008af00000| PB 0x000000008af00000| Untracked 
|  86|0x000000008b000000, 0x000000008b000000, 0x000000008b100000|  0%| F|  |TAMS 0x000000008b000000| PB 0x000000008b000000| Untracked 
|  87|0x000000008b100000, 0x000000008b100000, 0x000000008b200000|  0%| F|  |TAMS 0x000000008b100000| PB 0x000000008b100000| Untracked 
|  88|0x000000008b200000, 0x000000008b200000, 0x000000008b300000|  0%| F|  |TAMS 0x000000008b200000| PB 0x000000008b200000| Untracked 
|  89|0x000000008b300000, 0x000000008b300000, 0x000000008b400000|  0%| F|  |TAMS 0x000000008b300000| PB 0x000000008b300000| Untracked 
|  90|0x000000008b400000, 0x000000008b400000, 0x000000008b500000|  0%| F|  |TAMS 0x000000008b400000| PB 0x000000008b400000| Untracked 
|  91|0x000000008b500000, 0x000000008b500000, 0x000000008b600000|  0%| F|  |TAMS 0x000000008b500000| PB 0x000000008b500000| Untracked 
|  92|0x000000008b600000, 0x000000008b600000, 0x000000008b700000|  0%| F|  |TAMS 0x000000008b600000| PB 0x000000008b600000| Untracked 
|  93|0x000000008b700000, 0x000000008b700000, 0x000000008b800000|  0%| F|  |TAMS 0x000000008b700000| PB 0x000000008b700000| Untracked 
|  94|0x000000008b800000, 0x000000008b800000, 0x000000008b900000|  0%| F|  |TAMS 0x000000008b800000| PB 0x000000008b800000| Untracked 
|  95|0x000000008b900000, 0x000000008b900000, 0x000000008ba00000|  0%| F|  |TAMS 0x000000008b900000| PB 0x000000008b900000| Untracked 
|  96|0x000000008ba00000, 0x000000008ba00000, 0x000000008bb00000|  0%| F|  |TAMS 0x000000008ba00000| PB 0x000000008ba00000| Untracked 
|  97|0x000000008bb00000, 0x000000008bb00000, 0x000000008bc00000|  0%| F|  |TAMS 0x000000008bb00000| PB 0x000000008bb00000| Untracked 
|  98|0x000000008bc00000, 0x000000008bd00000, 0x000000008bd00000|100%| S|CS|TAMS 0x000000008bc00000| PB 0x000000008bc00000| Complete 
|  99|0x000000008bd00000, 0x000000008be00000, 0x000000008be00000|100%| S|CS|TAMS 0x000000008bd00000| PB 0x000000008bd00000| Complete 
| 100|0x000000008be00000, 0x000000008bf00000, 0x000000008bf00000|100%| S|CS|TAMS 0x000000008be00000| PB 0x000000008be00000| Complete 
| 101|0x000000008bf00000, 0x000000008bf00000, 0x000000008c000000|  0%| F|  |TAMS 0x000000008bf00000| PB 0x000000008bf00000| Untracked 
| 102|0x000000008c000000, 0x000000008c000000, 0x000000008c100000|  0%| F|  |TAMS 0x000000008c000000| PB 0x000000008c000000| Untracked 
| 103|0x000000008c100000, 0x000000008c100000, 0x000000008c200000|  0%| F|  |TAMS 0x000000008c100000| PB 0x000000008c100000| Untracked 
| 104|0x000000008c200000, 0x000000008c200000, 0x000000008c300000|  0%| F|  |TAMS 0x000000008c200000| PB 0x000000008c200000| Untracked 
| 105|0x000000008c300000, 0x000000008c300000, 0x000000008c400000|  0%| F|  |TAMS 0x000000008c300000| PB 0x000000008c300000| Untracked 
| 106|0x000000008c400000, 0x000000008c400000, 0x000000008c500000|  0%| F|  |TAMS 0x000000008c400000| PB 0x000000008c400000| Untracked 
| 107|0x000000008c500000, 0x000000008c500000, 0x000000008c600000|  0%| F|  |TAMS 0x000000008c500000| PB 0x000000008c500000| Untracked 
| 108|0x000000008c600000, 0x000000008c600000, 0x000000008c700000|  0%| F|  |TAMS 0x000000008c600000| PB 0x000000008c600000| Untracked 
| 109|0x000000008c700000, 0x000000008c700000, 0x000000008c800000|  0%| F|  |TAMS 0x000000008c700000| PB 0x000000008c700000| Untracked 
| 110|0x000000008c800000, 0x000000008c800000, 0x000000008c900000|  0%| F|  |TAMS 0x000000008c800000| PB 0x000000008c800000| Untracked 
| 111|0x000000008c900000, 0x000000008c900000, 0x000000008ca00000|  0%| F|  |TAMS 0x000000008c900000| PB 0x000000008c900000| Untracked 
| 112|0x000000008ca00000, 0x000000008ca00000, 0x000000008cb00000|  0%| F|  |TAMS 0x000000008ca00000| PB 0x000000008ca00000| Untracked 
| 113|0x000000008cb00000, 0x000000008cb00000, 0x000000008cc00000|  0%| F|  |TAMS 0x000000008cb00000| PB 0x000000008cb00000| Untracked 
| 114|0x000000008cc00000, 0x000000008ccdfb90, 0x000000008cd00000| 87%| E|  |TAMS 0x000000008cc00000| PB 0x000000008cc00000| Complete 
| 115|0x000000008cd00000, 0x000000008ce00000, 0x000000008ce00000|100%| E|CS|TAMS 0x000000008cd00000| PB 0x000000008cd00000| Complete 
| 116|0x000000008ce00000, 0x000000008cf00000, 0x000000008cf00000|100%| E|CS|TAMS 0x000000008ce00000| PB 0x000000008ce00000| Complete 
| 117|0x000000008cf00000, 0x000000008d000000, 0x000000008d000000|100%| E|CS|TAMS 0x000000008cf00000| PB 0x000000008cf00000| Complete 
| 118|0x000000008d000000, 0x000000008d100000, 0x000000008d100000|100%| E|CS|TAMS 0x000000008d000000| PB 0x000000008d000000| Complete 
| 119|0x000000008d100000, 0x000000008d200000, 0x000000008d200000|100%| E|CS|TAMS 0x000000008d100000| PB 0x000000008d100000| Complete 
| 120|0x000000008d200000, 0x000000008d300000, 0x000000008d300000|100%| E|CS|TAMS 0x000000008d200000| PB 0x000000008d200000| Complete 
| 121|0x000000008d300000, 0x000000008d400000, 0x000000008d400000|100%| E|CS|TAMS 0x000000008d300000| PB 0x000000008d300000| Complete 
| 122|0x000000008d400000, 0x000000008d500000, 0x000000008d500000|100%| E|CS|TAMS 0x000000008d400000| PB 0x000000008d400000| Complete 
| 123|0x000000008d500000, 0x000000008d600000, 0x000000008d600000|100%| E|CS|TAMS 0x000000008d500000| PB 0x000000008d500000| Complete 

Card table byte_map: [0x0000018c62330000,0x0000018c62710000] _byte_map_base: 0x0000018c61f03000

Marking Bits: (CMBitMap*) 0x0000018c4a986120
 Bits: [0x0000018c62af0000, 0x0000018c64988000)

Polling page: 0x0000018c48870000

Metaspace:

Usage:
  Non-class:      6.20 MB used.
      Class:    767.88 KB used.
       Both:      6.95 MB used.

Virtual space:
  Non-class space:       64.00 MB reserved,       6.25 MB ( 10%) committed,  1 nodes.
      Class space:        1.00 GB reserved,     896.00 KB ( <1%) committed,  1 nodes.
             Both:        1.06 GB reserved,       7.12 MB ( <1%) committed. 

Chunk freelists:
   Non-Class:  1.00 MB
       Class:  3.11 MB
        Both:  4.11 MB

MaxMetaspaceSize: unlimited
CompressedClassSpaceSize: 1.00 GB
Initial GC threshold: 21.00 MB
Current GC threshold: 21.00 MB
CDS: on
MetaspaceReclaimPolicy: balanced
 - commit_granule_bytes: 65536.
 - commit_granule_words: 8192.
 - virtual_space_node_default_size: 8388608.
 - enlarge_chunks_in_place: 1.
 - new_chunks_are_fully_committed: 0.
 - uncommit_free_chunks: 1.
 - use_allocation_guard: 0.


Internal statistics:

num_allocs_failed_limit: 0.
num_arena_births: 152.
num_arena_deaths: 0.
num_vsnodes_births: 2.
num_vsnodes_deaths: 0.
num_space_committed: 114.
num_space_uncommitted: 0.
num_chunks_returned_to_freelist: 0.
num_chunks_taken_from_freelist: 194.
num_chunk_merges: 0.
num_chunk_splits: 112.
num_chunks_enlarged: 43.
num_inconsistent_stats: 0.

CodeHeap 'non-profiled nmethods': size=120000Kb used=363Kb max_used=363Kb free=119636Kb
 bounds [0x0000018c5a4d0000, 0x0000018c5a740000, 0x0000018c61a00000]
CodeHeap 'profiled nmethods': size=120000Kb used=1625Kb max_used=1625Kb free=118375Kb
 bounds [0x0000018c52a00000, 0x0000018c52c70000, 0x0000018c59f30000]
CodeHeap 'non-nmethods': size=5760Kb used=1733Kb max_used=1774Kb free=4026Kb
 bounds [0x0000018c59f30000, 0x0000018c5a1a0000, 0x0000018c5a4d0000]
 total_blobs=1621 nmethods=1018 adapters=514
 compilation: enabled
              stopped_count=0, restarted_count=0
 full_count=0

Compilation events (20 events):
Event: 3.833 Thread 0x0000018c675f3bc0 1000   !   4       sun.awt.image.PNGImageDecoder::produceImage (1917 bytes)
Event: 3.840 Thread 0x0000018c675f10a0 1001   !   3       java.util.zip.Inflater::needsDictionary (19 bytes)
Event: 3.840 Thread 0x0000018c675f10a0 nmethod 1001 0x0000018c52b8d710 code [0x0000018c52b8d8a0, 0x0000018c52b8daa0]
Event: 3.863 Thread 0x0000018c675f10a0 1004       3       java.lang.ref.Reference::enqueueFromPending (19 bytes)
Event: 3.863 Thread 0x0000018c675f10a0 nmethod 1004 0x0000018c52b8db90 code [0x0000018c52b8dd20, 0x0000018c52b8df40]
Event: 3.863 Thread 0x0000018c675f10a0 1005       3       java.lang.ref.ReferenceQueue::enqueue0 (98 bytes)
Event: 3.864 Thread 0x0000018c675f10a0 nmethod 1005 0x0000018c52b8e010 code [0x0000018c52b8e1e0, 0x0000018c52b8e828]
Event: 3.864 Thread 0x0000018c675f10a0 1006   !   3       java.lang.ref.NativeReferenceQueue::enqueue (20 bytes)
Event: 3.864 Thread 0x0000018c675f10a0 nmethod 1006 0x0000018c52b8e910 code [0x0000018c52b8eaa0, 0x0000018c52b8ecc8]
Event: 3.879 Thread 0x0000018c675f10a0 1009 % !   3       sun.awt.image.ImageRepresentation::getOpaqueRGBImage @ 54 (164 bytes)
Event: 3.880 Thread 0x0000018c675f10a0 nmethod 1009% 0x0000018c52b8ee10 code [0x0000018c52b8f040, 0x0000018c52b8faa0]
Event: 3.894 Thread 0x0000018c675f10a0 1011       3       java.awt.image.ReplicateScaleFilter::setPixels (225 bytes)
Event: 3.895 Thread 0x0000018c675f10a0 nmethod 1011 0x0000018c52b8ff90 code [0x0000018c52b90180, 0x0000018c52b90b08]
Event: 3.895 Thread 0x0000018c6c643360 1010 % !   4       sun.awt.image.ImageRepresentation::getOpaqueRGBImage @ 54 (164 bytes)
Event: 3.940 Thread 0x0000018c675f10a0 1015       3       java.awt.Component::getContainer (5 bytes)
Event: 3.940 Thread 0x0000018c675f10a0 nmethod 1015 0x0000018c52b90f10 code [0x0000018c52b910a0, 0x0000018c52b911c8]
Event: 3.940 Thread 0x0000018c675f10a0 1013       3       java.awt.Component::checkTreeLock (21 bytes)
Event: 3.940 Thread 0x0000018c675f10a0 nmethod 1013 0x0000018c52b91290 code [0x0000018c52b91440, 0x0000018c52b916d8]
Event: 3.941 Thread 0x0000018c675f10a0 1016       3       java.awt.Component::isValid (20 bytes)
Event: 3.941 Thread 0x0000018c675f10a0 nmethod 1016 0x0000018c52b91810 code [0x0000018c52b919a0, 0x0000018c52b91b48]

GC Heap History (2 events):
Event: 3.852 GC heap before
{Heap before GC invocations=0 (full 0):
 garbage-first heap   total 126976K, used 51200K [0x0000000085a00000, 0x0000000100000000)
  region size 1024K, 23 young (23552K), 0 survivors (0K)
 Metaspace       used 7100K, committed 7296K, reserved 1114112K
  class space    used 767K, committed 896K, reserved 1048576K
}
Event: 3.862 GC heap after
{Heap after GC invocations=1 (full 0):
 garbage-first heap   total 126976K, used 30733K [0x0000000085a00000, 0x0000000100000000)
  region size 1024K, 3 young (3072K), 3 survivors (3072K)
 Metaspace       used 7100K, committed 7296K, reserved 1114112K
  class space    used 767K, committed 896K, reserved 1048576K
}

Dll operation events (9 events):
Event: 0.014 Loaded shared library C:\Program Files\Java\jdk-20\bin\java.dll
Event: 0.039 Loaded shared library C:\Program Files\Java\jdk-20\bin\jsvml.dll
Event: 0.085 Loaded shared library C:\Program Files\Java\jdk-20\bin\net.dll
Event: 0.088 Loaded shared library C:\Program Files\Java\jdk-20\bin\nio.dll
Event: 0.112 Loaded shared library C:\Program Files\Java\jdk-20\bin\zip.dll
Event: 0.131 Loaded shared library C:\Program Files\Java\jdk-20\bin\jimage.dll
Event: 0.144 Loaded shared library C:\Program Files\Java\jdk-20\bin\awt.dll
Event: 0.640 Loaded shared library C:\Program Files\Java\jdk-20\bin\freetype.dll
Event: 0.641 Loaded shared library C:\Program Files\Java\jdk-20\bin\fontmanager.dll

Deoptimization events (20 events):
Event: 3.916 Thread 0x0000018c6bf4e010 DEOPT PACKING pc=0x0000018c52b90a29 sp=0x0000000be5efecd0
Event: 3.916 Thread 0x0000018c6bf4e010 DEOPT UNPACKING pc=0x0000018c59f9e462 sp=0x0000000be5efe160 mode 0
Event: 3.916 Thread 0x0000018c6bf4e010 DEOPT PACKING pc=0x0000018c52b90a29 sp=0x0000000be5efecd0
Event: 3.916 Thread 0x0000018c6bf4e010 DEOPT UNPACKING pc=0x0000018c59f9e462 sp=0x0000000be5efe160 mode 0
Event: 3.916 Thread 0x0000018c6bf4e010 DEOPT PACKING pc=0x0000018c52b90a29 sp=0x0000000be5efecd0
Event: 3.916 Thread 0x0000018c6bf4e010 DEOPT UNPACKING pc=0x0000018c59f9e462 sp=0x0000000be5efe160 mode 0
Event: 3.917 Thread 0x0000018c6bf4e010 DEOPT PACKING pc=0x0000018c52b90a29 sp=0x0000000be5efecd0
Event: 3.917 Thread 0x0000018c6bf4e010 DEOPT UNPACKING pc=0x0000018c59f9e462 sp=0x0000000be5efe160 mode 0
Event: 3.917 Thread 0x0000018c6bf4e010 DEOPT PACKING pc=0x0000018c52b90a29 sp=0x0000000be5efecd0
Event: 3.917 Thread 0x0000018c6bf4e010 DEOPT UNPACKING pc=0x0000018c59f9e462 sp=0x0000000be5efe160 mode 0
Event: 3.917 Thread 0x0000018c6bf4e010 DEOPT PACKING pc=0x0000018c52b90a29 sp=0x0000000be5efecd0
Event: 3.917 Thread 0x0000018c6bf4e010 DEOPT UNPACKING pc=0x0000018c59f9e462 sp=0x0000000be5efe160 mode 0
Event: 3.917 Thread 0x0000018c6bf4e010 DEOPT PACKING pc=0x0000018c52b90a29 sp=0x0000000be5efecd0
Event: 3.917 Thread 0x0000018c6bf4e010 DEOPT UNPACKING pc=0x0000018c59f9e462 sp=0x0000000be5efe160 mode 0
Event: 3.918 Thread 0x0000018c6bf4e010 DEOPT PACKING pc=0x0000018c52b90a29 sp=0x0000000be5efecd0
Event: 3.918 Thread 0x0000018c6bf4e010 DEOPT UNPACKING pc=0x0000018c59f9e462 sp=0x0000000be5efe160 mode 0
Event: 3.918 Thread 0x0000018c6bf4e010 DEOPT PACKING pc=0x0000018c52b90a29 sp=0x0000000be5efecd0
Event: 3.918 Thread 0x0000018c6bf4e010 DEOPT UNPACKING pc=0x0000018c59f9e462 sp=0x0000000be5efe160 mode 0
Event: 3.918 Thread 0x0000018c6bf4e010 DEOPT PACKING pc=0x0000018c52b90a29 sp=0x0000000be5efecd0
Event: 3.918 Thread 0x0000018c6bf4e010 DEOPT UNPACKING pc=0x0000018c59f9e462 sp=0x0000000be5efe160 mode 0

Classes loaded (20 events):
Event: 0.877 Loading class java/awt/Container$MouseEventTargetFilter
Event: 0.877 Loading class java/awt/Container$EventTargetFilter
Event: 0.877 Loading class java/awt/Container$EventTargetFilter done
Event: 0.877 Loading class java/awt/Container$MouseEventTargetFilter done
Event: 0.877 Loading class java/awt/LightweightDispatcher$1
Event: 0.877 Loading class java/awt/LightweightDispatcher$1 done
Event: 0.877 Loading class java/awt/event/AWTEventListenerProxy
Event: 0.877 Loading class java/awt/event/AWTEventListenerProxy done
Event: 0.877 Loading class java/awt/Toolkit$SelectiveAWTEventListener
Event: 0.877 Loading class java/awt/Toolkit$SelectiveAWTEventListener done
Event: 0.877 Loading class java/awt/Toolkit$ToolkitEventMulticaster
Event: 0.878 Loading class java/awt/Toolkit$ToolkitEventMulticaster done
Event: 0.878 Loading class java/awt/event/MouseWheelEvent
Event: 0.878 Loading class java/awt/event/MouseWheelEvent done
Event: 2.561 Loading class javax/swing/event/ChangeEvent
Event: 2.561 Loading class javax/swing/event/ChangeEvent done
Event: 3.767 Loading class java/awt/KeyboardFocusManager$2
Event: 3.767 Loading class java/awt/KeyboardFocusManager$2 done
Event: 3.768 Loading class sun/awt/SunToolkit$1
Event: 3.768 Loading class sun/awt/SunToolkit$1 done

Classes unloaded (0 events):
No events

Classes redefined (0 events):
No events

Internal exceptions (16 events):
Event: 0.092 Thread 0x0000018c4a924950 Exception <a 'sun/nio/fs/WindowsException'{0x000000008d4438b8}> (0x000000008d4438b8) 
thrown [s\open\src\hotspot\share\prims\jni.cpp, line 519]
Event: 0.095 Thread 0x0000018c4a924950 Exception <a 'sun/nio/fs/WindowsException'{0x000000008d445e00}> (0x000000008d445e00) 
thrown [s\open\src\hotspot\share\prims\jni.cpp, line 519]
Event: 0.095 Thread 0x0000018c4a924950 Exception <a 'sun/nio/fs/WindowsException'{0x000000008d4468f8}> (0x000000008d4468f8) 
thrown [s\open\src\hotspot\share\prims\jni.cpp, line 519]
Event: 0.135 Thread 0x0000018c4a924950 Exception <a 'java/lang/ClassNotFoundException'{0x000000008d390d38}: sun/awt/resources/spi/awtProvider> (0x000000008d390d38) 
thrown [s\open\src\hotspot\share\classfile\systemDictionary.cpp, line 305]
Event: 0.156 Thread 0x0000018c4a924950 Exception <a 'java/io/FileNotFoundException'{0x000000008d3e7310}> (0x000000008d3e7310) 
thrown [s\open\src\hotspot\share\prims\jni.cpp, line 519]
Event: 0.161 Thread 0x0000018c4a924950 Exception <a 'java/io/FileNotFoundException'{0x000000008d211b68}> (0x000000008d211b68) 
thrown [s\open\src\hotspot\share\prims\jni.cpp, line 519]
Event: 0.245 Thread 0x0000018c4a924950 Exception <a 'java/lang/NoSuchMethodError'{0x000000008d132788}: 'void java.lang.invoke.DirectMethodHandle$Holder.invokeSpecial(java.lang.Object, java.lang.Object, java.lang.Object)'> (0x000000008d132788) 
thrown [s\open\src\hotspot\share\interpreter\linkResolver.cpp, line 773]
Event: 0.254 Thread 0x0000018c4a924950 Exception <a 'java/lang/NoSuchMethodError'{0x000000008d15ce98}: 'java.lang.Object java.lang.invoke.DirectMethodHandle$Holder.newInvokeSpecial(java.lang.Object, java.lang.Object, java.lang.Object, java.lang.Object, java.lang.Object)'> (0x000000008d15ce98) 
thrown [s\open\src\hotspot\share\interpreter\linkResolver.cpp, line 773]
Event: 0.265 Thread 0x0000018c4a924950 Exception <a 'java/lang/NoSuchMethodError'{0x000000008d18d990}: 'java.lang.Object java.lang.invoke.DirectMethodHandle$Holder.invokeStatic(java.lang.Object, int, java.lang.Object)'> (0x000000008d18d990) 
thrown [s\open\src\hotspot\share\interpreter\linkResolver.cpp, line 773]
Event: 0.304 Thread 0x0000018c4a924950 Exception <a 'java/lang/ClassNotFoundException'{0x000000008d048f60}: com/sun/swing/internal/plaf/metal/resources/spi/metalProvider> (0x000000008d048f60) 
thrown [s\open\src\hotspot\share\classfile\systemDictionary.cpp, line 305]
Event: 0.304 Thread 0x0000018c4a924950 Exception <a 'java/lang/ClassNotFoundException'{0x000000008d04ce70}: com/sun/swing/internal/plaf/basic/resources/spi/basicProvider> (0x000000008d04ce70) 
thrown [s\open\src\hotspot\share\classfile\systemDictionary.cpp, line 305]
Event: 0.312 Thread 0x0000018c4a924950 Exception <a 'java/lang/NoSuchMethodError'{0x000000008d06c040}: 'int java.lang.invoke.Invokers$Holder.invokeExact_MT(java.lang.Object, java.lang.Object)'> (0x000000008d06c040) 
thrown [s\open\src\hotspot\share\interpreter\linkResolver.cpp, line 773]
Event: 0.426 Thread 0x0000018c6bf4e010 Exception <a 'java/lang/NoSuchMethodError'{0x000000008ce9fea8}: 'java.lang.Object java.lang.invoke.DirectMethodHandle$Holder.newInvokeSpecial(java.lang.Object, java.lang.Object, java.lang.Object, int, int, int, int, int)'> (0x000000008ce9fea8) 
thrown [s\open\src\hotspot\share\interpreter\linkResolver.cpp, line 773]
Event: 0.596 Thread 0x0000018c6bbe07b0 Exception <a 'java/lang/NoSuchMethodError'{0x000000008d2fc038}: 'void java.lang.invoke.DirectMethodHandle$Holder.invokeVirtual(java.lang.Object, java.lang.Object)'> (0x000000008d2fc038) 
thrown [s\open\src\hotspot\share\interpreter\linkResolver.cpp, line 773]
Event: 0.636 Thread 0x0000018c4a924950 Exception <a 'java/lang/NoSuchMethodError'{0x000000008d09c478}: 'void java.lang.invoke.DirectMethodHandle$Holder.invokeStaticInit(java.lang.Object)'> (0x000000008d09c478) 
thrown [s\open\src\hotspot\share\interpreter\linkResolver.cpp, line 773]
Event: 3.893 Thread 0x0000018c6bf4e010 Implicit null exception at 0x0000018c5a50d51b to 0x0000018c5a50dc80

VM Operations (18 events):
Event: 0.096 Executing VM operation: HandshakeAllThreads
Event: 0.096 Executing VM operation: HandshakeAllThreads done
Event: 0.166 Executing VM operation: HandshakeAllThreads
Event: 0.167 Executing VM operation: HandshakeAllThreads done
Event: 0.314 Executing VM operation: HandshakeAllThreads
Event: 0.314 Executing VM operation: HandshakeAllThreads done
Event: 0.389 Executing VM operation: HandshakeAllThreads
Event: 0.389 Executing VM operation: HandshakeAllThreads done
Event: 0.522 Executing VM operation: HandshakeAllThreads
Event: 0.522 Executing VM operation: HandshakeAllThreads done
Event: 1.527 Executing VM operation: Cleanup
Event: 1.527 Executing VM operation: Cleanup done
Event: 2.536 Executing VM operation: Cleanup
Event: 2.536 Executing VM operation: Cleanup done
Event: 3.536 Executing VM operation: Cleanup
Event: 3.537 Executing VM operation: Cleanup done
Event: 3.852 Executing VM operation: G1CollectForAllocation
Event: 3.862 Executing VM operation: G1CollectForAllocation done

Events (20 events):
Event: 0.056 Thread 0x0000018c675e2d50 Thread added: 0x0000018c675e2d50
Event: 0.056 Thread 0x0000018c675e5e50 Thread added: 0x0000018c675e5e50
Event: 0.057 Thread 0x0000018c675e6e90 Thread added: 0x0000018c675e6e90
Event: 0.057 Thread 0x0000018c675e96d0 Thread added: 0x0000018c675e96d0
Event: 0.057 Thread 0x0000018c675ef7e0 Thread added: 0x0000018c675ef7e0
Event: 0.057 Thread 0x0000018c675f3bc0 Thread added: 0x0000018c675f3bc0
Event: 0.057 Thread 0x0000018c675f10a0 Thread added: 0x0000018c675f10a0
Event: 0.075 Thread 0x0000018c675adba0 Thread added: 0x0000018c675adba0
Event: 0.105 Thread 0x0000018c6b9d4050 Thread added: 0x0000018c6b9d4050
Event: 0.109 Thread 0x0000018c6ba08f00 Thread added: 0x0000018c6ba08f00
Event: 0.203 Thread 0x0000018c6bbac780 Thread added: 0x0000018c6bbac780
Event: 0.205 Thread 0x0000018c6bbdd580 Thread added: 0x0000018c6bbdd580
Event: 0.206 Thread 0x0000018c6bbe07b0 Thread added: 0x0000018c6bbe07b0
Event: 0.325 Thread 0x0000018c6bf4e010 Thread added: 0x0000018c6bf4e010
Event: 0.594 Thread 0x0000018c6c15da30 Thread added: 0x0000018c6c15da30
Event: 0.777 Thread 0x0000018c4a924950 Thread exited: 0x0000018c4a924950
Event: 0.777 Thread 0x0000018c4a924950 Thread added: 0x0000018c4a924950
Event: 0.822 Thread 0x0000018c6ba08f00 Thread exited: 0x0000018c6ba08f00
Event: 3.889 Thread 0x0000018c6c522240 Thread added: 0x0000018c6c522240
Event: 3.895 Thread 0x0000018c6c643360 Thread added: 0x0000018c6c643360


Dynamic libraries:
0x00007ff792a40000 - 0x00007ff792a50000 	C:\Program Files\Java\jdk-20\bin\java.exe
0x00007ffd15f10000 - 0x00007ffd16124000 	C:\windows\SYSTEM32\ntdll.dll
0x00007ffd14210000 - 0x00007ffd142d4000 	C:\windows\System32\KERNEL32.DLL
0x00007ffd138f0000 - 0x00007ffd13c94000 	C:\windows\System32\KERNELBASE.dll
0x00007ffd137d0000 - 0x00007ffd138e1000 	C:\windows\System32\ucrtbase.dll
0x00007ffcef7f0000 - 0x00007ffcef80b000 	C:\Program Files\Java\jdk-20\bin\VCRUNTIME140.dll
0x00007ffcd8610000 - 0x00007ffcd8629000 	C:\Program Files\Java\jdk-20\bin\jli.dll
0x00007ffd14c40000 - 0x00007ffd14cf0000 	C:\windows\System32\ADVAPI32.dll
0x00007ffd14a60000 - 0x00007ffd14b07000 	C:\windows\System32\msvcrt.dll
0x00007ffd15950000 - 0x00007ffd159f6000 	C:\windows\System32\sechost.dll
0x00007ffd143e0000 - 0x00007ffd144f7000 	C:\windows\System32\RPCRT4.dll
0x00007ffd15ad0000 - 0x00007ffd15c7e000 	C:\windows\System32\USER32.dll
0x00007ffd134d0000 - 0x00007ffd134f6000 	C:\windows\System32\win32u.dll
0x00007ffcf0bd0000 - 0x00007ffcf0e63000 	C:\windows\WinSxS\amd64_microsoft.windows.common-controls_6595b64144ccf1df_6.0.22621.2215_none_270d72677387dfc3\COMCTL32.dll
0x00007ffd15a00000 - 0x00007ffd15a29000 	C:\windows\System32\GDI32.dll
0x00007ffd13500000 - 0x00007ffd13618000 	C:\windows\System32\gdi32full.dll
0x00007ffd132c0000 - 0x00007ffd1335a000 	C:\windows\System32\msvcp_win.dll
0x00007ffd0a830000 - 0x00007ffd0a83a000 	C:\windows\SYSTEM32\VERSION.dll
0x00007ffd14e10000 - 0x00007ffd14e41000 	C:\windows\System32\IMM32.DLL
0x00007ffcebe80000 - 0x00007ffcebe8c000 	C:\Program Files\Java\jdk-20\bin\vcruntime140_1.dll
0x00007ffcd1280000 - 0x00007ffcd130e000 	C:\Program Files\Java\jdk-20\bin\msvcp140.dll
0x00007ffc53600000 - 0x00007ffc54298000 	C:\Program Files\Java\jdk-20\bin\server\jvm.dll
0x00007ffcef650000 - 0x00007ffcef659000 	C:\windows\SYSTEM32\WSOCK32.dll
0x00007ffd15730000 - 0x00007ffd157a1000 	C:\windows\System32\WS2_32.dll
0x00007ffd0a150000 - 0x00007ffd0a184000 	C:\windows\SYSTEM32\WINMM.dll
0x00007ffd123b0000 - 0x00007ffd123c8000 	C:\windows\SYSTEM32\kernel.appcore.dll
0x00007ffce7d30000 - 0x00007ffce7d3a000 	C:\Program Files\Java\jdk-20\bin\jimage.dll
0x00007ffd108a0000 - 0x00007ffd10ace000 	C:\windows\SYSTEM32\DBGHELP.DLL
0x00007ffd14500000 - 0x00007ffd1488a000 	C:\windows\System32\combase.dll
0x00007ffd14b60000 - 0x00007ffd14c37000 	C:\windows\System32\OLEAUT32.dll
0x00007ffcfe910000 - 0x00007ffcfe942000 	C:\windows\SYSTEM32\dbgcore.DLL
0x00007ffd13620000 - 0x00007ffd1369a000 	C:\windows\System32\bcryptPrimitives.dll
0x00007ffce7370000 - 0x00007ffce7396000 	C:\Program Files\Java\jdk-20\bin\java.dll
0x00007ffcbc1f0000 - 0x00007ffcbc2c7000 	C:\Program Files\Java\jdk-20\bin\jsvml.dll
0x00007ffd14e50000 - 0x00007ffd15673000 	C:\windows\System32\SHELL32.dll
0x00007ffd11210000 - 0x00007ffd11afa000 	C:\windows\SYSTEM32\windows.storage.dll
0x00007ffd110d0000 - 0x00007ffd1120e000 	C:\windows\SYSTEM32\wintypes.dll
0x00007ffd15c80000 - 0x00007ffd15d73000 	C:\windows\System32\SHCORE.dll
0x00007ffd14db0000 - 0x00007ffd14e0e000 	C:\windows\System32\shlwapi.dll
0x00007ffd131f0000 - 0x00007ffd13216000 	C:\windows\SYSTEM32\profapi.dll
0x00007ffce6f10000 - 0x00007ffce6f23000 	C:\Program Files\Java\jdk-20\bin\net.dll
0x00007ffd0b1f0000 - 0x00007ffd0b327000 	C:\windows\SYSTEM32\WINHTTP.dll
0x00007ffd12880000 - 0x00007ffd128e9000 	C:\windows\system32\mswsock.dll
0x00007ffce5f90000 - 0x00007ffce5fa6000 	C:\Program Files\Java\jdk-20\bin\nio.dll
0x00007ffce5f70000 - 0x00007ffce5f88000 	C:\Program Files\Java\jdk-20\bin\zip.dll
0x00007ffc55e80000 - 0x00007ffc56011000 	C:\Program Files\Java\jdk-20\bin\awt.dll
0x00007ffd10080000 - 0x00007ffd10117000 	C:\windows\SYSTEM32\apphelp.dll
0x00007ffd10400000 - 0x00007ffd1042b000 	C:\windows\system32\DWMAPI.DLL
0x00007ffd10180000 - 0x00007ffd1022b000 	C:\windows\system32\uxtheme.dll
0x00007ffce11b0000 - 0x00007ffce12b0000 	C:\windows\system32\opengl32.dll
0x00007ffce1140000 - 0x00007ffce116d000 	C:\windows\SYSTEM32\GLU32.dll
0x00007ffd10680000 - 0x00007ffd106b8000 	C:\windows\SYSTEM32\dxcore.dll
0x00007ffd15d80000 - 0x00007ffd15ec9000 	C:\windows\System32\MSCTF.dll
0x00007ffd157b0000 - 0x00007ffd1594e000 	C:\windows\System32\ole32.dll
0x00007ffcd11f0000 - 0x00007ffcd1276000 	C:\Program Files\Java\jdk-20\bin\freetype.dll
0x00007ffc94ce0000 - 0x00007ffc94db3000 	C:\Program Files\Java\jdk-20\bin\fontmanager.dll
0x00007ffcf4570000 - 0x00007ffcf46b4000 	C:\windows\SYSTEM32\textinputframework.dll
0x00007ffd0fda0000 - 0x00007ffd0fed3000 	C:\windows\SYSTEM32\CoreMessaging.dll
0x00007ffd05e20000 - 0x00007ffd0618c000 	C:\windows\SYSTEM32\CoreUIComponents.dll
0x00007ffd12af0000 - 0x00007ffd12afc000 	C:\windows\SYSTEM32\CRYPTBASE.DLL

dbghelp: loaded successfully - version: 4.0.5 - missing functions: none
symbol engine: initialized successfully - sym options: 0x614 - pdb path: .;C:\Program Files\Java\jdk-20\bin;C:\windows\SYSTEM32;C:\windows\WinSxS\amd64_microsoft.windows.common-controls_6595b64144ccf1df_6.0.22621.2215_none_270d72677387dfc3;C:\Program Files\Java\jdk-20\bin\server

VM Arguments:
jvm_args: -Dfile.encoding=UTF-8 --module-path=C:\Users\yashj\OneDrive\Documents\NetBeansProjects\farmerbuddy\build\classes 
java_command: farmerbuddy.Chernozemsoil1
java_class_path (initial): C:\Users\yashj\Downloads\mysql-connector-java-8.0.28.jar;C:\Users\yashj\OneDrive\Documents\NetBeansProjects\farmerbuddy\build\classes
Launcher Type: SUN_STANDARD

[Global flags]
     intx CICompilerCount                          = 4                                         {product} {ergonomic}
     uint ConcGCThreads                            = 3                                         {product} {ergonomic}
     uint G1ConcRefinementThreads                  = 10                                        {product} {ergonomic}
   size_t G1HeapRegionSize                         = 1048576                                   {product} {ergonomic}
    uintx GCDrainStackTargetSize                   = 64                                        {product} {ergonomic}
   size_t InitialHeapSize                          = 130023424                                 {product} {ergonomic}
   size_t MarkStackSize                            = 4194304                                   {product} {ergonomic}
   size_t MaxHeapSize                              = 2053111808                                {product} {ergonomic}
   size_t MaxNewSize                               = 1231028224                                {product} {ergonomic}
   size_t MinHeapDeltaBytes                        = 1048576                                   {product} {ergonomic}
   size_t MinHeapSize                              = 8388608                                   {product} {ergonomic}
    uintx NonNMethodCodeHeapSize                   = 5839372                                {pd product} {ergonomic}
    uintx NonProfiledCodeHeapSize                  = 122909434                              {pd product} {ergonomic}
    uintx ProfiledCodeHeapSize                     = 122909434                              {pd product} {ergonomic}
    uintx ReservedCodeCacheSize                    = 251658240                              {pd product} {ergonomic}
     bool SegmentedCodeCache                       = true                                      {product} {ergonomic}
   size_t SoftMaxHeapSize                          = 2053111808                             {manageable} {ergonomic}
     bool UseCompressedClassPointers               = true                           {product lp64_product} {ergonomic}
     bool UseCompressedOops                        = true                           {product lp64_product} {ergonomic}
     bool UseG1GC                                  = true                                      {product} {ergonomic}
     bool UseLargePagesIndividualAllocation        = false                                  {pd product} {ergonomic}

Logging:
Log output configuration:
 #0: stdout all=warning uptime,level,tags foldmultilines=false
 #1: stderr all=off uptime,level,tags foldmultilines=false

Environment Variables:
PATH=C:\Program Files\Common Files\Oracle\Java\javapath;C:\windows\system32;C:\windows;C:\windows\System32\Wbem;C:\windows\System32\WindowsPowerShell\v1.0\;C:\windows\System32\OpenSSH\;C:\Program Files (x86)\NVIDIA Corporation\PhysX\Common;C:\Program Files\NVIDIA Corporation\NVIDIA NvDLISR;C:\Program Files\MySQL\MySQL Shell 8.0\bin\;C:\Users\yashj\AppData\Local\Microsoft\WindowsApps;;C:\Program Files\JetBrains\IntelliJ IDEA Community Edition 2023.1.4\bin;;C:\Users\yashj\AppData\Local\Programs\Microsoft VS Code\bin
USERNAME=yashj
OS=Windows_NT
PROCESSOR_IDENTIFIER=Intel64 Family 6 Model 141 Stepping 1, GenuineIntel
TMP=C:\Users\yashj\AppData\Local\Temp
TEMP=C:\Users\yashj\AppData\Local\Temp




---------------  S Y S T E M  ---------------

OS:
 Windows 11 , 64 bit Build 22621 (10.0.22621.2215)
OS uptime: 7 days 4:48 hours
Hyper-V role detected

CPU: total 12 (initial active 12) (6 cores per cpu, 2 threads per core) family 6 model 141 stepping 1 microcode 0x46, cx8, cmov, fxsr, ht, mmx, 3dnowpref, sse, sse2, sse3, ssse3, sse4.1, sse4.2, popcnt, lzcnt, tsc, tscinvbit, avx, avx2, aes, erms, clmul, bmi1, bmi2, adx, avx512f, avx512dq, avx512cd, avx512bw, avx512vl, sha, fma, vzeroupper, avx512_vpopcntdq, avx512_vpclmulqdq, avx512_vaes, avx512_vnni, clflush, clflushopt, clwb, avx512_vbmi2, avx512_vbmi, hv, rdtscp, rdpid, fsrm, gfni, avx512_bitalg, f16c, cet_ibt, cet_ss, avx512_ifma

Memory: 4k page, system-wide physical 7830M (448M free)
TotalPageFile size 31382M (AvailPageFile size 12M)
current process WorkingSet (physical memory assigned to process): 142M, peak: 145M
current process commit charge ("private bytes"): 248M, peak: 256M

vm_info: Java HotSpot(TM) 64-Bit Server VM (20.0.2+9-78) for windows-amd64 JRE (20.0.2+9-78), built on 2023-06-14T10:08:48Z by "mach5one" with MS VC++ 17.1 (VS2022)

END.
