#
# There is insufficient memory for the Java Runtime Environment to continue.
# Native memory allocation (malloc) failed to allocate 1048576 bytes for AllocateHeap
# Possible reasons:
#   The system is out of physical RAM or swap space
#   The process is running with CompressedOops enabled, and the Java Heap may be blocking the growth of the native heap
# Possible solutions:
#   Reduce memory load on the system
#   Increase physical memory or swap space
#   Check if swap backing store is full
#   Decrease Java heap size (-Xmx/-Xms)
#   Decrease number of Java threads
#   Decrease Java thread stack sizes (-Xss)
#   Set larger code cache with -XX:ReservedCodeCacheSize=
#   JVM is running with Unscaled Compressed Oops mode in which the Java heap is
#     placed in the first 4GB address space. The Java Heap base address is the
#     maximum limit for the native heap growth. Please use -XX:HeapBaseMinAddress
#     to set the Java Heap base and to place the Java Heap above 4GB virtual address.
# This output file may be truncated or incomplete.
#
#  Out of Memory Error (allocation.cpp:44), pid=12228, tid=29040
#
# JRE version:  (20.0.2+9) (build )
# Java VM: Java HotSpot(TM) 64-Bit Server VM (20.0.2+9-78, mixed mode, sharing, tiered, compressed oops, compressed class ptrs, g1 gc, windows-amd64)
# No core dump will be written. Minidumps are not enabled by default on client versions of Windows
#

---------------  S U M M A R Y ------------

Command Line: -Dfile.encoding=UTF-8 --module-path=C:\Users\yashj\OneDrive\Documents\NetBeansProjects\farmerbuddy\build\classes farmerbuddy.signup

Host: 11th Gen Intel(R) Core(TM) i5-11400H @ 2.70GHz, 12 cores, 7G,  Windows 11 , 64 bit Build 22621 (10.0.22621.2215)
Time: Sun Sep 10 20:49:34 2023 India Standard Time elapsed time: 0.012191 seconds (0d 0h 0m 0s)

---------------  T H R E A D  ---------------

Current thread (0x0000021cc1d94c30):  JavaThread "Unknown thread" [_thread_in_vm, id=29040, stack(0x000000f4fae00000,0x000000f4faf00000)]

Stack: [0x000000f4fae00000,0x000000f4faf00000]
Native frames: (J=compiled Java code, j=interpreted, Vv=VM code, C=native code)
V  [jvm.dll+0x6bc25a]
V  [jvm.dll+0x84971a]
V  [jvm.dll+0x84b315]
V  [jvm.dll+0x84ba13]
V  [jvm.dll+0x280e4f]
V  [jvm.dll+0xbce65]
V  [jvm.dll+0x333ec5]
V  [jvm.dll+0x32c661]
V  [jvm.dll+0x8123df]
V  [jvm.dll+0x3c1261]
V  [jvm.dll+0x7fe103]
V  [jvm.dll+0x44ccaf]
V  [jvm.dll+0x44e621]
C  [jli.dll+0x5287]
C  [ucrtbase.dll+0x29363]
C  [KERNEL32.DLL+0x1257d]
C  [ntdll.dll+0x5aa68]


---------------  P R O C E S S  ---------------

Threads class SMR info:
_java_thread_list=0x00007fff7713b118, length=0, elements={
}

Java Threads: ( => current thread )

Other Threads:
  0x0000021cc1df5db0 WorkerThread "GC Thread#0" [stack: 0x000000f4faf00000,0x000000f4fb000000] [id=29036]

[error occurred during error reporting (printing all threads), id 0xc0000005, EXCEPTION_ACCESS_VIOLATION (0xc0000005) at pc=0x00007fff76918d60]
VM state: not at safepoint (not fully initialized)

VM Mutex/Monitor currently owned by a thread:  ([mutex/lock_event])
[0x0000021cc1d91d10] Heap_lock - owner thread: 0x0000021cc1d94c30

Heap address: 0x0000000085a00000, size: 1958 MB, Compressed Oops mode: 32-bit

CDS archive(s) mapped at: [0x0000000000000000-0x0000000000000000-0x0000000000000000), size 0, SharedBaseAddress: 0x0000000800000000, ArchiveRelocationMode: 1.
Narrow klass base: 0x0000000000000000, Narrow klass shift: 0, Narrow klass range: 0x0

GC Precious Log:
 CardTable entry size: 512
 Card Set container configuration: InlinePtr #cards 5 size 8 Array Of Cards #cards 12 size 40 Howl #buckets 4 coarsen threshold 1843 Howl Bitmap #cards 512 size 80 coarsen threshold 460 Card regions per heap region 1 cards per card region 2048

Heap:
 garbage-first heap   total 0K, used 0K [0x0000000085a00000, 0x0000000100000000)
  region size 1024K, 0 young (0K), 0 survivors (0K)

[error occurred during error reporting (printing heap information), id 0xc0000005, EXCEPTION_ACCESS_VIOLATION (0xc0000005) at pc=0x00007fff76cf47b9]
GC Heap History (0 events):
No events

Dll operation events (1 events):
Event: 0.009 Loaded shared library C:\Program Files\Java\jdk-20\bin\java.dll

Deoptimization events (0 events):
No events

Classes loaded (0 events):
No events

Classes unloaded (0 events):
No events

Classes redefined (0 events):
No events

Internal exceptions (0 events):
No events

VM Operations (0 events):
No events

Events (0 events):
No events


Dynamic libraries:
0x00007ff693b40000 - 0x00007ff693b50000 	C:\Program Files\Java\jdk-20\bin\java.exe
0x00007ff81f110000 - 0x00007ff81f324000 	C:\windows\SYSTEM32\ntdll.dll
0x00007ff81d210000 - 0x00007ff81d2d4000 	C:\windows\System32\KERNEL32.DLL
0x00007ff81c7c0000 - 0x00007ff81cb64000 	C:\windows\System32\KERNELBASE.dll
0x00007ff81c540000 - 0x00007ff81c651000 	C:\windows\System32\ucrtbase.dll
0x00007ffff7b00000 - 0x00007ffff7b19000 	C:\Program Files\Java\jdk-20\bin\jli.dll
0x00007ff816a70000 - 0x00007ff816a8b000 	C:\Program Files\Java\jdk-20\bin\VCRUNTIME140.dll
0x00007ff81e890000 - 0x00007ff81e940000 	C:\windows\System32\ADVAPI32.dll
0x00007ff81d060000 - 0x00007ff81d107000 	C:\windows\System32\msvcrt.dll
0x00007ff81ef20000 - 0x00007ff81efc6000 	C:\windows\System32\sechost.dll
0x00007ff81d620000 - 0x00007ff81d737000 	C:\windows\System32\RPCRT4.dll
0x00007ff81d410000 - 0x00007ff81d5be000 	C:\windows\System32\USER32.dll
0x00007ff81c660000 - 0x00007ff81c686000 	C:\windows\System32\win32u.dll
0x00007ff81d2e0000 - 0x00007ff81d309000 	C:\windows\System32\GDI32.dll
0x00007ffffae70000 - 0x00007ffffb103000 	C:\windows\WinSxS\amd64_microsoft.windows.common-controls_6595b64144ccf1df_6.0.22621.2215_none_270d72677387dfc3\COMCTL32.dll
0x00007ff81cd80000 - 0x00007ff81ce98000 	C:\windows\System32\gdi32full.dll
0x00007ff81cb70000 - 0x00007ff81cc0a000 	C:\windows\System32\msvcp_win.dll
0x00007ff815bf0000 - 0x00007ff815bfa000 	C:\windows\SYSTEM32\VERSION.dll
0x00007ff81f080000 - 0x00007ff81f0b1000 	C:\windows\System32\IMM32.DLL
0x00007ff816a60000 - 0x00007ff816a6c000 	C:\Program Files\Java\jdk-20\bin\vcruntime140_1.dll
0x00007fffa8c50000 - 0x00007fffa8cde000 	C:\Program Files\Java\jdk-20\bin\msvcp140.dll
0x00007fff765e0000 - 0x00007fff77278000 	C:\Program Files\Java\jdk-20\bin\server\jvm.dll
0x00007ffff3a90000 - 0x00007ffff3a99000 	C:\windows\SYSTEM32\WSOCK32.dll
0x00007ff814270000 - 0x00007ff8142a4000 	C:\windows\SYSTEM32\WINMM.dll
0x00007ff81d820000 - 0x00007ff81d891000 	C:\windows\System32\WS2_32.dll
0x00007ff81b5b0000 - 0x00007ff81b5c8000 	C:\windows\SYSTEM32\kernel.appcore.dll
0x00007fffd1870000 - 0x00007fffd187a000 	C:\Program Files\Java\jdk-20\bin\jimage.dll
0x00007ff819b90000 - 0x00007ff819dbe000 	C:\windows\SYSTEM32\DBGHELP.DLL
0x00007ff81eaf0000 - 0x00007ff81ee7a000 	C:\windows\System32\combase.dll
0x00007ff81d740000 - 0x00007ff81d817000 	C:\windows\System32\OLEAUT32.dll
0x00007ffff5060000 - 0x00007ffff5092000 	C:\windows\SYSTEM32\dbgcore.DLL
0x00007ff81c4c0000 - 0x00007ff81c53a000 	C:\windows\System32\bcryptPrimitives.dll
0x00007fffb8d40000 - 0x00007fffb8d66000 	C:\Program Files\Java\jdk-20\bin\java.dll

dbghelp: loaded successfully - version: 4.0.5 - missing functions: none
symbol engine: initialized successfully - sym options: 0x614 - pdb path: .;C:\Program Files\Java\jdk-20\bin;C:\windows\SYSTEM32;C:\windows\WinSxS\amd64_microsoft.windows.common-controls_6595b64144ccf1df_6.0.22621.2215_none_270d72677387dfc3;C:\Program Files\Java\jdk-20\bin\server

VM Arguments:
jvm_args: -Dfile.encoding=UTF-8 --module-path=C:\Users\yashj\OneDrive\Documents\NetBeansProjects\farmerbuddy\build\classes 
java_command: farmerbuddy.signup
java_class_path (initial): C:\Users\yashj\Downloads\mysql-connector-java-8.0.28.jar;C:\Users\yashj\OneDrive\Documents\NetBeansProjects\farmerbuddy\build\classes
Launcher Type: SUN_STANDARD

[Global flags]
     intx CICompilerCount                          = 4                                         {product} {ergonomic}
     uint ConcGCThreads                            = 3                                         {product} {ergonomic}
     uint G1ConcRefinementThreads                  = 10                                        {product} {ergonomic}
   size_t G1HeapRegionSize                         = 1048576                                   {product} {ergonomic}
    uintx GCDrainStackTargetSize                   = 64                                        {product} {ergonomic}
   size_t InitialHeapSize                          = 130023424                                 {product} {ergonomic}
   size_t MarkStackSize                            = 4194304                                   {product} {ergonomic}
   size_t MaxHeapSize                              = 2053111808                                {product} {ergonomic}
   size_t MinHeapDeltaBytes                        = 1048576                                   {product} {ergonomic}
   size_t MinHeapSize                              = 8388608                                   {product} {ergonomic}
    uintx NonNMethodCodeHeapSize                   = 5839372                                {pd product} {ergonomic}
    uintx NonProfiledCodeHeapSize                  = 122909434                              {pd product} {ergonomic}
    uintx ProfiledCodeHeapSize                     = 122909434                              {pd product} {ergonomic}
    uintx ReservedCodeCacheSize                    = 251658240                              {pd product} {ergonomic}
     bool SegmentedCodeCache                       = true                                      {product} {ergonomic}
   size_t SoftMaxHeapSize                          = 2053111808                             {manageable} {ergonomic}
     bool UseCompressedClassPointers               = true                           {product lp64_product} {ergonomic}
     bool UseCompressedOops                        = true                           {product lp64_product} {ergonomic}
     bool UseG1GC                                  = true                                      {product} {ergonomic}
     bool UseLargePagesIndividualAllocation        = false                                  {pd product} {ergonomic}

Logging:
Log output configuration:
 #0: stdout all=warning uptime,level,tags foldmultilines=false
 #1: stderr all=off uptime,level,tags foldmultilines=false

Environment Variables:
PATH=C:\Program Files\Common Files\Oracle\Java\javapath;C:\windows\system32;C:\windows;C:\windows\System32\Wbem;C:\windows\System32\WindowsPowerShell\v1.0\;C:\windows\System32\OpenSSH\;C:\Program Files (x86)\NVIDIA Corporation\PhysX\Common;C:\Program Files\NVIDIA Corporation\NVIDIA NvDLISR;C:\Program Files\MySQL\MySQL Shell 8.0\bin\;C:\Users\yashj\AppData\Local\Microsoft\WindowsApps;;C:\Program Files\JetBrains\IntelliJ IDEA Community Edition 2023.1.4\bin;;C:\Users\yashj\AppData\Local\Programs\Microsoft VS Code\bin
USERNAME=yashj
OS=Windows_NT
PROCESSOR_IDENTIFIER=Intel64 Family 6 Model 141 Stepping 1, GenuineIntel
TMP=C:\Users\yashj\AppData\Local\Temp
TEMP=C:\Users\yashj\AppData\Local\Temp




---------------  S Y S T E M  ---------------

OS:
 Windows 11 , 64 bit Build 22621 (10.0.22621.2215)
OS uptime: 0 days 1:34 hours
Hyper-V role detected

CPU: total 12 (initial active 12) (6 cores per cpu, 2 threads per core) family 6 model 141 stepping 1 microcode 0x42, cx8, cmov, fxsr, ht, mmx, 3dnowpref, sse, sse2, sse3, ssse3, sse4.1, sse4.2, popcnt, lzcnt, tsc, tscinvbit, avx, avx2, aes, erms, clmul, bmi1, bmi2, adx, avx512f, avx512dq, avx512cd, avx512bw, avx512vl, sha, fma, vzeroupper, avx512_vpopcntdq, avx512_vpclmulqdq, avx512_vaes, avx512_vnni, clflush, clflushopt, clwb, avx512_vbmi2, avx512_vbmi, hv, rdtscp, rdpid, fsrm, gfni, avx512_bitalg, f16c, cet_ibt, cet_ss, avx512_ifma

Memory: 4k page, system-wide physical 7830M (187M free)
TotalPageFile size 31382M (AvailPageFile size 5M)
current process WorkingSet (physical memory assigned to process): 11M, peak: 11M
current process commit charge ("private bytes"): 59M, peak: 60M

vm_info: Java HotSpot(TM) 64-Bit Server VM (20.0.2+9-78) for windows-amd64 JRE (20.0.2+9-78), built on 2023-06-14T10:08:48Z by "mach5one" with MS VC++ 17.1 (VS2022)

END.
