#
# There is insufficient memory for the Java Runtime Environment to continue.
# Native memory allocation (malloc) failed to allocate 32744 bytes for Chunk::new
# Possible reasons:
#   The system is out of physical RAM or swap space
#   The process is running with CompressedOops enabled, and the Java Heap may be blocking the growth of the native heap
# Possible solutions:
#   Reduce memory load on the system
#   Increase physical memory or swap space
#   Check if swap backing store is full
#   Decrease Java heap size (-Xmx/-Xms)
#   Decrease number of Java threads
#   Decrease Java thread stack sizes (-Xss)
#   Set larger code cache with -XX:ReservedCodeCacheSize=
#   JVM is running with Unscaled Compressed Oops mode in which the Java heap is
#     placed in the first 4GB address space. The Java Heap base address is the
#     maximum limit for the native heap growth. Please use -XX:HeapBaseMinAddress
#     to set the Java Heap base and to place the Java Heap above 4GB virtual address.
# This output file may be truncated or incomplete.
#
#  Out of Memory Error (arena.cpp:184), pid=24304, tid=20876
#
# JRE version: Java(TM) SE Runtime Environment (20.0.2+9) (build 20.0.2+9-78)
# Java VM: Java HotSpot(TM) 64-Bit Server VM (20.0.2+9-78, mixed mode, sharing, tiered, compressed oops, compressed class ptrs, g1 gc, windows-amd64)
# No core dump will be written. Minidumps are not enabled by default on client versions of Windows
#

---------------  S U M M A R Y ------------

Command Line: -Dfile.encoding=UTF-8 --module-path=C:\Users\yashj\OneDrive\Documents\NetBeansProjects\farmerbuddy\build\classes farmerbuddy.farmmarket2

Host: 11th Gen Intel(R) Core(TM) i5-11400H @ 2.70GHz, 12 cores, 7G,  Windows 11 , 64 bit Build 22621 (10.0.22621.2428)
Time: Wed Oct 25 02:26:32 2023 India Standard Time elapsed time: 7087.512079 seconds (0d 1h 58m 7s)

---------------  T H R E A D  ---------------

Current thread (0x0000029e76fb7040):  JavaThread "C1 CompilerThread0" daemon [_thread_in_native, id=20876, stack(0x000000fc5ec00000,0x000000fc5ed00000)]


Current CompileTask:
C1:7087512 1113       3       jdk.internal.org.objectweb.asm.MethodWriter::computeMethodInfoSize (571 bytes)

Stack: [0x000000fc5ec00000,0x000000fc5ed00000]
Native frames: (J=compiled Java code, j=interpreted, Vv=VM code, C=native code)
V  [jvm.dll+0x6bc25a]
V  [jvm.dll+0x84971a]
V  [jvm.dll+0x84b315]
V  [jvm.dll+0x84ba13]
V  [jvm.dll+0x280e4f]
V  [jvm.dll+0xc2ab1]
V  [jvm.dll+0xc2dd5]
V  [jvm.dll+0x135e1d]
V  [jvm.dll+0x18ea19]
V  [jvm.dll+0x18de71]
V  [jvm.dll+0x185878]
V  [jvm.dll+0x181f2e]
V  [jvm.dll+0x170180]
V  [jvm.dll+0x158967]
V  [jvm.dll+0x1582e2]
V  [jvm.dll+0x158514]
V  [jvm.dll+0x157956]
V  [jvm.dll+0x15968d]
V  [jvm.dll+0x25a0eb]
V  [jvm.dll+0x2587c0]
V  [jvm.dll+0x3f2dd5]
V  [jvm.dll+0x7f5c76]
V  [jvm.dll+0x6baecb]
C  [ucrtbase.dll+0x29363]
C  [KERNEL32.DLL+0x1257d]
C  [ntdll.dll+0x5aa78]


---------------  P R O C E S S  ---------------

Threads class SMR info:
_java_thread_list=0x0000029e7c2b4a60, length=15, elements={
0x0000029e76f87bc0, 0x0000029e76f8a9c0, 0x0000029e76f8c010, 0x0000029e76f8da50,
0x0000029e76f8feb0, 0x0000029e76f92940, 0x0000029e76f94030, 0x0000029e76fb7040,
0x0000029e76f523c0, 0x0000029e7b2b2a70, 0x0000029e7b3c4630, 0x0000029e7b48f720,
0x0000029e7b492730, 0x0000029e7c2b1940, 0x0000029e58345240
}

Java Threads: ( => current thread )
  0x0000029e76f87bc0 JavaThread "Reference Handler" daemon [_thread_blocked, id=15092, stack(0x000000fc5e500000,0x000000fc5e600000)]
  0x0000029e76f8a9c0 JavaThread "Finalizer" daemon [_thread_blocked, id=22696, stack(0x000000fc5e600000,0x000000fc5e700000)]
  0x0000029e76f8c010 JavaThread "Signal Dispatcher" daemon [_thread_blocked, id=20656, stack(0x000000fc5e700000,0x000000fc5e800000)]
  0x0000029e76f8da50 JavaThread "Attach Listener" daemon [_thread_blocked, id=11816, stack(0x000000fc5e800000,0x000000fc5e900000)]
  0x0000029e76f8feb0 JavaThread "Service Thread" daemon [_thread_blocked, id=16748, stack(0x000000fc5e900000,0x000000fc5ea00000)]
  0x0000029e76f92940 JavaThread "Monitor Deflation Thread" daemon [_thread_blocked, id=22584, stack(0x000000fc5ea00000,0x000000fc5eb00000)]
  0x0000029e76f94030 JavaThread "C2 CompilerThread0" daemon [_thread_blocked, id=17676, stack(0x000000fc5eb00000,0x000000fc5ec00000)]
=>0x0000029e76fb7040 JavaThread "C1 CompilerThread0" daemon [_thread_in_native, id=20876, stack(0x000000fc5ec00000,0x000000fc5ed00000)]
  0x0000029e76f523c0 JavaThread "Common-Cleaner" daemon [_thread_blocked, id=21180, stack(0x000000fc5ed00000,0x000000fc5ee00000)]
  0x0000029e7b2b2a70 JavaThread "Notification Thread" daemon [_thread_blocked, id=22356, stack(0x000000fc5ee00000,0x000000fc5ef00000)]
  0x0000029e7b3c4630 JavaThread "Java2D Disposer" daemon [_thread_blocked, id=18100, stack(0x000000fc5f100000,0x000000fc5f200000)]
  0x0000029e7b48f720 JavaThread "AWT-Shutdown" [_thread_blocked, id=24512, stack(0x000000fc5f200000,0x000000fc5f300000)]
  0x0000029e7b492730 JavaThread "AWT-Windows" daemon [_thread_in_Java, id=8176, stack(0x000000fc5f300000,0x000000fc5f400000)]
  0x0000029e7c2b1940 JavaThread "AWT-EventQueue-0" [_thread_blocked, id=3860, stack(0x000000fc5ff00000,0x000000fc60000000)]
  0x0000029e58345240 JavaThread "DestroyJavaVM" [_thread_blocked, id=17572, stack(0x000000fc5de00000,0x000000fc5df00000)]

Other Threads:
  0x0000029e76f69c00 VMThread "VM Thread" [stack: 0x000000fc5e400000,0x000000fc5e500000] [id=22048]
  0x0000029e7b2b2fc0 WatcherThread "VM Periodic Task Thread" [stack: 0x000000fc5ef00000,0x000000fc5f000000] [id=4560]
  0x0000029e583a63c0 WorkerThread "GC Thread#0" [stack: 0x000000fc5df00000,0x000000fc5e000000] [id=14876]
  0x0000029e7c1410e0 WorkerThread "GC Thread#1" [stack: 0x000000fc5f700000,0x000000fc5f800000] [id=13196]
  0x0000029e7d1e38f0 WorkerThread "GC Thread#2" [stack: 0x000000fc5f800000,0x000000fc5f900000] [id=16340]
  0x0000029e7d1e2db0 WorkerThread "GC Thread#3" [stack: 0x000000fc5f900000,0x000000fc5fa00000] [id=1268]
  0x0000029e7d1e4700 WorkerThread "GC Thread#4" [stack: 0x000000fc5fa00000,0x000000fc5fb00000] [id=14160]
  0x0000029e7d1e3620 WorkerThread "GC Thread#5" [stack: 0x000000fc5fb00000,0x000000fc5fc00000] [id=23812]
  0x0000029e7d1e3bc0 WorkerThread "GC Thread#6" [stack: 0x000000fc5fc00000,0x000000fc5fd00000] [id=15584]
  0x0000029e7d1e4160 WorkerThread "GC Thread#7" [stack: 0x000000fc5fd00000,0x000000fc5fe00000] [id=24392]
  0x0000029e7d1e3080 WorkerThread "GC Thread#8" [stack: 0x000000fc5fe00000,0x000000fc5ff00000] [id=24080]
  0x0000029e583b6790 ConcurrentGCThread "G1 Main Marker" [stack: 0x000000fc5e000000,0x000000fc5e100000] [id=7276]
  0x0000029e583b71c0 WorkerThread "G1 Conc#0" [stack: 0x000000fc5e100000,0x000000fc5e200000] [id=2244]
  0x0000029e5840dfe0 ConcurrentGCThread "G1 Refine#0" [stack: 0x000000fc5e200000,0x000000fc5e300000] [id=10580]
  0x0000029e5840ea80 ConcurrentGCThread "G1 Service" [stack: 0x000000fc5e300000,0x000000fc5e400000] [id=8700]

Threads with active compile tasks:
C1 CompilerThread0  7087570 1113       3       jdk.internal.org.objectweb.asm.MethodWriter::computeMethodInfoSize (571 bytes)

VM state: not at safepoint (normal execution)

VM Mutex/Monitor currently owned by a thread: None

Heap address: 0x0000000085a00000, size: 1958 MB, Compressed Oops mode: 32-bit

CDS archive(s) mapped at: [0x0000029e00000000-0x0000029e00c60000-0x0000029e00c60000), size 12976128, SharedBaseAddress: 0x0000029e00000000, ArchiveRelocationMode: 1.
Compressed class space mapped at: 0x0000029e01000000-0x0000029e41000000, reserved size: 1073741824
Narrow klass base: 0x0000029e00000000, Narrow klass shift: 0, Narrow klass range: 0x100000000

GC Precious Log:
 CardTable entry size: 512
 Card Set container configuration: InlinePtr #cards 5 size 8 Array Of Cards #cards 12 size 40 Howl #buckets 4 coarsen threshold 1843 Howl Bitmap #cards 512 size 80 coarsen threshold 460 Card regions per heap region 1 cards per card region 2048
 CPUs: 12 total, 12 available
 Memory: 7830M
 Large Page Support: Disabled
 NUMA Support: Disabled
 Compressed Oops: Enabled (32-bit)
 Heap Region Size: 1M
 Heap Min Capacity: 8M
 Heap Initial Capacity: 124M
 Heap Max Capacity: 1958M
 Pre-touch: Disabled
 Parallel Workers: 10
 Concurrent Workers: 3
 Concurrent Refinement Workers: 10
 Periodic GC: Disabled

Heap:
 garbage-first heap   total 126976K, used 48648K [0x0000000085a00000, 0x0000000100000000)
  region size 1024K, 15 young (15360K), 3 survivors (3072K)
 Metaspace       used 7166K, committed 7360K, reserved 1114112K
  class space    used 767K, committed 896K, reserved 1048576K

Heap Regions: E=young(eden), S=young(survivor), O=old, HS=humongous(starts), HC=humongous(continues), CS=collection set, F=free, OA=open archive, CA=closed archive, TAMS=top-at-mark-start, PB=parsable bottom
|   0|0x0000000085a00000, 0x0000000085b00000, 0x0000000085b00000|100%|HS|  |TAMS 0x0000000085a00000| PB 0x0000000085a00000| Complete 
|   1|0x0000000085b00000, 0x0000000085c00000, 0x0000000085c00000|100%|HC|  |TAMS 0x0000000085b00000| PB 0x0000000085b00000| Complete 
|   2|0x0000000085c00000, 0x0000000085d00000, 0x0000000085d00000|100%|HS|  |TAMS 0x0000000085c00000| PB 0x0000000085c00000| Complete 
|   3|0x0000000085d00000, 0x0000000085e00000, 0x0000000085e00000|100%|HC|  |TAMS 0x0000000085d00000| PB 0x0000000085d00000| Complete 
|   4|0x0000000085e00000, 0x0000000085f00000, 0x0000000085f00000|100%|HS|  |TAMS 0x0000000085e00000| PB 0x0000000085e00000| Complete 
|   5|0x0000000085f00000, 0x0000000086000000, 0x0000000086000000|100%|HC|  |TAMS 0x0000000085f00000| PB 0x0000000085f00000| Complete 
|   6|0x0000000086000000, 0x0000000086100000, 0x0000000086100000|100%|HS|  |TAMS 0x0000000086000000| PB 0x0000000086000000| Complete 
|   7|0x0000000086100000, 0x0000000086200000, 0x0000000086200000|100%|HC|  |TAMS 0x0000000086100000| PB 0x0000000086100000| Complete 
|   8|0x0000000086200000, 0x0000000086300000, 0x0000000086300000|100%|HS|  |TAMS 0x0000000086200000| PB 0x0000000086200000| Complete 
|   9|0x0000000086300000, 0x0000000086400000, 0x0000000086400000|100%|HC|  |TAMS 0x0000000086300000| PB 0x0000000086300000| Complete 
|  10|0x0000000086400000, 0x0000000086500000, 0x0000000086500000|100%|HS|  |TAMS 0x0000000086400000| PB 0x0000000086400000| Complete 
|  11|0x0000000086500000, 0x0000000086600000, 0x0000000086600000|100%|HC|  |TAMS 0x0000000086500000| PB 0x0000000086500000| Complete 
|  12|0x0000000086600000, 0x0000000086700000, 0x0000000086700000|100%|HS|  |TAMS 0x0000000086600000| PB 0x0000000086600000| Complete 
|  13|0x0000000086700000, 0x0000000086800000, 0x0000000086800000|100%|HC|  |TAMS 0x0000000086700000| PB 0x0000000086700000| Complete 
|  14|0x0000000086800000, 0x0000000086900000, 0x0000000086900000|100%|HS|  |TAMS 0x0000000086800000| PB 0x0000000086800000| Complete 
|  15|0x0000000086900000, 0x0000000086a00000, 0x0000000086a00000|100%|HC|  |TAMS 0x0000000086900000| PB 0x0000000086900000| Complete 
|  16|0x0000000086a00000, 0x0000000086b00000, 0x0000000086b00000|100%| O|  |TAMS 0x0000000086a00000| PB 0x0000000086a00000| Untracked 
|  17|0x0000000086b00000, 0x0000000086b82000, 0x0000000086c00000| 50%| O|  |TAMS 0x0000000086b00000| PB 0x0000000086b00000| Untracked 
|  18|0x0000000086c00000, 0x0000000086d00000, 0x0000000086d00000|100%|HS|  |TAMS 0x0000000086c00000| PB 0x0000000086c00000| Complete 
|  19|0x0000000086d00000, 0x0000000086e00000, 0x0000000086e00000|100%|HC|  |TAMS 0x0000000086d00000| PB 0x0000000086d00000| Complete 
|  20|0x0000000086e00000, 0x0000000086f00000, 0x0000000086f00000|100%|HS|  |TAMS 0x0000000086e00000| PB 0x0000000086e00000| Complete 
|  21|0x0000000086f00000, 0x0000000087000000, 0x0000000087000000|100%|HC|  |TAMS 0x0000000086f00000| PB 0x0000000086f00000| Complete 
|  22|0x0000000087000000, 0x0000000087100000, 0x0000000087100000|100%|HC|  |TAMS 0x0000000087000000| PB 0x0000000087000000| Complete 
|  23|0x0000000087100000, 0x0000000087200000, 0x0000000087200000|100%|HS|  |TAMS 0x0000000087100000| PB 0x0000000087100000| Complete 
|  24|0x0000000087200000, 0x0000000087300000, 0x0000000087300000|100%|HC|  |TAMS 0x0000000087200000| PB 0x0000000087200000| Complete 
|  25|0x0000000087300000, 0x0000000087400000, 0x0000000087400000|100%|HS|  |TAMS 0x0000000087300000| PB 0x0000000087300000| Complete 
|  26|0x0000000087400000, 0x0000000087500000, 0x0000000087500000|100%|HC|  |TAMS 0x0000000087400000| PB 0x0000000087400000| Complete 
|  27|0x0000000087500000, 0x0000000087600000, 0x0000000087600000|100%|HS|  |TAMS 0x0000000087500000| PB 0x0000000087500000| Complete 
|  28|0x0000000087600000, 0x0000000087700000, 0x0000000087700000|100%|HC|  |TAMS 0x0000000087600000| PB 0x0000000087600000| Complete 
|  29|0x0000000087700000, 0x0000000087800000, 0x0000000087800000|100%|HC|  |TAMS 0x0000000087700000| PB 0x0000000087700000| Complete 
|  30|0x0000000087800000, 0x0000000087900000, 0x0000000087900000|100%|HC|  |TAMS 0x0000000087800000| PB 0x0000000087800000| Complete 
|  31|0x0000000087900000, 0x0000000087a00000, 0x0000000087a00000|100%|HC|  |TAMS 0x0000000087900000| PB 0x0000000087900000| Complete 
|  32|0x0000000087a00000, 0x0000000087b00000, 0x0000000087b00000|100%|HC|  |TAMS 0x0000000087a00000| PB 0x0000000087a00000| Complete 
|  33|0x0000000087b00000, 0x0000000087c00000, 0x0000000087c00000|100%|HC|  |TAMS 0x0000000087b00000| PB 0x0000000087b00000| Complete 
|  34|0x0000000087c00000, 0x0000000087d00000, 0x0000000087d00000|100%|HC|  |TAMS 0x0000000087c00000| PB 0x0000000087c00000| Complete 
|  35|0x0000000087d00000, 0x0000000087d00000, 0x0000000087e00000|  0%| F|  |TAMS 0x0000000087d00000| PB 0x0000000087d00000| Untracked 
|  36|0x0000000087e00000, 0x0000000087e00000, 0x0000000087f00000|  0%| F|  |TAMS 0x0000000087e00000| PB 0x0000000087e00000| Untracked 
|  37|0x0000000087f00000, 0x0000000087f00000, 0x0000000088000000|  0%| F|  |TAMS 0x0000000087f00000| PB 0x0000000087f00000| Untracked 
|  38|0x0000000088000000, 0x0000000088000000, 0x0000000088100000|  0%| F|  |TAMS 0x0000000088000000| PB 0x0000000088000000| Untracked 
|  39|0x0000000088100000, 0x0000000088100000, 0x0000000088200000|  0%| F|  |TAMS 0x0000000088100000| PB 0x0000000088100000| Untracked 
|  40|0x0000000088200000, 0x0000000088200000, 0x0000000088300000|  0%| F|  |TAMS 0x0000000088200000| PB 0x0000000088200000| Untracked 
|  41|0x0000000088300000, 0x0000000088300000, 0x0000000088400000|  0%| F|  |TAMS 0x0000000088300000| PB 0x0000000088300000| Untracked 
|  42|0x0000000088400000, 0x0000000088400000, 0x0000000088500000|  0%| F|  |TAMS 0x0000000088400000| PB 0x0000000088400000| Untracked 
|  43|0x0000000088500000, 0x0000000088500000, 0x0000000088600000|  0%| F|  |TAMS 0x0000000088500000| PB 0x0000000088500000| Untracked 
|  44|0x0000000088600000, 0x0000000088600000, 0x0000000088700000|  0%| F|  |TAMS 0x0000000088600000| PB 0x0000000088600000| Untracked 
|  45|0x0000000088700000, 0x0000000088700000, 0x0000000088800000|  0%| F|  |TAMS 0x0000000088700000| PB 0x0000000088700000| Untracked 
|  46|0x0000000088800000, 0x0000000088800000, 0x0000000088900000|  0%| F|  |TAMS 0x0000000088800000| PB 0x0000000088800000| Untracked 
|  47|0x0000000088900000, 0x0000000088900000, 0x0000000088a00000|  0%| F|  |TAMS 0x0000000088900000| PB 0x0000000088900000| Untracked 
|  48|0x0000000088a00000, 0x0000000088a00000, 0x0000000088b00000|  0%| F|  |TAMS 0x0000000088a00000| PB 0x0000000088a00000| Untracked 
|  49|0x0000000088b00000, 0x0000000088b00000, 0x0000000088c00000|  0%| F|  |TAMS 0x0000000088b00000| PB 0x0000000088b00000| Untracked 
|  50|0x0000000088c00000, 0x0000000088c00000, 0x0000000088d00000|  0%| F|  |TAMS 0x0000000088c00000| PB 0x0000000088c00000| Untracked 
|  51|0x0000000088d00000, 0x0000000088d00000, 0x0000000088e00000|  0%| F|  |TAMS 0x0000000088d00000| PB 0x0000000088d00000| Untracked 
|  52|0x0000000088e00000, 0x0000000088e00000, 0x0000000088f00000|  0%| F|  |TAMS 0x0000000088e00000| PB 0x0000000088e00000| Untracked 
|  53|0x0000000088f00000, 0x0000000088f00000, 0x0000000089000000|  0%| F|  |TAMS 0x0000000088f00000| PB 0x0000000088f00000| Untracked 
|  54|0x0000000089000000, 0x0000000089000000, 0x0000000089100000|  0%| F|  |TAMS 0x0000000089000000| PB 0x0000000089000000| Untracked 
|  55|0x0000000089100000, 0x0000000089100000, 0x0000000089200000|  0%| F|  |TAMS 0x0000000089100000| PB 0x0000000089100000| Untracked 
|  56|0x0000000089200000, 0x0000000089200000, 0x0000000089300000|  0%| F|  |TAMS 0x0000000089200000| PB 0x0000000089200000| Untracked 
|  57|0x0000000089300000, 0x0000000089300000, 0x0000000089400000|  0%| F|  |TAMS 0x0000000089300000| PB 0x0000000089300000| Untracked 
|  58|0x0000000089400000, 0x0000000089400000, 0x0000000089500000|  0%| F|  |TAMS 0x0000000089400000| PB 0x0000000089400000| Untracked 
|  59|0x0000000089500000, 0x0000000089500000, 0x0000000089600000|  0%| F|  |TAMS 0x0000000089500000| PB 0x0000000089500000| Untracked 
|  60|0x0000000089600000, 0x0000000089600000, 0x0000000089700000|  0%| F|  |TAMS 0x0000000089600000| PB 0x0000000089600000| Untracked 
|  61|0x0000000089700000, 0x0000000089700000, 0x0000000089800000|  0%| F|  |TAMS 0x0000000089700000| PB 0x0000000089700000| Untracked 
|  62|0x0000000089800000, 0x0000000089800000, 0x0000000089900000|  0%| F|  |TAMS 0x0000000089800000| PB 0x0000000089800000| Untracked 
|  63|0x0000000089900000, 0x0000000089900000, 0x0000000089a00000|  0%| F|  |TAMS 0x0000000089900000| PB 0x0000000089900000| Untracked 
|  64|0x0000000089a00000, 0x0000000089a00000, 0x0000000089b00000|  0%| F|  |TAMS 0x0000000089a00000| PB 0x0000000089a00000| Untracked 
|  65|0x0000000089b00000, 0x0000000089b00000, 0x0000000089c00000|  0%| F|  |TAMS 0x0000000089b00000| PB 0x0000000089b00000| Untracked 
|  66|0x0000000089c00000, 0x0000000089c00000, 0x0000000089d00000|  0%| F|  |TAMS 0x0000000089c00000| PB 0x0000000089c00000| Untracked 
|  67|0x0000000089d00000, 0x0000000089d00000, 0x0000000089e00000|  0%| F|  |TAMS 0x0000000089d00000| PB 0x0000000089d00000| Untracked 
|  68|0x0000000089e00000, 0x0000000089e00000, 0x0000000089f00000|  0%| F|  |TAMS 0x0000000089e00000| PB 0x0000000089e00000| Untracked 
|  69|0x0000000089f00000, 0x0000000089f00000, 0x000000008a000000|  0%| F|  |TAMS 0x0000000089f00000| PB 0x0000000089f00000| Untracked 
|  70|0x000000008a000000, 0x000000008a000000, 0x000000008a100000|  0%| F|  |TAMS 0x000000008a000000| PB 0x000000008a000000| Untracked 
|  71|0x000000008a100000, 0x000000008a100000, 0x000000008a200000|  0%| F|  |TAMS 0x000000008a100000| PB 0x000000008a100000| Untracked 
|  72|0x000000008a200000, 0x000000008a200000, 0x000000008a300000|  0%| F|  |TAMS 0x000000008a200000| PB 0x000000008a200000| Untracked 
|  73|0x000000008a300000, 0x000000008a300000, 0x000000008a400000|  0%| F|  |TAMS 0x000000008a300000| PB 0x000000008a300000| Untracked 
|  74|0x000000008a400000, 0x000000008a400000, 0x000000008a500000|  0%| F|  |TAMS 0x000000008a400000| PB 0x000000008a400000| Untracked 
|  75|0x000000008a500000, 0x000000008a500000, 0x000000008a600000|  0%| F|  |TAMS 0x000000008a500000| PB 0x000000008a500000| Untracked 
|  76|0x000000008a600000, 0x000000008a600000, 0x000000008a700000|  0%| F|  |TAMS 0x000000008a600000| PB 0x000000008a600000| Untracked 
|  77|0x000000008a700000, 0x000000008a700000, 0x000000008a800000|  0%| F|  |TAMS 0x000000008a700000| PB 0x000000008a700000| Untracked 
|  78|0x000000008a800000, 0x000000008a800000, 0x000000008a900000|  0%| F|  |TAMS 0x000000008a800000| PB 0x000000008a800000| Untracked 
|  79|0x000000008a900000, 0x000000008a900000, 0x000000008aa00000|  0%| F|  |TAMS 0x000000008a900000| PB 0x000000008a900000| Untracked 
|  80|0x000000008aa00000, 0x000000008aa00000, 0x000000008ab00000|  0%| F|  |TAMS 0x000000008aa00000| PB 0x000000008aa00000| Untracked 
|  81|0x000000008ab00000, 0x000000008ab00000, 0x000000008ac00000|  0%| F|  |TAMS 0x000000008ab00000| PB 0x000000008ab00000| Untracked 
|  82|0x000000008ac00000, 0x000000008ac00000, 0x000000008ad00000|  0%| F|  |TAMS 0x000000008ac00000| PB 0x000000008ac00000| Untracked 
|  83|0x000000008ad00000, 0x000000008ad00000, 0x000000008ae00000|  0%| F|  |TAMS 0x000000008ad00000| PB 0x000000008ad00000| Untracked 
|  84|0x000000008ae00000, 0x000000008ae00000, 0x000000008af00000|  0%| F|  |TAMS 0x000000008ae00000| PB 0x000000008ae00000| Untracked 
|  85|0x000000008af00000, 0x000000008af00000, 0x000000008b000000|  0%| F|  |TAMS 0x000000008af00000| PB 0x000000008af00000| Untracked 
|  86|0x000000008b000000, 0x000000008b000000, 0x000000008b100000|  0%| F|  |TAMS 0x000000008b000000| PB 0x000000008b000000| Untracked 
|  87|0x000000008b100000, 0x000000008b100000, 0x000000008b200000|  0%| F|  |TAMS 0x000000008b100000| PB 0x000000008b100000| Untracked 
|  88|0x000000008b200000, 0x000000008b200000, 0x000000008b300000|  0%| F|  |TAMS 0x000000008b200000| PB 0x000000008b200000| Untracked 
|  89|0x000000008b300000, 0x000000008b300000, 0x000000008b400000|  0%| F|  |TAMS 0x000000008b300000| PB 0x000000008b300000| Untracked 
|  90|0x000000008b400000, 0x000000008b400000, 0x000000008b500000|  0%| F|  |TAMS 0x000000008b400000| PB 0x000000008b400000| Untracked 
|  91|0x000000008b500000, 0x000000008b500000, 0x000000008b600000|  0%| F|  |TAMS 0x000000008b500000| PB 0x000000008b500000| Untracked 
|  92|0x000000008b600000, 0x000000008b600000, 0x000000008b700000|  0%| F|  |TAMS 0x000000008b600000| PB 0x000000008b600000| Untracked 
|  93|0x000000008b700000, 0x000000008b700000, 0x000000008b800000|  0%| F|  |TAMS 0x000000008b700000| PB 0x000000008b700000| Untracked 
|  94|0x000000008b800000, 0x000000008b800000, 0x000000008b900000|  0%| F|  |TAMS 0x000000008b800000| PB 0x000000008b800000| Untracked 
|  95|0x000000008b900000, 0x000000008b900000, 0x000000008ba00000|  0%| F|  |TAMS 0x000000008b900000| PB 0x000000008b900000| Untracked 
|  96|0x000000008ba00000, 0x000000008ba00000, 0x000000008bb00000|  0%| F|  |TAMS 0x000000008ba00000| PB 0x000000008ba00000| Untracked 
|  97|0x000000008bb00000, 0x000000008bb00000, 0x000000008bc00000|  0%| F|  |TAMS 0x000000008bb00000| PB 0x000000008bb00000| Untracked 
|  98|0x000000008bc00000, 0x000000008bd00000, 0x000000008bd00000|100%| S|CS|TAMS 0x000000008bc00000| PB 0x000000008bc00000| Complete 
|  99|0x000000008bd00000, 0x000000008be00000, 0x000000008be00000|100%| S|CS|TAMS 0x000000008bd00000| PB 0x000000008bd00000| Complete 
| 100|0x000000008be00000, 0x000000008bf00000, 0x000000008bf00000|100%| S|CS|TAMS 0x000000008be00000| PB 0x000000008be00000| Complete 
| 101|0x000000008bf00000, 0x000000008bf00000, 0x000000008c000000|  0%| F|  |TAMS 0x000000008bf00000| PB 0x000000008bf00000| Untracked 
| 102|0x000000008c000000, 0x000000008c000000, 0x000000008c100000|  0%| F|  |TAMS 0x000000008c000000| PB 0x000000008c000000| Untracked 
| 103|0x000000008c100000, 0x000000008c100000, 0x000000008c200000|  0%| F|  |TAMS 0x000000008c100000| PB 0x000000008c100000| Untracked 
| 104|0x000000008c200000, 0x000000008c200000, 0x000000008c300000|  0%| F|  |TAMS 0x000000008c200000| PB 0x000000008c200000| Untracked 
| 105|0x000000008c300000, 0x000000008c300000, 0x000000008c400000|  0%| F|  |TAMS 0x000000008c300000| PB 0x000000008c300000| Untracked 
| 106|0x000000008c400000, 0x000000008c400000, 0x000000008c500000|  0%| F|  |TAMS 0x000000008c400000| PB 0x000000008c400000| Untracked 
| 107|0x000000008c500000, 0x000000008c500000, 0x000000008c600000|  0%| F|  |TAMS 0x000000008c500000| PB 0x000000008c500000| Untracked 
| 108|0x000000008c600000, 0x000000008c600000, 0x000000008c700000|  0%| F|  |TAMS 0x000000008c600000| PB 0x000000008c600000| Untracked 
| 109|0x000000008c700000, 0x000000008c700000, 0x000000008c800000|  0%| F|  |TAMS 0x000000008c700000| PB 0x000000008c700000| Untracked 
| 110|0x000000008c800000, 0x000000008c800000, 0x000000008c900000|  0%| F|  |TAMS 0x000000008c800000| PB 0x000000008c800000| Untracked 
| 111|0x000000008c900000, 0x000000008c900000, 0x000000008ca00000|  0%| F|  |TAMS 0x000000008c900000| PB 0x000000008c900000| Untracked 
| 112|0x000000008ca00000, 0x000000008cab7630, 0x000000008cb00000| 71%| E|  |TAMS 0x000000008ca00000| PB 0x000000008ca00000| Complete 
| 113|0x000000008cb00000, 0x000000008cc00000, 0x000000008cc00000|100%| E|CS|TAMS 0x000000008cb00000| PB 0x000000008cb00000| Complete 
| 114|0x000000008cc00000, 0x000000008cd00000, 0x000000008cd00000|100%| E|  |TAMS 0x000000008cc00000| PB 0x000000008cc00000| Complete 
| 115|0x000000008cd00000, 0x000000008ce00000, 0x000000008ce00000|100%| E|CS|TAMS 0x000000008cd00000| PB 0x000000008cd00000| Complete 
| 116|0x000000008ce00000, 0x000000008cf00000, 0x000000008cf00000|100%| E|CS|TAMS 0x000000008ce00000| PB 0x000000008ce00000| Complete 
| 117|0x000000008cf00000, 0x000000008d000000, 0x000000008d000000|100%| E|CS|TAMS 0x000000008cf00000| PB 0x000000008cf00000| Complete 
| 118|0x000000008d000000, 0x000000008d100000, 0x000000008d100000|100%| E|CS|TAMS 0x000000008d000000| PB 0x000000008d000000| Complete 
| 119|0x000000008d100000, 0x000000008d200000, 0x000000008d200000|100%| E|CS|TAMS 0x000000008d100000| PB 0x000000008d100000| Complete 
| 120|0x000000008d200000, 0x000000008d300000, 0x000000008d300000|100%| E|CS|TAMS 0x000000008d200000| PB 0x000000008d200000| Complete 
| 121|0x000000008d300000, 0x000000008d400000, 0x000000008d400000|100%| E|CS|TAMS 0x000000008d300000| PB 0x000000008d300000| Complete 
| 122|0x000000008d400000, 0x000000008d500000, 0x000000008d500000|100%| E|CS|TAMS 0x000000008d400000| PB 0x000000008d400000| Complete 
| 123|0x000000008d500000, 0x000000008d600000, 0x000000008d600000|100%| E|CS|TAMS 0x000000008d500000| PB 0x000000008d500000| Complete 

Card table byte_map: [0x0000029e71c60000,0x0000029e72040000] _byte_map_base: 0x0000029e71833000

Marking Bits: (CMBitMap*) 0x0000029e583a69f0
 Bits: [0x0000029e72420000, 0x0000029e742b8000)

Polling page: 0x0000029e58410000

Metaspace:

Usage:
  Non-class:      6.25 MB used.
      Class:    767.70 KB used.
       Both:      7.00 MB used.

Virtual space:
  Non-class space:       64.00 MB reserved,       6.31 MB ( 10%) committed,  1 nodes.
      Class space:        1.00 GB reserved,     896.00 KB ( <1%) committed,  1 nodes.
             Both:        1.06 GB reserved,       7.19 MB ( <1%) committed. 

Chunk freelists:
   Non-Class:  1.00 MB
       Class:  3.11 MB
        Both:  4.11 MB

MaxMetaspaceSize: unlimited
CompressedClassSpaceSize: 1.00 GB
Initial GC threshold: 21.00 MB
Current GC threshold: 21.00 MB
CDS: on
MetaspaceReclaimPolicy: balanced
 - commit_granule_bytes: 65536.
 - commit_granule_words: 8192.
 - virtual_space_node_default_size: 8388608.
 - enlarge_chunks_in_place: 1.
 - new_chunks_are_fully_committed: 0.
 - uncommit_free_chunks: 1.
 - use_allocation_guard: 0.


Internal statistics:

num_allocs_failed_limit: 0.
num_arena_births: 152.
num_arena_deaths: 0.
num_vsnodes_births: 2.
num_vsnodes_deaths: 0.
num_space_committed: 115.
num_space_uncommitted: 0.
num_chunks_returned_to_freelist: 0.
num_chunks_taken_from_freelist: 191.
num_chunk_merges: 0.
num_chunk_splits: 111.
num_chunks_enlarged: 44.
num_inconsistent_stats: 0.

CodeHeap 'non-profiled nmethods': size=120000Kb used=555Kb max_used=555Kb free=119444Kb
 bounds [0x0000029e696c0000, 0x0000029e69930000, 0x0000029e70bf0000]
CodeHeap 'profiled nmethods': size=120000Kb used=1637Kb max_used=1637Kb free=118363Kb
 bounds [0x0000029e61bf0000, 0x0000029e61e60000, 0x0000029e69120000]
CodeHeap 'non-nmethods': size=5760Kb used=1732Kb max_used=1794Kb free=4027Kb
 bounds [0x0000029e69120000, 0x0000029e69390000, 0x0000029e696c0000]
 total_blobs=1713 nmethods=1111 adapters=513
 compilation: enabled
              stopped_count=0, restarted_count=0
 full_count=0

Compilation events (20 events):
Event: 4096.065 Thread 0x0000029e76fb7040 nmethod 1102 0x0000029e61d86290 code [0x0000029e61d86420, 0x0000029e61d86680]
Event: 4096.068 Thread 0x0000029e76fb7040 1103       3       jdk.internal.misc.InnocuousThread::eraseThreadLocals (23 bytes)
Event: 4096.079 Thread 0x0000029e76fb7040 nmethod 1103 0x0000029e61d86790 code [0x0000029e61d86920, 0x0000029e61d86b10]
Event: 4096.081 Thread 0x0000029e76fb7040 1104       3       java.lang.ref.ReferenceQueue::remove0 (64 bytes)
Event: 4096.091 Thread 0x0000029e76fb7040 nmethod 1104 0x0000029e61d86b90 code [0x0000029e61d86d80, 0x0000029e61d87208]
Event: 5176.175 Thread 0x0000029e76fb7040 1105       3       jdk.internal.misc.Unsafe::putReferenceOpaque (9 bytes)
Event: 5176.190 Thread 0x0000029e76fb7040 nmethod 1105 0x0000029e61d87390 code [0x0000029e61d87520, 0x0000029e61d87680]
Event: 5296.208 Thread 0x0000029e76fb7040 1106       3       java.util.concurrent.locks.AbstractQueuedSynchronizer$ConditionObject::canReacquire (38 bytes)
Event: 5296.221 Thread 0x0000029e76fb7040 nmethod 1106 0x0000029e61d87710 code [0x0000029e61d878c0, 0x0000029e61d87c50]
Event: 6556.351 Thread 0x0000029e76fb7040 1107       3       java.lang.Thread::isVirtual (5 bytes)
Event: 6556.355 Thread 0x0000029e76fb7040 nmethod 1107 0x0000029e61d87d90 code [0x0000029e61d87f20, 0x0000029e61d88128]
Event: 7087.085 Thread 0x0000029e76fb7040 1108       3       jdk.internal.org.objectweb.asm.ClassWriter::visitMethod (57 bytes)
Event: 7087.122 Thread 0x0000029e76fb7040 nmethod 1108 0x0000029e61d88190 code [0x0000029e61d88340, 0x0000029e61d886a0]
Event: 7087.123 Thread 0x0000029e76fb7040 1111       3       jdk.internal.org.objectweb.asm.MethodWriter::visitMaxs (60 bytes)
Event: 7087.148 Thread 0x0000029e76fb7040 nmethod 1111 0x0000029e61d88810 code [0x0000029e61d889e0, 0x0000029e61d88ca8]
Event: 7087.149 Thread 0x0000029e76fb7040 1114       3       jdk.internal.org.objectweb.asm.MethodWriter::hasFrames (13 bytes)
Event: 7087.149 Thread 0x0000029e76fb7040 nmethod 1114 0x0000029e61d88d90 code [0x0000029e61d88f20, 0x0000029e61d89090]
Event: 7087.149 Thread 0x0000029e76fb7040 1112       3       jdk.internal.org.objectweb.asm.MethodWriter::visitEnd (1 bytes)
Event: 7087.149 Thread 0x0000029e76fb7040 nmethod 1112 0x0000029e61d89110 code [0x0000029e61d892a0, 0x0000029e61d893b0]
Event: 7087.149 Thread 0x0000029e76fb7040 1113       3       jdk.internal.org.objectweb.asm.MethodWriter::computeMethodInfoSize (571 bytes)

GC Heap History (2 events):
Event: 0.644 GC heap before
{Heap before GC invocations=0 (full 0):
 garbage-first heap   total 126976K, used 38912K [0x0000000085a00000, 0x0000000100000000)
  region size 1024K, 23 young (23552K), 0 survivors (0K)
 Metaspace       used 5029K, committed 5312K, reserved 1114112K
  class space    used 521K, committed 640K, reserved 1048576K
}
Event: 0.649 GC heap after
{Heap after GC invocations=1 (full 0):
 garbage-first heap   total 126976K, used 21000K [0x0000000085a00000, 0x0000000100000000)
  region size 1024K, 3 young (3072K), 3 survivors (3072K)
 Metaspace       used 5029K, committed 5312K, reserved 1114112K
  class space    used 521K, committed 640K, reserved 1048576K
}

Dll operation events (9 events):
Event: 0.011 Loaded shared library C:\Program Files\Java\jdk-20\bin\java.dll
Event: 0.031 Loaded shared library C:\Program Files\Java\jdk-20\bin\jsvml.dll
Event: 0.076 Loaded shared library C:\Program Files\Java\jdk-20\bin\net.dll
Event: 0.078 Loaded shared library C:\Program Files\Java\jdk-20\bin\nio.dll
Event: 0.096 Loaded shared library C:\Program Files\Java\jdk-20\bin\zip.dll
Event: 0.115 Loaded shared library C:\Program Files\Java\jdk-20\bin\jimage.dll
Event: 0.128 Loaded shared library C:\Program Files\Java\jdk-20\bin\awt.dll
Event: 0.817 Loaded shared library C:\Program Files\Java\jdk-20\bin\freetype.dll
Event: 0.818 Loaded shared library C:\Program Files\Java\jdk-20\bin\fontmanager.dll

Deoptimization events (20 events):
Event: 0.938 Thread 0x0000029e7c2b1940 Uncommon trap: trap_request=0xffffffde fr.pc=0x0000029e6972cd3c relative=0x000000000000027c
Event: 0.938 Thread 0x0000029e7c2b1940 Uncommon trap: reason=class_check action=maybe_recompile pc=0x0000029e6972cd3c method=java.util.HashMap.getNode(Ljava/lang/Object;)Ljava/util/HashMap$Node; @ 63 c2
Event: 0.938 Thread 0x0000029e7c2b1940 DEOPT PACKING pc=0x0000029e6972cd3c sp=0x000000fc5fffd340
Event: 0.938 Thread 0x0000029e7c2b1940 DEOPT UNPACKING pc=0x0000029e6913d2a2 sp=0x000000fc5fffd248 mode 2
Event: 0.939 Thread 0x0000029e7c2b1940 Uncommon trap: trap_request=0xffffffde fr.pc=0x0000029e6972cd3c relative=0x000000000000027c
Event: 0.939 Thread 0x0000029e7c2b1940 Uncommon trap: reason=class_check action=maybe_recompile pc=0x0000029e6972cd3c method=java.util.HashMap.getNode(Ljava/lang/Object;)Ljava/util/HashMap$Node; @ 63 c2
Event: 0.939 Thread 0x0000029e7c2b1940 DEOPT PACKING pc=0x0000029e6972cd3c sp=0x000000fc5fffd450
Event: 0.939 Thread 0x0000029e7c2b1940 DEOPT UNPACKING pc=0x0000029e6913d2a2 sp=0x000000fc5fffd358 mode 2
Event: 0.940 Thread 0x0000029e7c2b1940 Uncommon trap: trap_request=0xffffffde fr.pc=0x0000029e6972cd3c relative=0x000000000000027c
Event: 0.940 Thread 0x0000029e7c2b1940 Uncommon trap: reason=class_check action=maybe_recompile pc=0x0000029e6972cd3c method=java.util.HashMap.getNode(Ljava/lang/Object;)Ljava/util/HashMap$Node; @ 63 c2
Event: 0.940 Thread 0x0000029e7c2b1940 DEOPT PACKING pc=0x0000029e6972cd3c sp=0x000000fc5fffd340
Event: 0.940 Thread 0x0000029e7c2b1940 DEOPT UNPACKING pc=0x0000029e6913d2a2 sp=0x000000fc5fffd248 mode 2
Event: 0.941 Thread 0x0000029e7c2b1940 Uncommon trap: trap_request=0xffffffde fr.pc=0x0000029e6972cd3c relative=0x000000000000027c
Event: 0.941 Thread 0x0000029e7c2b1940 Uncommon trap: reason=class_check action=maybe_recompile pc=0x0000029e6972cd3c method=java.util.HashMap.getNode(Ljava/lang/Object;)Ljava/util/HashMap$Node; @ 63 c2
Event: 0.941 Thread 0x0000029e7c2b1940 DEOPT PACKING pc=0x0000029e6972cd3c sp=0x000000fc5fffd450
Event: 0.941 Thread 0x0000029e7c2b1940 DEOPT UNPACKING pc=0x0000029e6913d2a2 sp=0x000000fc5fffd358 mode 2
Event: 0.948 Thread 0x0000029e7c2b1940 Uncommon trap: trap_request=0xffffffde fr.pc=0x0000029e6972841c relative=0x000000000000027c
Event: 0.948 Thread 0x0000029e7c2b1940 Uncommon trap: reason=class_check action=maybe_recompile pc=0x0000029e6972841c method=java.util.HashMap.getNode(Ljava/lang/Object;)Ljava/util/HashMap$Node; @ 63 c2
Event: 0.948 Thread 0x0000029e7c2b1940 DEOPT PACKING pc=0x0000029e6972841c sp=0x000000fc5fffd2d0
Event: 0.948 Thread 0x0000029e7c2b1940 DEOPT UNPACKING pc=0x0000029e6913d2a2 sp=0x000000fc5fffd248 mode 2

Classes loaded (20 events):
Event: 0.989 Loading class java/text/CharacterIterator
Event: 0.989 Loading class java/text/CharacterIterator done
Event: 0.989 Loading class java/text/AttributedCharacterIterator done
Event: 0.989 Loading class java/text/AttributedString$AttributedStringIterator done
Event: 0.989 Loading class java/awt/event/ContainerEvent
Event: 0.990 Loading class java/awt/event/ContainerEvent done
Event: 0.990 Loading class java/applet/Applet
Event: 0.990 Loading class java/awt/Panel
Event: 0.990 Loading class java/awt/Panel done
Event: 0.990 Loading class java/applet/Applet done
Event: 2.325 Loading class java/awt/LightweightDispatcher$2
Event: 2.325 Loading class java/awt/LightweightDispatcher$2 done
Event: 3.187 Loading class java/awt/KeyboardFocusManager$2
Event: 3.187 Loading class java/awt/KeyboardFocusManager$2 done
Event: 3.190 Loading class sun/awt/SunToolkit$1
Event: 3.190 Loading class sun/awt/SunToolkit$1 done
Event: 877.199 Loading class java/awt/desktop/SystemSleepListener
Event: 877.204 Loading class java/awt/desktop/SystemEventListener
Event: 877.206 Loading class java/awt/desktop/SystemEventListener done
Event: 877.206 Loading class java/awt/desktop/SystemSleepListener done

Classes unloaded (0 events):
No events

Classes redefined (0 events):
No events

Internal exceptions (16 events):
Event: 0.079 Thread 0x0000029e58345240 Exception <a 'sun/nio/fs/WindowsException'{0x000000008d444c50}> (0x000000008d444c50) 
thrown [s\open\src\hotspot\share\prims\jni.cpp, line 519]
Event: 0.080 Thread 0x0000029e58345240 Exception <a 'sun/nio/fs/WindowsException'{0x000000008d447198}> (0x000000008d447198) 
thrown [s\open\src\hotspot\share\prims\jni.cpp, line 519]
Event: 0.080 Thread 0x0000029e58345240 Exception <a 'sun/nio/fs/WindowsException'{0x000000008d447c78}> (0x000000008d447c78) 
thrown [s\open\src\hotspot\share\prims\jni.cpp, line 519]
Event: 0.080 Thread 0x0000029e58345240 Exception <a 'sun/nio/fs/WindowsException'{0x000000008d448770}> (0x000000008d448770) 
thrown [s\open\src\hotspot\share\prims\jni.cpp, line 519]
Event: 0.119 Thread 0x0000029e58345240 Exception <a 'java/lang/ClassNotFoundException'{0x000000008d3aed70}: sun/awt/resources/spi/awtProvider> (0x000000008d3aed70) 
thrown [s\open\src\hotspot\share\classfile\systemDictionary.cpp, line 305]
Event: 0.137 Thread 0x0000029e58345240 Exception <a 'java/io/FileNotFoundException'{0x000000008d205d70}> (0x000000008d205d70) 
thrown [s\open\src\hotspot\share\prims\jni.cpp, line 519]
Event: 0.144 Thread 0x0000029e58345240 Exception <a 'java/io/FileNotFoundException'{0x000000008d22fd00}> (0x000000008d22fd00) 
thrown [s\open\src\hotspot\share\prims\jni.cpp, line 519]
Event: 0.226 Thread 0x0000029e58345240 Exception <a 'java/lang/NoSuchMethodError'{0x000000008d2c4790}: 'void java.lang.invoke.DirectMethodHandle$Holder.invokeSpecial(java.lang.Object, java.lang.Object, java.lang.Object)'> (0x000000008d2c4790) 
thrown [s\open\src\hotspot\share\interpreter\linkResolver.cpp, line 773]
Event: 0.236 Thread 0x0000029e58345240 Exception <a 'java/lang/NoSuchMethodError'{0x000000008d179760}: 'java.lang.Object java.lang.invoke.DirectMethodHandle$Holder.newInvokeSpecial(java.lang.Object, java.lang.Object, java.lang.Object, java.lang.Object, java.lang.Object)'> (0x000000008d179760) 
thrown [s\open\src\hotspot\share\interpreter\linkResolver.cpp, line 773]
Event: 0.242 Thread 0x0000029e58345240 Exception <a 'java/lang/NoSuchMethodError'{0x000000008d1aa008}: 'java.lang.Object java.lang.invoke.DirectMethodHandle$Holder.invokeStatic(java.lang.Object, int, java.lang.Object)'> (0x000000008d1aa008) 
thrown [s\open\src\hotspot\share\interpreter\linkResolver.cpp, line 773]
Event: 0.273 Thread 0x0000029e58345240 Exception <a 'java/lang/ClassNotFoundException'{0x000000008d0650e8}: com/sun/swing/internal/plaf/metal/resources/spi/metalProvider> (0x000000008d0650e8) 
thrown [s\open\src\hotspot\share\classfile\systemDictionary.cpp, line 305]
Event: 0.274 Thread 0x0000029e58345240 Exception <a 'java/lang/ClassNotFoundException'{0x000000008d068ff8}: com/sun/swing/internal/plaf/basic/resources/spi/basicProvider> (0x000000008d068ff8) 
thrown [s\open\src\hotspot\share\classfile\systemDictionary.cpp, line 305]
Event: 0.290 Thread 0x0000029e58345240 Exception <a 'java/lang/NoSuchMethodError'{0x000000008d088440}: 'int java.lang.invoke.Invokers$Holder.invokeExact_MT(java.lang.Object, java.lang.Object)'> (0x000000008d088440) 
thrown [s\open\src\hotspot\share\interpreter\linkResolver.cpp, line 773]
Event: 0.360 Thread 0x0000029e7b4fea80 Exception <a 'java/lang/NoSuchMethodError'{0x000000008ce9eb38}: 'java.lang.Object java.lang.invoke.DirectMethodHandle$Holder.newInvokeSpecial(java.lang.Object, java.lang.Object, java.lang.Object, int, int, int, int, int)'> (0x000000008ce9eb38) 
thrown [s\open\src\hotspot\share\interpreter\linkResolver.cpp, line 773]
Event: 0.801 Thread 0x0000029e7b492730 Exception <a 'java/lang/NoSuchMethodError'{0x000000008cb765d0}: 'void java.lang.invoke.DirectMethodHandle$Holder.invokeVirtual(java.lang.Object, java.lang.Object)'> (0x000000008cb765d0) 
thrown [s\open\src\hotspot\share\interpreter\linkResolver.cpp, line 773]
Event: 0.814 Thread 0x0000029e58345240 Exception <a 'java/lang/NoSuchMethodError'{0x000000008cbcef30}: 'void java.lang.invoke.DirectMethodHandle$Holder.invokeStaticInit(java.lang.Object)'> (0x000000008cbcef30) 
thrown [s\open\src\hotspot\share\interpreter\linkResolver.cpp, line 773]

VM Operations (20 events):
Event: 0.393 Executing VM operation: HandshakeAllThreads
Event: 0.394 Executing VM operation: HandshakeAllThreads done
Event: 0.448 Executing VM operation: HandshakeAllThreads
Event: 0.448 Executing VM operation: HandshakeAllThreads done
Event: 0.644 Executing VM operation: G1CollectForAllocation
Event: 0.649 Executing VM operation: G1CollectForAllocation done
Event: 0.820 Executing VM operation: HandshakeAllThreads
Event: 0.820 Executing VM operation: HandshakeAllThreads done
Event: 0.892 Executing VM operation: HandshakeAllThreads
Event: 0.892 Executing VM operation: HandshakeAllThreads done
Event: 0.928 Executing VM operation: HandshakeAllThreads
Event: 0.928 Executing VM operation: HandshakeAllThreads done
Event: 1.936 Executing VM operation: Cleanup
Event: 1.937 Executing VM operation: Cleanup done
Event: 2.950 Executing VM operation: Cleanup
Event: 2.950 Executing VM operation: Cleanup done
Event: 60.074 Executing VM operation: HandshakeAllThreads
Event: 60.074 Executing VM operation: HandshakeAllThreads done
Event: 4156.390 Executing VM operation: Cleanup
Event: 4156.407 Executing VM operation: Cleanup done

Events (20 events):
Event: 0.041 Thread 0x0000029e76f8feb0 Thread added: 0x0000029e76f8feb0
Event: 0.041 Thread 0x0000029e76f92940 Thread added: 0x0000029e76f92940
Event: 0.041 Thread 0x0000029e76f94030 Thread added: 0x0000029e76f94030
Event: 0.041 Thread 0x0000029e76fb7040 Thread added: 0x0000029e76fb7040
Event: 0.066 Thread 0x0000029e76f523c0 Thread added: 0x0000029e76f523c0
Event: 0.090 Thread 0x0000029e7b2b2a70 Thread added: 0x0000029e7b2b2a70
Event: 0.093 Thread 0x0000029e7b2b3c40 Thread added: 0x0000029e7b2b3c40
Event: 0.192 Thread 0x0000029e7b3c4630 Thread added: 0x0000029e7b3c4630
Event: 0.193 Thread 0x0000029e7b48f720 Thread added: 0x0000029e7b48f720
Event: 0.194 Thread 0x0000029e7b492730 Thread added: 0x0000029e7b492730
Event: 0.295 Thread 0x0000029e7b4fea80 Thread added: 0x0000029e7b4fea80
Event: 0.480 Thread 0x0000029e7c28c550 Thread added: 0x0000029e7c28c550
Event: 0.644 Thread 0x0000029e7cfd52f0 Thread added: 0x0000029e7cfd52f0
Event: 0.799 Thread 0x0000029e7c2b1940 Thread added: 0x0000029e7c2b1940
Event: 0.888 Thread 0x0000029e58345240 Thread exited: 0x0000029e58345240
Event: 0.888 Thread 0x0000029e58345240 Thread added: 0x0000029e58345240
Event: 1.387 Thread 0x0000029e7cfd52f0 Thread exited: 0x0000029e7cfd52f0
Event: 1.395 Thread 0x0000029e7b2b3c40 Thread exited: 0x0000029e7b2b3c40
Event: 5.791 Thread 0x0000029e7c28c550 Thread exited: 0x0000029e7c28c550
Event: 5.806 Thread 0x0000029e7b4fea80 Thread exited: 0x0000029e7b4fea80


Dynamic libraries:
0x00007ff6afc80000 - 0x00007ff6afc90000 	C:\Program Files\Java\jdk-20\bin\java.exe
0x00007ffccd710000 - 0x00007ffccd927000 	C:\windows\SYSTEM32\ntdll.dll
0x00007ffccbee0000 - 0x00007ffccbfa4000 	C:\windows\System32\KERNEL32.DLL
0x00007ffccabb0000 - 0x00007ffccaf56000 	C:\windows\System32\KERNELBASE.dll
0x00007ffccaf60000 - 0x00007ffccb071000 	C:\windows\System32\ucrtbase.dll
0x00007ffcb1ac0000 - 0x00007ffcb1ad9000 	C:\Program Files\Java\jdk-20\bin\jli.dll
0x00007ffcb1aa0000 - 0x00007ffcb1abb000 	C:\Program Files\Java\jdk-20\bin\VCRUNTIME140.dll
0x00007ffccd560000 - 0x00007ffccd610000 	C:\windows\System32\ADVAPI32.dll
0x00007ffccbaa0000 - 0x00007ffccbb47000 	C:\windows\System32\msvcrt.dll
0x00007ffccbb50000 - 0x00007ffccbbf6000 	C:\windows\System32\sechost.dll
0x00007ffccbc80000 - 0x00007ffccbd97000 	C:\windows\System32\RPCRT4.dll
0x00007ffccc230000 - 0x00007ffccc3dd000 	C:\windows\System32\USER32.dll
0x00007ffccab00000 - 0x00007ffccab26000 	C:\windows\System32\win32u.dll
0x00007ffccbe80000 - 0x00007ffccbea9000 	C:\windows\System32\GDI32.dll
0x00007ffca8040000 - 0x00007ffca82d3000 	C:\windows\WinSxS\amd64_microsoft.windows.common-controls_6595b64144ccf1df_6.0.22621.2361_none_2712ced57382f843\COMCTL32.dll
0x00007ffccb1e0000 - 0x00007ffccb2f8000 	C:\windows\System32\gdi32full.dll
0x00007ffccb140000 - 0x00007ffccb1da000 	C:\windows\System32\msvcp_win.dll
0x00007ffcc4300000 - 0x00007ffcc430a000 	C:\windows\SYSTEM32\VERSION.dll
0x00007ffccc1f0000 - 0x00007ffccc221000 	C:\windows\System32\IMM32.DLL
0x00007ffcb1a90000 - 0x00007ffcb1a9c000 	C:\Program Files\Java\jdk-20\bin\vcruntime140_1.dll
0x00007ffc9a220000 - 0x00007ffc9a2ae000 	C:\Program Files\Java\jdk-20\bin\msvcp140.dll
0x00007ffc0dd50000 - 0x00007ffc0e9e8000 	C:\Program Files\Java\jdk-20\bin\server\jvm.dll
0x00007ffcc0da0000 - 0x00007ffcc0dd4000 	C:\windows\SYSTEM32\WINMM.dll
0x00007ffca1c00000 - 0x00007ffca1c09000 	C:\windows\SYSTEM32\WSOCK32.dll
0x00007ffccc170000 - 0x00007ffccc1e1000 	C:\windows\System32\WS2_32.dll
0x00007ffcc9b60000 - 0x00007ffcc9b78000 	C:\windows\SYSTEM32\kernel.appcore.dll
0x00007ffcac940000 - 0x00007ffcac94a000 	C:\Program Files\Java\jdk-20\bin\jimage.dll
0x00007ffcc7cb0000 - 0x00007ffcc7ede000 	C:\windows\SYSTEM32\DBGHELP.DLL
0x00007ffccb710000 - 0x00007ffccba9a000 	C:\windows\System32\combase.dll
0x00007ffccbda0000 - 0x00007ffccbe77000 	C:\windows\System32\OLEAUT32.dll
0x00007ffcb1930000 - 0x00007ffcb1962000 	C:\windows\SYSTEM32\dbgcore.DLL
0x00007ffccab30000 - 0x00007ffccabaa000 	C:\windows\System32\bcryptPrimitives.dll
0x00007ffca88f0000 - 0x00007ffca8916000 	C:\Program Files\Java\jdk-20\bin\java.dll
0x00007ffca8810000 - 0x00007ffca88e7000 	C:\Program Files\Java\jdk-20\bin\jsvml.dll
0x00007ffccc6b0000 - 0x00007ffcccf08000 	C:\windows\System32\SHELL32.dll
0x00007ffcc89b0000 - 0x00007ffcc92a2000 	C:\windows\SYSTEM32\windows.storage.dll
0x00007ffcc8870000 - 0x00007ffcc89ae000 	C:\windows\SYSTEM32\wintypes.dll
0x00007ffccc5b0000 - 0x00007ffccc6a3000 	C:\windows\System32\SHCORE.dll
0x00007ffcccf10000 - 0x00007ffcccf6e000 	C:\windows\System32\shlwapi.dll
0x00007ffcca9c0000 - 0x00007ffcca9e6000 	C:\windows\SYSTEM32\profapi.dll
0x00007ffca87f0000 - 0x00007ffca8803000 	C:\Program Files\Java\jdk-20\bin\net.dll
0x00007ffcc3540000 - 0x00007ffcc3677000 	C:\windows\SYSTEM32\WINHTTP.dll
0x00007ffcca040000 - 0x00007ffcca0a9000 	C:\windows\system32\mswsock.dll
0x00007ffca8420000 - 0x00007ffca8436000 	C:\Program Files\Java\jdk-20\bin\nio.dll
0x00007ffca8400000 - 0x00007ffca8418000 	C:\Program Files\Java\jdk-20\bin\zip.dll
0x00007ffc3c740000 - 0x00007ffc3c8d1000 	C:\Program Files\Java\jdk-20\bin\awt.dll
0x00007ffcc7a10000 - 0x00007ffcc7aa7000 	C:\windows\SYSTEM32\apphelp.dll
0x00007ffcc8210000 - 0x00007ffcc823b000 	C:\windows\system32\DWMAPI.DLL
0x00007ffcc7fc0000 - 0x00007ffcc806b000 	C:\windows\system32\uxtheme.dll
0x00007ffca7c20000 - 0x00007ffca7d20000 	C:\windows\system32\opengl32.dll
0x00007ffca7b70000 - 0x00007ffca7b9d000 	C:\windows\SYSTEM32\GLU32.dll
0x00007ffcc80c0000 - 0x00007ffcc80f6000 	C:\windows\SYSTEM32\dxcore.dll
0x00007ffccc3e0000 - 0x00007ffccc52c000 	C:\windows\System32\MSCTF.dll
0x00007ffccb570000 - 0x00007ffccb70f000 	C:\windows\System32\ole32.dll
0x00007ffc8d270000 - 0x00007ffc8d2f6000 	C:\Program Files\Java\jdk-20\bin\freetype.dll
0x00007ffc78250000 - 0x00007ffc78323000 	C:\Program Files\Java\jdk-20\bin\fontmanager.dll
0x00007ffcad6b0000 - 0x00007ffcad7fa000 	C:\windows\SYSTEM32\textinputframework.dll
0x00007ffcc7490000 - 0x00007ffcc75c3000 	C:\windows\SYSTEM32\CoreMessaging.dll
0x00007ffcc51c0000 - 0x00007ffcc552c000 	C:\windows\SYSTEM32\CoreUIComponents.dll
0x00007ffcca2b0000 - 0x00007ffcca2bc000 	C:\windows\SYSTEM32\CRYPTBASE.DLL

dbghelp: loaded successfully - version: 4.0.5 - missing functions: none
symbol engine: initialized successfully - sym options: 0x614 - pdb path: .;C:\Program Files\Java\jdk-20\bin;C:\windows\SYSTEM32;C:\windows\WinSxS\amd64_microsoft.windows.common-controls_6595b64144ccf1df_6.0.22621.2361_none_2712ced57382f843;C:\Program Files\Java\jdk-20\bin\server

VM Arguments:
jvm_args: -Dfile.encoding=UTF-8 --module-path=C:\Users\yashj\OneDrive\Documents\NetBeansProjects\farmerbuddy\build\classes 
java_command: farmerbuddy.farmmarket2
java_class_path (initial): C:\Users\yashj\Downloads\mysql-connector-java-8.0.28.jar;C:\Users\yashj\Downloads\rs2xml.jar;C:\Users\yashj\OneDrive\Desktop\jsp-api-2.0.jar;C:\Users\yashj\OneDrive\Desktop\servlet-api.jar;C:\Users\yashj\OneDrive\Desktop\commons-logging-1.2.jar;C:\Users\yashj\OneDrive\Desktop\jstl-1.2.jar;C:\Users\yashj\OneDrive\Documents\NetBeansProjects\farmerbuddy\build\classes
Launcher Type: SUN_STANDARD

[Global flags]
     intx CICompilerCount                          = 4                                         {product} {ergonomic}
     uint ConcGCThreads                            = 3                                         {product} {ergonomic}
     uint G1ConcRefinementThreads                  = 10                                        {product} {ergonomic}
   size_t G1HeapRegionSize                         = 1048576                                   {product} {ergonomic}
    uintx GCDrainStackTargetSize                   = 64                                        {product} {ergonomic}
   size_t InitialHeapSize                          = 130023424                                 {product} {ergonomic}
   size_t MarkStackSize                            = 4194304                                   {product} {ergonomic}
   size_t MaxHeapSize                              = 2053111808                                {product} {ergonomic}
   size_t MaxNewSize                               = 1231028224                                {product} {ergonomic}
   size_t MinHeapDeltaBytes                        = 1048576                                   {product} {ergonomic}
   size_t MinHeapSize                              = 8388608                                   {product} {ergonomic}
    uintx NonNMethodCodeHeapSize                   = 5839372                                {pd product} {ergonomic}
    uintx NonProfiledCodeHeapSize                  = 122909434                              {pd product} {ergonomic}
    uintx ProfiledCodeHeapSize                     = 122909434                              {pd product} {ergonomic}
    uintx ReservedCodeCacheSize                    = 251658240                              {pd product} {ergonomic}
     bool SegmentedCodeCache                       = true                                      {product} {ergonomic}
   size_t SoftMaxHeapSize                          = 2053111808                             {manageable} {ergonomic}
     bool UseCompressedClassPointers               = true                           {product lp64_product} {ergonomic}
     bool UseCompressedOops                        = true                           {product lp64_product} {ergonomic}
     bool UseG1GC                                  = true                                      {product} {ergonomic}
     bool UseLargePagesIndividualAllocation        = false                                  {pd product} {ergonomic}

Logging:
Log output configuration:
 #0: stdout all=warning uptime,level,tags foldmultilines=false
 #1: stderr all=off uptime,level,tags foldmultilines=false

Environment Variables:
PATH=C:\Program Files\Common Files\Oracle\Java\javapath;C:\windows\system32;C:\windows;C:\windows\System32\Wbem;C:\windows\System32\WindowsPowerShell\v1.0\;C:\windows\System32\OpenSSH\;C:\Program Files (x86)\NVIDIA Corporation\PhysX\Common;C:\Program Files\NVIDIA Corporation\NVIDIA NvDLISR;C:\Program Files\MySQL\MySQL Shell 8.0\bin\;C:\Users\yashj\AppData\Local\Microsoft\WindowsApps;;C:\Program Files\JetBrains\IntelliJ IDEA Community Edition 2023.1.4\bin;;C:\Users\yashj\AppData\Local\Programs\Microsoft VS Code\bin
USERNAME=yashj
OS=Windows_NT
PROCESSOR_IDENTIFIER=Intel64 Family 6 Model 141 Stepping 1, GenuineIntel
TMP=C:\Users\yashj\AppData\Local\Temp
TEMP=C:\Users\yashj\AppData\Local\Temp




---------------  S Y S T E M  ---------------

OS:
 Windows 11 , 64 bit Build 22621 (10.0.22621.2428)
OS uptime: 0 days 3:52 hours
Hyper-V role detected

CPU: total 12 (initial active 12) (6 cores per cpu, 2 threads per core) family 6 model 141 stepping 1 microcode 0x46, cx8, cmov, fxsr, ht, mmx, 3dnowpref, sse, sse2, sse3, ssse3, sse4.1, sse4.2, popcnt, lzcnt, tsc, tscinvbit, avx, avx2, aes, erms, clmul, bmi1, bmi2, adx, avx512f, avx512dq, avx512cd, avx512bw, avx512vl, sha, fma, vzeroupper, avx512_vpopcntdq, avx512_vpclmulqdq, avx512_vaes, avx512_vnni, clflush, clflushopt, clwb, avx512_vbmi2, avx512_vbmi, hv, rdtscp, rdpid, fsrm, gfni, avx512_bitalg, f16c, cet_ibt, cet_ss, avx512_ifma

Memory: 4k page, system-wide physical 7830M (207M free)
TotalPageFile size 31382M (AvailPageFile size 17M)
current process WorkingSet (physical memory assigned to process): 15M, peak: 144M
current process commit charge ("private bytes"): 231M, peak: 265M

vm_info: Java HotSpot(TM) 64-Bit Server VM (20.0.2+9-78) for windows-amd64 JRE (20.0.2+9-78), built on 2023-06-14T10:08:48Z by "mach5one" with MS VC++ 17.1 (VS2022)

END.
