#
# There is insufficient memory for the Java Runtime Environment to continue.
# Native memory allocation (malloc) failed to allocate 32744 bytes for Chunk::new
# Possible reasons:
#   The system is out of physical RAM or swap space
#   The process is running with CompressedOops enabled, and the Java Heap may be blocking the growth of the native heap
# Possible solutions:
#   Reduce memory load on the system
#   Increase physical memory or swap space
#   Check if swap backing store is full
#   Decrease Java heap size (-Xmx/-Xms)
#   Decrease number of Java threads
#   Decrease Java thread stack sizes (-Xss)
#   Set larger code cache with -XX:ReservedCodeCacheSize=
#   JVM is running with Unscaled Compressed Oops mode in which the Java heap is
#     placed in the first 4GB address space. The Java Heap base address is the
#     maximum limit for the native heap growth. Please use -XX:HeapBaseMinAddress
#     to set the Java Heap base and to place the Java Heap above 4GB virtual address.
# This output file may be truncated or incomplete.
#
#  Out of Memory Error (arena.cpp:184), pid=21556, tid=23948
#
# JRE version: Java(TM) SE Runtime Environment (20.0.2+9) (build 20.0.2+9-78)
# Java VM: Java HotSpot(TM) 64-Bit Server VM (20.0.2+9-78, mixed mode, sharing, tiered, compressed oops, compressed class ptrs, g1 gc, windows-amd64)
# No core dump will be written. Minidumps are not enabled by default on client versions of Windows
#

---------------  S U M M A R Y ------------

Command Line: -Dfile.encoding=UTF-8 --module-path=C:\Users\yashj\OneDrive\Documents\NetBeansProjects\farmerbuddy\build\classes farmerbuddy.farmmarket

Host: 11th Gen Intel(R) Core(TM) i5-11400H @ 2.70GHz, 12 cores, 7G,  Windows 11 , 64 bit Build 22621 (10.0.22621.2428)
Time: Wed Oct 25 02:26:32 2023 India Standard Time elapsed time: 9381.756743 seconds (0d 2h 36m 21s)

---------------  T H R E A D  ---------------

Current thread (0x000001eef3404630):  JavaThread "C1 CompilerThread0" daemon [_thread_in_native, id=23948, stack(0x00000080d6200000,0x00000080d6300000)]


Current CompileTask:
C1:9381757 1566       3       jdk.internal.org.objectweb.asm.MethodWriter::computeMethodInfoSize (571 bytes)

Stack: [0x00000080d6200000,0x00000080d6300000]
Native frames: (J=compiled Java code, j=interpreted, Vv=VM code, C=native code)
V  [jvm.dll+0x6bc25a]
V  [jvm.dll+0x84971a]
V  [jvm.dll+0x84b315]
V  [jvm.dll+0x84ba13]
V  [jvm.dll+0x280e4f]
V  [jvm.dll+0xc2ab1]
V  [jvm.dll+0xc2dd5]
V  [jvm.dll+0x19fcdf]
V  [jvm.dll+0x19eb8e]
V  [jvm.dll+0x1589f3]
V  [jvm.dll+0x1582e2]
V  [jvm.dll+0x158514]
V  [jvm.dll+0x157956]
V  [jvm.dll+0x15968d]
V  [jvm.dll+0x25a0eb]
V  [jvm.dll+0x2587c0]
V  [jvm.dll+0x3f2dd5]
V  [jvm.dll+0x7f5c76]
V  [jvm.dll+0x6baecb]
C  [ucrtbase.dll+0x29363]
C  [KERNEL32.DLL+0x1257d]
C  [ntdll.dll+0x5aa78]


---------------  P R O C E S S  ---------------

Threads class SMR info:
_java_thread_list=0x000001eef7e96200, length=15, elements={
0x000001eef33f2660, 0x000001eef33f3350, 0x000001eef33f4f30, 0x000001eef33f6aa0,
0x000001eef33fba80, 0x000001eef33fadd0, 0x000001eef33fcd00, 0x000001eef3404630,
0x000001eef787f480, 0x000001eef796bb00, 0x000001eef7bebf20, 0x000001eef7da2410,
0x000001eef7bfdc30, 0x000001eef847ab20, 0x000001eed6735400
}

Java Threads: ( => current thread )
  0x000001eef33f2660 JavaThread "Reference Handler" daemon [_thread_blocked, id=16024, stack(0x00000080d5b00000,0x00000080d5c00000)]
  0x000001eef33f3350 JavaThread "Finalizer" daemon [_thread_blocked, id=17952, stack(0x00000080d5c00000,0x00000080d5d00000)]
  0x000001eef33f4f30 JavaThread "Signal Dispatcher" daemon [_thread_blocked, id=23268, stack(0x00000080d5d00000,0x00000080d5e00000)]
  0x000001eef33f6aa0 JavaThread "Attach Listener" daemon [_thread_blocked, id=8620, stack(0x00000080d5e00000,0x00000080d5f00000)]
  0x000001eef33fba80 JavaThread "Service Thread" daemon [_thread_blocked, id=15060, stack(0x00000080d5f00000,0x00000080d6000000)]
  0x000001eef33fadd0 JavaThread "Monitor Deflation Thread" daemon [_thread_blocked, id=1580, stack(0x00000080d6000000,0x00000080d6100000)]
  0x000001eef33fcd00 JavaThread "C2 CompilerThread0" daemon [_thread_blocked, id=1312, stack(0x00000080d6100000,0x00000080d6200000)]
=>0x000001eef3404630 JavaThread "C1 CompilerThread0" daemon [_thread_in_native, id=23948, stack(0x00000080d6200000,0x00000080d6300000)]
  0x000001eef787f480 JavaThread "Common-Cleaner" daemon [_thread_blocked, id=12480, stack(0x00000080d6300000,0x00000080d6400000)]
  0x000001eef796bb00 JavaThread "Notification Thread" daemon [_thread_blocked, id=7296, stack(0x00000080d6400000,0x00000080d6500000)]
  0x000001eef7bebf20 JavaThread "Java2D Disposer" daemon [_thread_blocked, id=16472, stack(0x00000080d6700000,0x00000080d6800000)]
  0x000001eef7da2410 JavaThread "AWT-Shutdown" [_thread_blocked, id=22088, stack(0x00000080d6800000,0x00000080d6900000)]
  0x000001eef7bfdc30 JavaThread "AWT-Windows" daemon [_thread_in_Java, id=12852, stack(0x00000080d6900000,0x00000080d6a00000)]
  0x000001eef847ab20 JavaThread "AWT-EventQueue-0" [_thread_blocked, id=11292, stack(0x00000080d7500000,0x00000080d7600000)]
  0x000001eed6735400 JavaThread "DestroyJavaVM" [_thread_blocked, id=17648, stack(0x00000080d5400000,0x00000080d5500000)]

Other Threads:
  0x000001eef33d56d0 VMThread "VM Thread" [stack: 0x00000080d5a00000,0x00000080d5b00000] [id=12856]
  0x000001eef79a84e0 WatcherThread "VM Periodic Task Thread" [stack: 0x00000080d6500000,0x00000080d6600000] [id=22312]
  0x000001eed6795670 WorkerThread "GC Thread#0" [stack: 0x00000080d5500000,0x00000080d5600000] [id=24464]
  0x000001eef8de2020 WorkerThread "GC Thread#1" [stack: 0x00000080d6d00000,0x00000080d6e00000] [id=23232]
  0x000001eef852dac0 WorkerThread "GC Thread#2" [stack: 0x00000080d6e00000,0x00000080d6f00000] [id=8196]
  0x000001eef852e060 WorkerThread "GC Thread#3" [stack: 0x00000080d6f00000,0x00000080d7000000] [id=23012]
  0x000001eef852ccb0 WorkerThread "GC Thread#4" [stack: 0x00000080d7000000,0x00000080d7100000] [id=22900]
  0x000001eef852e330 WorkerThread "GC Thread#5" [stack: 0x00000080d7100000,0x00000080d7200000] [id=24396]
  0x000001eef852c9e0 WorkerThread "GC Thread#6" [stack: 0x00000080d7200000,0x00000080d7300000] [id=2916]
  0x000001eef852cf80 WorkerThread "GC Thread#7" [stack: 0x00000080d7300000,0x00000080d7400000] [id=13244]
  0x000001eef852d250 WorkerThread "GC Thread#8" [stack: 0x00000080d7400000,0x00000080d7500000] [id=4624]
  0x000001eef852dd90 WorkerThread "GC Thread#9" [stack: 0x00000080d6c00000,0x00000080d6d00000] [id=23112]
  0x000001eed67a5ac0 ConcurrentGCThread "G1 Main Marker" [stack: 0x00000080d5600000,0x00000080d5700000] [id=11516]
  0x000001eed67a64f0 WorkerThread "G1 Conc#0" [stack: 0x00000080d5700000,0x00000080d5800000] [id=744]
  0x000001eef852e600 WorkerThread "G1 Conc#1" [stack: 0x00000080d6a00000,0x00000080d6b00000] [id=4032]
  0x000001eef7fb2280 WorkerThread "G1 Conc#2" [stack: 0x00000080d7600000,0x00000080d7700000] [id=20412]
  0x000001eef32944e0 ConcurrentGCThread "G1 Refine#0" [stack: 0x00000080d5800000,0x00000080d5900000] [id=9328]
  0x000001eed67fcf40 ConcurrentGCThread "G1 Service" [stack: 0x00000080d5900000,0x00000080d5a00000] [id=17844]

Threads with active compile tasks:
C1 CompilerThread0  9381829 1566       3       jdk.internal.org.objectweb.asm.MethodWriter::computeMethodInfoSize (571 bytes)

VM state: not at safepoint (normal execution)

VM Mutex/Monitor currently owned by a thread: None

Heap address: 0x0000000085a00000, size: 1958 MB, Compressed Oops mode: 32-bit

CDS archive(s) mapped at: [0x000001ee80000000-0x000001ee80c60000-0x000001ee80c60000), size 12976128, SharedBaseAddress: 0x000001ee80000000, ArchiveRelocationMode: 1.
Compressed class space mapped at: 0x000001ee81000000-0x000001eec1000000, reserved size: 1073741824
Narrow klass base: 0x000001ee80000000, Narrow klass shift: 0, Narrow klass range: 0x100000000

GC Precious Log:
 CardTable entry size: 512
 Card Set container configuration: InlinePtr #cards 5 size 8 Array Of Cards #cards 12 size 40 Howl #buckets 4 coarsen threshold 1843 Howl Bitmap #cards 512 size 80 coarsen threshold 460 Card regions per heap region 1 cards per card region 2048
 CPUs: 12 total, 12 available
 Memory: 7830M
 Large Page Support: Disabled
 NUMA Support: Disabled
 Compressed Oops: Enabled (32-bit)
 Heap Region Size: 1M
 Heap Min Capacity: 8M
 Heap Initial Capacity: 124M
 Heap Max Capacity: 1958M
 Pre-touch: Disabled
 Parallel Workers: 10
 Concurrent Workers: 3
 Concurrent Refinement Workers: 10
 Periodic GC: Disabled

Heap:
 garbage-first heap   total 179200K, used 129529K [0x0000000085a00000, 0x0000000100000000)
  region size 1024K, 20 young (20480K), 1 survivors (1024K)
 Metaspace       used 7697K, committed 7936K, reserved 1114112K
  class space    used 781K, committed 896K, reserved 1048576K

Heap Regions: E=young(eden), S=young(survivor), O=old, HS=humongous(starts), HC=humongous(continues), CS=collection set, F=free, OA=open archive, CA=closed archive, TAMS=top-at-mark-start, PB=parsable bottom
|   0|0x0000000085a00000, 0x0000000085b00000, 0x0000000085b00000|100%|HS|  |TAMS 0x0000000085a00000| PB 0x0000000085a00000| Complete 
|   1|0x0000000085b00000, 0x0000000085c00000, 0x0000000085c00000|100%|HC|  |TAMS 0x0000000085b00000| PB 0x0000000085b00000| Complete 
|   2|0x0000000085c00000, 0x0000000085d00000, 0x0000000085d00000|100%|HS|  |TAMS 0x0000000085c00000| PB 0x0000000085c00000| Complete 
|   3|0x0000000085d00000, 0x0000000085e00000, 0x0000000085e00000|100%|HS|  |TAMS 0x0000000085d00000| PB 0x0000000085d00000| Complete 
|   4|0x0000000085e00000, 0x0000000085f00000, 0x0000000085f00000|100%|HC|  |TAMS 0x0000000085e00000| PB 0x0000000085e00000| Complete 
|   5|0x0000000085f00000, 0x0000000086000000, 0x0000000086000000|100%|HS|  |TAMS 0x0000000085f00000| PB 0x0000000085f00000| Complete 
|   6|0x0000000086000000, 0x0000000086100000, 0x0000000086100000|100%|HC|  |TAMS 0x0000000086000000| PB 0x0000000086000000| Complete 
|   7|0x0000000086100000, 0x0000000086200000, 0x0000000086200000|100%|HS|  |TAMS 0x0000000086100000| PB 0x0000000086100000| Complete 
|   8|0x0000000086200000, 0x0000000086300000, 0x0000000086300000|100%|HS|  |TAMS 0x0000000086200000| PB 0x0000000086200000| Complete 
|   9|0x0000000086300000, 0x0000000086400000, 0x0000000086400000|100%|HC|  |TAMS 0x0000000086300000| PB 0x0000000086300000| Complete 
|  10|0x0000000086400000, 0x0000000086500000, 0x0000000086500000|100%|HS|  |TAMS 0x0000000086400000| PB 0x0000000086400000| Complete 
|  11|0x0000000086500000, 0x0000000086600000, 0x0000000086600000|100%|HC|  |TAMS 0x0000000086500000| PB 0x0000000086500000| Complete 
|  12|0x0000000086600000, 0x0000000086700000, 0x0000000086700000|100%|HS|  |TAMS 0x0000000086600000| PB 0x0000000086600000| Complete 
|  13|0x0000000086700000, 0x0000000086800000, 0x0000000086800000|100%|HC|  |TAMS 0x0000000086700000| PB 0x0000000086700000| Complete 
|  14|0x0000000086800000, 0x0000000086900000, 0x0000000086900000|100%|HS|  |TAMS 0x0000000086800000| PB 0x0000000086800000| Complete 
|  15|0x0000000086900000, 0x0000000086a00000, 0x0000000086a00000|100%|HC|  |TAMS 0x0000000086900000| PB 0x0000000086900000| Complete 
|  16|0x0000000086a00000, 0x0000000086b00000, 0x0000000086b00000|100%| O|  |TAMS 0x0000000086a00000| PB 0x0000000086a00000| Untracked 
|  17|0x0000000086b00000, 0x0000000086c00000, 0x0000000086c00000|100%| O|  |TAMS 0x0000000086b00000| PB 0x0000000086b00000| Untracked 
|  18|0x0000000086c00000, 0x0000000086d00000, 0x0000000086d00000|100%|HS|  |TAMS 0x0000000086c00000| PB 0x0000000086c00000| Complete 
|  19|0x0000000086d00000, 0x0000000086e00000, 0x0000000086e00000|100%|HC|  |TAMS 0x0000000086d00000| PB 0x0000000086d00000| Complete 
|  20|0x0000000086e00000, 0x0000000086f00000, 0x0000000086f00000|100%|HS|  |TAMS 0x0000000086e00000| PB 0x0000000086e00000| Complete 
|  21|0x0000000086f00000, 0x0000000087000000, 0x0000000087000000|100%|HC|  |TAMS 0x0000000086f00000| PB 0x0000000086f00000| Complete 
|  22|0x0000000087000000, 0x0000000087100000, 0x0000000087100000|100%|HS|  |TAMS 0x0000000087000000| PB 0x0000000087000000| Complete 
|  23|0x0000000087100000, 0x0000000087200000, 0x0000000087200000|100%|HS|  |TAMS 0x0000000087100000| PB 0x0000000087100000| Complete 
|  24|0x0000000087200000, 0x0000000087300000, 0x0000000087300000|100%|HC|  |TAMS 0x0000000087200000| PB 0x0000000087200000| Complete 
|  25|0x0000000087300000, 0x0000000087400000, 0x0000000087400000|100%|HC|  |TAMS 0x0000000087300000| PB 0x0000000087300000| Complete 
|  26|0x0000000087400000, 0x0000000087500000, 0x0000000087500000|100%|HC|  |TAMS 0x0000000087400000| PB 0x0000000087400000| Complete 
|  27|0x0000000087500000, 0x0000000087600000, 0x0000000087600000|100%|HC|  |TAMS 0x0000000087500000| PB 0x0000000087500000| Complete 
|  28|0x0000000087600000, 0x0000000087700000, 0x0000000087700000|100%|HC|  |TAMS 0x0000000087600000| PB 0x0000000087600000| Complete 
|  29|0x0000000087700000, 0x0000000087800000, 0x0000000087800000|100%|HC|  |TAMS 0x0000000087700000| PB 0x0000000087700000| Complete 
|  30|0x0000000087800000, 0x0000000087900000, 0x0000000087900000|100%|HC|  |TAMS 0x0000000087800000| PB 0x0000000087800000| Complete 
|  31|0x0000000087900000, 0x0000000087a00000, 0x0000000087a00000|100%|HS|  |TAMS 0x0000000087900000| PB 0x0000000087900000| Complete 
|  32|0x0000000087a00000, 0x0000000087b00000, 0x0000000087b00000|100%|HC|  |TAMS 0x0000000087a00000| PB 0x0000000087a00000| Complete 
|  33|0x0000000087b00000, 0x0000000087c00000, 0x0000000087c00000|100%|HC|  |TAMS 0x0000000087b00000| PB 0x0000000087b00000| Complete 
|  34|0x0000000087c00000, 0x0000000087d00000, 0x0000000087d00000|100%|HC|  |TAMS 0x0000000087c00000| PB 0x0000000087c00000| Complete 
|  35|0x0000000087d00000, 0x0000000087e00000, 0x0000000087e00000|100%|HC|  |TAMS 0x0000000087d00000| PB 0x0000000087d00000| Complete 
|  36|0x0000000087e00000, 0x0000000087f00000, 0x0000000087f00000|100%|HC|  |TAMS 0x0000000087e00000| PB 0x0000000087e00000| Complete 
|  37|0x0000000087f00000, 0x0000000088000000, 0x0000000088000000|100%|HS|  |TAMS 0x0000000087f00000| PB 0x0000000087f00000| Complete 
|  38|0x0000000088000000, 0x0000000088100000, 0x0000000088100000|100%|HC|  |TAMS 0x0000000088000000| PB 0x0000000088000000| Complete 
|  39|0x0000000088100000, 0x0000000088200000, 0x0000000088200000|100%|HC|  |TAMS 0x0000000088100000| PB 0x0000000088100000| Complete 
|  40|0x0000000088200000, 0x0000000088300000, 0x0000000088300000|100%|HS|  |TAMS 0x0000000088200000| PB 0x0000000088200000| Complete 
|  41|0x0000000088300000, 0x0000000088400000, 0x0000000088400000|100%|HC|  |TAMS 0x0000000088300000| PB 0x0000000088300000| Complete 
|  42|0x0000000088400000, 0x0000000088500000, 0x0000000088500000|100%|HC|  |TAMS 0x0000000088400000| PB 0x0000000088400000| Complete 
|  43|0x0000000088500000, 0x0000000088600000, 0x0000000088600000|100%|HS|  |TAMS 0x0000000088500000| PB 0x0000000088500000| Complete 
|  44|0x0000000088600000, 0x0000000088700000, 0x0000000088700000|100%| O|  |TAMS 0x0000000088600000| PB 0x0000000088600000| Untracked 
|  45|0x0000000088700000, 0x0000000088800000, 0x0000000088800000|100%| O|  |TAMS 0x0000000088700000| PB 0x0000000088700000| Untracked 
|  46|0x0000000088800000, 0x0000000088900000, 0x0000000088900000|100%| O|  |TAMS 0x0000000088800000| PB 0x0000000088800000| Untracked 
|  47|0x0000000088900000, 0x0000000088a00000, 0x0000000088a00000|100%| O|  |TAMS 0x0000000088900000| PB 0x0000000088900000| Complete 
|  48|0x0000000088a00000, 0x0000000088b00000, 0x0000000088b00000|100%| O|  |TAMS 0x0000000088a00000| PB 0x0000000088a00000| Untracked 
|  49|0x0000000088b00000, 0x0000000088c00000, 0x0000000088c00000|100%| O|  |TAMS 0x0000000088b00000| PB 0x0000000088b00000| Untracked 
|  50|0x0000000088c00000, 0x0000000088d00000, 0x0000000088d00000|100%| O|  |TAMS 0x0000000088c00000| PB 0x0000000088c00000| Untracked 
|  51|0x0000000088d00000, 0x0000000088d3aa00, 0x0000000088e00000| 22%| O|  |TAMS 0x0000000088d00000| PB 0x0000000088d00000| Untracked 
|  52|0x0000000088e00000, 0x0000000088f00000, 0x0000000088f00000|100%|HS|  |TAMS 0x0000000088e00000| PB 0x0000000088e00000| Complete 
|  53|0x0000000088f00000, 0x0000000089000000, 0x0000000089000000|100%|HS|  |TAMS 0x0000000088f00000| PB 0x0000000088f00000| Complete 
|  54|0x0000000089000000, 0x0000000089100000, 0x0000000089100000|100%|HC|  |TAMS 0x0000000089000000| PB 0x0000000089000000| Complete 
|  55|0x0000000089100000, 0x0000000089200000, 0x0000000089200000|100%|HC|  |TAMS 0x0000000089100000| PB 0x0000000089100000| Complete 
|  56|0x0000000089200000, 0x0000000089300000, 0x0000000089300000|100%|HS|  |TAMS 0x0000000089200000| PB 0x0000000089200000| Complete 
|  57|0x0000000089300000, 0x0000000089400000, 0x0000000089400000|100%|HC|  |TAMS 0x0000000089300000| PB 0x0000000089300000| Complete 
|  58|0x0000000089400000, 0x0000000089500000, 0x0000000089500000|100%|HC|  |TAMS 0x0000000089400000| PB 0x0000000089400000| Complete 
|  59|0x0000000089500000, 0x0000000089600000, 0x0000000089600000|100%|HC|  |TAMS 0x0000000089500000| PB 0x0000000089500000| Complete 
|  60|0x0000000089600000, 0x0000000089600000, 0x0000000089700000|  0%| F|  |TAMS 0x0000000089600000| PB 0x0000000089600000| Untracked 
|  61|0x0000000089700000, 0x0000000089700000, 0x0000000089800000|  0%| F|  |TAMS 0x0000000089700000| PB 0x0000000089700000| Untracked 
|  62|0x0000000089800000, 0x0000000089800000, 0x0000000089900000|  0%| F|  |TAMS 0x0000000089800000| PB 0x0000000089800000| Untracked 
|  63|0x0000000089900000, 0x0000000089900000, 0x0000000089a00000|  0%| F|  |TAMS 0x0000000089900000| PB 0x0000000089900000| Untracked 
|  64|0x0000000089a00000, 0x0000000089a00000, 0x0000000089b00000|  0%| F|  |TAMS 0x0000000089a00000| PB 0x0000000089a00000| Untracked 
|  65|0x0000000089b00000, 0x0000000089b00000, 0x0000000089c00000|  0%| F|  |TAMS 0x0000000089b00000| PB 0x0000000089b00000| Untracked 
|  66|0x0000000089c00000, 0x0000000089c00000, 0x0000000089d00000|  0%| F|  |TAMS 0x0000000089c00000| PB 0x0000000089c00000| Untracked 
|  67|0x0000000089d00000, 0x0000000089d00000, 0x0000000089e00000|  0%| F|  |TAMS 0x0000000089d00000| PB 0x0000000089d00000| Untracked 
|  68|0x0000000089e00000, 0x0000000089e00000, 0x0000000089f00000|  0%| F|  |TAMS 0x0000000089e00000| PB 0x0000000089e00000| Untracked 
|  69|0x0000000089f00000, 0x0000000089f00000, 0x000000008a000000|  0%| F|  |TAMS 0x0000000089f00000| PB 0x0000000089f00000| Untracked 
|  70|0x000000008a000000, 0x000000008a000000, 0x000000008a100000|  0%| F|  |TAMS 0x000000008a000000| PB 0x000000008a000000| Untracked 
|  71|0x000000008a100000, 0x000000008a100000, 0x000000008a200000|  0%| F|  |TAMS 0x000000008a100000| PB 0x000000008a100000| Untracked 
|  72|0x000000008a200000, 0x000000008a200000, 0x000000008a300000|  0%| F|  |TAMS 0x000000008a200000| PB 0x000000008a200000| Untracked 
|  73|0x000000008a300000, 0x000000008a300000, 0x000000008a400000|  0%| F|  |TAMS 0x000000008a300000| PB 0x000000008a300000| Untracked 
|  74|0x000000008a400000, 0x000000008a400000, 0x000000008a500000|  0%| F|  |TAMS 0x000000008a400000| PB 0x000000008a400000| Untracked 
|  75|0x000000008a500000, 0x000000008a500000, 0x000000008a600000|  0%| F|  |TAMS 0x000000008a500000| PB 0x000000008a500000| Untracked 
|  76|0x000000008a600000, 0x000000008a600000, 0x000000008a700000|  0%| F|  |TAMS 0x000000008a600000| PB 0x000000008a600000| Untracked 
|  77|0x000000008a700000, 0x000000008a700000, 0x000000008a800000|  0%| F|  |TAMS 0x000000008a700000| PB 0x000000008a700000| Untracked 
|  78|0x000000008a800000, 0x000000008a800000, 0x000000008a900000|  0%| F|  |TAMS 0x000000008a800000| PB 0x000000008a800000| Untracked 
|  79|0x000000008a900000, 0x000000008a900000, 0x000000008aa00000|  0%| F|  |TAMS 0x000000008a900000| PB 0x000000008a900000| Untracked 
|  80|0x000000008aa00000, 0x000000008aa00000, 0x000000008ab00000|  0%| F|  |TAMS 0x000000008aa00000| PB 0x000000008aa00000| Untracked 
|  81|0x000000008ab00000, 0x000000008ab00000, 0x000000008ac00000|  0%| F|  |TAMS 0x000000008ab00000| PB 0x000000008ab00000| Untracked 
|  82|0x000000008ac00000, 0x000000008ac00000, 0x000000008ad00000|  0%| F|  |TAMS 0x000000008ac00000| PB 0x000000008ac00000| Untracked 
|  83|0x000000008ad00000, 0x000000008ad00000, 0x000000008ae00000|  0%| F|  |TAMS 0x000000008ad00000| PB 0x000000008ad00000| Untracked 
|  84|0x000000008ae00000, 0x000000008ae00000, 0x000000008af00000|  0%| F|  |TAMS 0x000000008ae00000| PB 0x000000008ae00000| Untracked 
|  85|0x000000008af00000, 0x000000008af00000, 0x000000008b000000|  0%| F|  |TAMS 0x000000008af00000| PB 0x000000008af00000| Untracked 
|  86|0x000000008b000000, 0x000000008b000000, 0x000000008b100000|  0%| F|  |TAMS 0x000000008b000000| PB 0x000000008b000000| Untracked 
|  87|0x000000008b100000, 0x000000008b100000, 0x000000008b200000|  0%| F|  |TAMS 0x000000008b100000| PB 0x000000008b100000| Untracked 
|  88|0x000000008b200000, 0x000000008b243a80, 0x000000008b300000| 26%| S|CS|TAMS 0x000000008b200000| PB 0x000000008b200000| Complete 
|  89|0x000000008b300000, 0x000000008b300000, 0x000000008b400000|  0%| F|  |TAMS 0x000000008b300000| PB 0x000000008b300000| Untracked 
|  90|0x000000008b400000, 0x000000008b400000, 0x000000008b500000|  0%| F|  |TAMS 0x000000008b400000| PB 0x000000008b400000| Untracked 
|  91|0x000000008b500000, 0x000000008b500000, 0x000000008b600000|  0%| F|  |TAMS 0x000000008b500000| PB 0x000000008b500000| Untracked 
|  92|0x000000008b600000, 0x000000008b600000, 0x000000008b700000|  0%| F|  |TAMS 0x000000008b600000| PB 0x000000008b600000| Untracked 
|  93|0x000000008b700000, 0x000000008b700000, 0x000000008b800000|  0%| F|  |TAMS 0x000000008b700000| PB 0x000000008b700000| Untracked 
|  94|0x000000008b800000, 0x000000008b800000, 0x000000008b900000|  0%| F|  |TAMS 0x000000008b800000| PB 0x000000008b800000| Untracked 
|  95|0x000000008b900000, 0x000000008b900000, 0x000000008ba00000|  0%| F|  |TAMS 0x000000008b900000| PB 0x000000008b900000| Untracked 
|  96|0x000000008ba00000, 0x000000008bb00000, 0x000000008bb00000|100%|HS|  |TAMS 0x000000008ba00000| PB 0x000000008ba00000| Complete 
|  97|0x000000008bb00000, 0x000000008bc00000, 0x000000008bc00000|100%|HC|  |TAMS 0x000000008bb00000| PB 0x000000008bb00000| Complete 
|  98|0x000000008bc00000, 0x000000008bd00000, 0x000000008bd00000|100%|HC|  |TAMS 0x000000008bc00000| PB 0x000000008bc00000| Complete 
|  99|0x000000008bd00000, 0x000000008be00000, 0x000000008be00000|100%|HC|  |TAMS 0x000000008bd00000| PB 0x000000008bd00000| Complete 
| 100|0x000000008be00000, 0x000000008bf00000, 0x000000008bf00000|100%|HC|  |TAMS 0x000000008be00000| PB 0x000000008be00000| Complete 
| 101|0x000000008bf00000, 0x000000008c000000, 0x000000008c000000|100%|HC|  |TAMS 0x000000008bf00000| PB 0x000000008bf00000| Complete 
| 102|0x000000008c000000, 0x000000008c100000, 0x000000008c100000|100%|HC|  |TAMS 0x000000008c000000| PB 0x000000008c000000| Complete 
| 103|0x000000008c100000, 0x000000008c200000, 0x000000008c200000|100%|HC|  |TAMS 0x000000008c100000| PB 0x000000008c100000| Complete 
| 104|0x000000008c200000, 0x000000008c300000, 0x000000008c300000|100%|HC|  |TAMS 0x000000008c200000| PB 0x000000008c200000| Complete 
| 105|0x000000008c300000, 0x000000008c400000, 0x000000008c400000|100%|HC|  |TAMS 0x000000008c300000| PB 0x000000008c300000| Complete 
| 106|0x000000008c400000, 0x000000008c500000, 0x000000008c500000|100%|HC|  |TAMS 0x000000008c400000| PB 0x000000008c400000| Complete 
| 107|0x000000008c500000, 0x000000008c600000, 0x000000008c600000|100%|HC|  |TAMS 0x000000008c500000| PB 0x000000008c500000| Complete 
| 108|0x000000008c600000, 0x000000008c700000, 0x000000008c700000|100%|HC|  |TAMS 0x000000008c600000| PB 0x000000008c600000| Complete 
| 109|0x000000008c700000, 0x000000008c800000, 0x000000008c800000|100%|HC|  |TAMS 0x000000008c700000| PB 0x000000008c700000| Complete 
| 110|0x000000008c800000, 0x000000008c900000, 0x000000008c900000|100%|HC|  |TAMS 0x000000008c800000| PB 0x000000008c800000| Complete 
| 111|0x000000008c900000, 0x000000008ca00000, 0x000000008ca00000|100%|HC|  |TAMS 0x000000008c900000| PB 0x000000008c900000| Complete 
| 112|0x000000008ca00000, 0x000000008cb00000, 0x000000008cb00000|100%|HC|  |TAMS 0x000000008ca00000| PB 0x000000008ca00000| Complete 
| 113|0x000000008cb00000, 0x000000008cc00000, 0x000000008cc00000|100%|HC|  |TAMS 0x000000008cb00000| PB 0x000000008cb00000| Complete 
| 114|0x000000008cc00000, 0x000000008cd00000, 0x000000008cd00000|100%|HC|  |TAMS 0x000000008cc00000| PB 0x000000008cc00000| Complete 
| 115|0x000000008cd00000, 0x000000008ce00000, 0x000000008ce00000|100%|HC|  |TAMS 0x000000008cd00000| PB 0x000000008cd00000| Complete 
| 116|0x000000008ce00000, 0x000000008cf00000, 0x000000008cf00000|100%|HC|  |TAMS 0x000000008ce00000| PB 0x000000008ce00000| Complete 
| 117|0x000000008cf00000, 0x000000008d000000, 0x000000008d000000|100%|HC|  |TAMS 0x000000008cf00000| PB 0x000000008cf00000| Complete 
| 118|0x000000008d000000, 0x000000008d100000, 0x000000008d100000|100%|HC|  |TAMS 0x000000008d000000| PB 0x000000008d000000| Complete 
| 119|0x000000008d100000, 0x000000008d200000, 0x000000008d200000|100%|HC|  |TAMS 0x000000008d100000| PB 0x000000008d100000| Complete 
| 120|0x000000008d200000, 0x000000008d300000, 0x000000008d300000|100%|HC|  |TAMS 0x000000008d200000| PB 0x000000008d200000| Complete 
| 121|0x000000008d300000, 0x000000008d400000, 0x000000008d400000|100%|HC|  |TAMS 0x000000008d300000| PB 0x000000008d300000| Complete 
| 122|0x000000008d400000, 0x000000008d500000, 0x000000008d500000|100%|HC|  |TAMS 0x000000008d400000| PB 0x000000008d400000| Complete 
| 123|0x000000008d500000, 0x000000008d600000, 0x000000008d600000|100%|HC|  |TAMS 0x000000008d500000| PB 0x000000008d500000| Complete 
| 124|0x000000008d600000, 0x000000008d700000, 0x000000008d700000|100%|HC|  |TAMS 0x000000008d600000| PB 0x000000008d600000| Complete 
| 125|0x000000008d700000, 0x000000008d800000, 0x000000008d800000|100%|HC|  |TAMS 0x000000008d700000| PB 0x000000008d700000| Complete 
| 126|0x000000008d800000, 0x000000008d900000, 0x000000008d900000|100%|HC|  |TAMS 0x000000008d800000| PB 0x000000008d800000| Complete 
| 127|0x000000008d900000, 0x000000008da00000, 0x000000008da00000|100%|HC|  |TAMS 0x000000008d900000| PB 0x000000008d900000| Complete 
| 128|0x000000008da00000, 0x000000008db00000, 0x000000008db00000|100%|HC|  |TAMS 0x000000008da00000| PB 0x000000008da00000| Complete 
| 129|0x000000008db00000, 0x000000008dc00000, 0x000000008dc00000|100%|HC|  |TAMS 0x000000008db00000| PB 0x000000008db00000| Complete 
| 130|0x000000008dc00000, 0x000000008dd00000, 0x000000008dd00000|100%|HC|  |TAMS 0x000000008dc00000| PB 0x000000008dc00000| Complete 
| 131|0x000000008dd00000, 0x000000008de00000, 0x000000008de00000|100%|HC|  |TAMS 0x000000008dd00000| PB 0x000000008dd00000| Complete 
| 132|0x000000008de00000, 0x000000008df00000, 0x000000008df00000|100%|HC|  |TAMS 0x000000008de00000| PB 0x000000008de00000| Complete 
| 133|0x000000008df00000, 0x000000008e000000, 0x000000008e000000|100%|HC|  |TAMS 0x000000008df00000| PB 0x000000008df00000| Complete 
| 134|0x000000008e000000, 0x000000008e100000, 0x000000008e100000|100%|HC|  |TAMS 0x000000008e000000| PB 0x000000008e000000| Complete 
| 135|0x000000008e100000, 0x000000008e200000, 0x000000008e200000|100%|HC|  |TAMS 0x000000008e100000| PB 0x000000008e100000| Complete 
| 136|0x000000008e200000, 0x000000008e300000, 0x000000008e300000|100%|HC|  |TAMS 0x000000008e200000| PB 0x000000008e200000| Complete 
| 137|0x000000008e300000, 0x000000008e400000, 0x000000008e400000|100%|HC|  |TAMS 0x000000008e300000| PB 0x000000008e300000| Complete 
| 138|0x000000008e400000, 0x000000008e500000, 0x000000008e500000|100%|HC|  |TAMS 0x000000008e400000| PB 0x000000008e400000| Complete 
| 139|0x000000008e500000, 0x000000008e600000, 0x000000008e600000|100%|HC|  |TAMS 0x000000008e500000| PB 0x000000008e500000| Complete 
| 140|0x000000008e600000, 0x000000008e700000, 0x000000008e700000|100%|HC|  |TAMS 0x000000008e600000| PB 0x000000008e600000| Complete 
| 141|0x000000008e700000, 0x000000008e800000, 0x000000008e800000|100%|HC|  |TAMS 0x000000008e700000| PB 0x000000008e700000| Complete 
| 142|0x000000008e800000, 0x000000008e900000, 0x000000008e900000|100%|HC|  |TAMS 0x000000008e800000| PB 0x000000008e800000| Complete 
| 143|0x000000008e900000, 0x000000008ea00000, 0x000000008ea00000|100%|HC|  |TAMS 0x000000008e900000| PB 0x000000008e900000| Complete 
| 144|0x000000008ea00000, 0x000000008eb00000, 0x000000008eb00000|100%|HC|  |TAMS 0x000000008ea00000| PB 0x000000008ea00000| Complete 
| 145|0x000000008eb00000, 0x000000008ec00000, 0x000000008ec00000|100%|HC|  |TAMS 0x000000008eb00000| PB 0x000000008eb00000| Complete 
| 146|0x000000008ec00000, 0x000000008ec00000, 0x000000008ed00000|  0%| F|  |TAMS 0x000000008ec00000| PB 0x000000008ec00000| Untracked 
| 147|0x000000008ed00000, 0x000000008ed00000, 0x000000008ee00000|  0%| F|  |TAMS 0x000000008ed00000| PB 0x000000008ed00000| Untracked 
| 148|0x000000008ee00000, 0x000000008ee00000, 0x000000008ef00000|  0%| F|  |TAMS 0x000000008ee00000| PB 0x000000008ee00000| Untracked 
| 149|0x000000008ef00000, 0x000000008ef00000, 0x000000008f000000|  0%| F|  |TAMS 0x000000008ef00000| PB 0x000000008ef00000| Untracked 
| 150|0x000000008f000000, 0x000000008f100000, 0x000000008f100000|100%| E|CS|TAMS 0x000000008f000000| PB 0x000000008f000000| Complete 
| 151|0x000000008f100000, 0x000000008f100000, 0x000000008f200000|  0%| F|  |TAMS 0x000000008f100000| PB 0x000000008f100000| Untracked 
| 152|0x000000008f200000, 0x000000008f200000, 0x000000008f300000|  0%| F|  |TAMS 0x000000008f200000| PB 0x000000008f200000| Untracked 
| 153|0x000000008f300000, 0x000000008f300000, 0x000000008f400000|  0%| F|  |TAMS 0x000000008f300000| PB 0x000000008f300000| Untracked 
| 154|0x000000008f400000, 0x000000008f400000, 0x000000008f500000|  0%| F|  |TAMS 0x000000008f400000| PB 0x000000008f400000| Untracked 
| 155|0x000000008f500000, 0x000000008f500000, 0x000000008f600000|  0%| F|  |TAMS 0x000000008f500000| PB 0x000000008f500000| Untracked 
| 156|0x000000008f600000, 0x000000008f600000, 0x000000008f700000|  0%| F|  |TAMS 0x000000008f600000| PB 0x000000008f600000| Untracked 
| 157|0x000000008f700000, 0x000000008f800000, 0x000000008f800000|100%| E|  |TAMS 0x000000008f700000| PB 0x000000008f700000| Complete 
| 158|0x000000008f800000, 0x000000008f900000, 0x000000008f900000|100%| E|  |TAMS 0x000000008f800000| PB 0x000000008f800000| Complete 
| 159|0x000000008f900000, 0x000000008fa00000, 0x000000008fa00000|100%| E|CS|TAMS 0x000000008f900000| PB 0x000000008f900000| Complete 
| 160|0x000000008fa00000, 0x000000008fb00000, 0x000000008fb00000|100%| E|CS|TAMS 0x000000008fa00000| PB 0x000000008fa00000| Complete 
| 161|0x000000008fb00000, 0x000000008fc00000, 0x000000008fc00000|100%| E|CS|TAMS 0x000000008fb00000| PB 0x000000008fb00000| Complete 
| 162|0x000000008fc00000, 0x000000008fd00000, 0x000000008fd00000|100%| E|CS|TAMS 0x000000008fc00000| PB 0x000000008fc00000| Complete 
| 163|0x000000008fd00000, 0x000000008fe00000, 0x000000008fe00000|100%| E|CS|TAMS 0x000000008fd00000| PB 0x000000008fd00000| Complete 
| 164|0x000000008fe00000, 0x000000008ff00000, 0x000000008ff00000|100%| E|CS|TAMS 0x000000008fe00000| PB 0x000000008fe00000| Complete 
| 165|0x000000008ff00000, 0x0000000090000000, 0x0000000090000000|100%| E|CS|TAMS 0x000000008ff00000| PB 0x000000008ff00000| Complete 
| 166|0x0000000090000000, 0x0000000090100000, 0x0000000090100000|100%| E|CS|TAMS 0x0000000090000000| PB 0x0000000090000000| Complete 
| 167|0x0000000090100000, 0x0000000090200000, 0x0000000090200000|100%| E|CS|TAMS 0x0000000090100000| PB 0x0000000090100000| Complete 
| 168|0x0000000090200000, 0x0000000090300000, 0x0000000090300000|100%| E|CS|TAMS 0x0000000090200000| PB 0x0000000090200000| Complete 
| 169|0x0000000090300000, 0x0000000090400000, 0x0000000090400000|100%| E|CS|TAMS 0x0000000090300000| PB 0x0000000090300000| Complete 
| 170|0x0000000090400000, 0x0000000090500000, 0x0000000090500000|100%| E|CS|TAMS 0x0000000090400000| PB 0x0000000090400000| Complete 
| 171|0x0000000090500000, 0x0000000090600000, 0x0000000090600000|100%| E|CS|TAMS 0x0000000090500000| PB 0x0000000090500000| Complete 
| 172|0x0000000090600000, 0x0000000090700000, 0x0000000090700000|100%| E|CS|TAMS 0x0000000090600000| PB 0x0000000090600000| Complete 
| 173|0x0000000090700000, 0x0000000090800000, 0x0000000090800000|100%| E|CS|TAMS 0x0000000090700000| PB 0x0000000090700000| Complete 
| 174|0x0000000090800000, 0x0000000090900000, 0x0000000090900000|100%| E|CS|TAMS 0x0000000090800000| PB 0x0000000090800000| Complete 

Card table byte_map: [0x000001eeee140000,0x000001eeee520000] _byte_map_base: 0x000001eeedd13000

Marking Bits: (CMBitMap*) 0x000001eed6795ca0
 Bits: [0x000001eeee900000, 0x000001eef0798000)

Polling page: 0x000001eed46c0000

Metaspace:

Usage:
  Non-class:      6.75 MB used.
      Class:    781.27 KB used.
       Both:      7.52 MB used.

Virtual space:
  Non-class space:       64.00 MB reserved,       6.88 MB ( 11%) committed,  1 nodes.
      Class space:        1.00 GB reserved,     896.00 KB ( <1%) committed,  1 nodes.
             Both:        1.06 GB reserved,       7.75 MB ( <1%) committed. 

Chunk freelists:
   Non-Class:  1008.00 KB
       Class:  3.10 MB
        Both:  4.08 MB

MaxMetaspaceSize: unlimited
CompressedClassSpaceSize: 1.00 GB
Initial GC threshold: 21.00 MB
Current GC threshold: 21.00 MB
CDS: on
MetaspaceReclaimPolicy: balanced
 - commit_granule_bytes: 65536.
 - commit_granule_words: 8192.
 - virtual_space_node_default_size: 8388608.
 - enlarge_chunks_in_place: 1.
 - new_chunks_are_fully_committed: 0.
 - uncommit_free_chunks: 1.
 - use_allocation_guard: 0.


Internal statistics:

num_allocs_failed_limit: 0.
num_arena_births: 152.
num_arena_deaths: 0.
num_vsnodes_births: 2.
num_vsnodes_deaths: 0.
num_space_committed: 124.
num_space_uncommitted: 0.
num_chunks_returned_to_freelist: 0.
num_chunks_taken_from_freelist: 193.
num_chunk_merges: 0.
num_chunk_splits: 112.
num_chunks_enlarged: 46.
num_inconsistent_stats: 0.

CodeHeap 'non-profiled nmethods': size=120000Kb used=846Kb max_used=846Kb free=119153Kb
 bounds [0x000001eee62e0000, 0x000001eee6550000, 0x000001eeed810000]
CodeHeap 'profiled nmethods': size=120000Kb used=2850Kb max_used=2850Kb free=117149Kb
 bounds [0x000001eede810000, 0x000001eedeae0000, 0x000001eee5d40000]
CodeHeap 'non-nmethods': size=5760Kb used=1737Kb max_used=1803Kb free=4022Kb
 bounds [0x000001eee5d40000, 0x000001eee5fb0000, 0x000001eee62e0000]
 total_blobs=2168 nmethods=1562 adapters=517
 compilation: enabled
              stopped_count=0, restarted_count=0
 full_count=0

Compilation events (20 events):
Event: 15.753 Thread 0x000001eef34019b0 nmethod 1552 0x000001eee63a9f90 code [0x000001eee63aa120, 0x000001eee63aa520]
Event: 15.818 Thread 0x000001eef34019b0 1553       4       java.awt.EventQueue::eventToCacheIndex (80 bytes)
Event: 15.819 Thread 0x000001eef34019b0 nmethod 1553 0x000001eee63aa790 code [0x000001eee63aa900, 0x000001eee63aa9e8]
Event: 15.850 Thread 0x000001eef33fcd00 1554   !   4       sun.awt.PostEventQueue::flush (168 bytes)
Event: 15.935 Thread 0x000001eef34019b0 1555       4       java.util.concurrent.locks.ReentrantLock$Sync::isHeldExclusively (16 bytes)
Event: 15.936 Thread 0x000001eef34019b0 nmethod 1555 0x000001eee63aaa90 code [0x000001eee63aac00, 0x000001eee63aacb8]
Event: 15.966 Thread 0x000001eef33fcd00 nmethod 1554 0x000001eee63aad90 code [0x000001eee63ab200, 0x000001eee63b0b80]
Event: 1450.840 Thread 0x000001eef3404630 1556   !   3       jdk.internal.ref.PhantomCleanable::isListEmpty (34 bytes)
Event: 1450.841 Thread 0x000001eef3404630 nmethod 1556 0x000001eedead6210 code [0x000001eedead63a0, 0x000001eedead6600]
Event: 1450.841 Thread 0x000001eef3404630 1557       3       jdk.internal.misc.InnocuousThread::eraseThreadLocals (23 bytes)
Event: 1450.841 Thread 0x000001eef3404630 nmethod 1557 0x000001eedead6710 code [0x000001eedead68a0, 0x000001eedead6a90]
Event: 4586.203 Thread 0x000001eef33fcd00 1559       4       java.util.concurrent.locks.ReentrantLock$Sync::tryRelease (51 bytes)
Event: 4586.247 Thread 0x000001eef33fcd00 nmethod 1559 0x000001eee63b3610 code [0x000001eee63b3780, 0x000001eee63b3898]
Event: 7106.530 Thread 0x000001eef3404630 1560       3       java.util.concurrent.locks.LockSupport::setBlocker (12 bytes)
Event: 7106.545 Thread 0x000001eef3404630 nmethod 1560 0x000001eedead6b10 code [0x000001eedead6ca0, 0x000001eedead6e98]
Event: 9381.577 Thread 0x000001eef3404630 1561       3       jdk.internal.org.objectweb.asm.ClassWriter::visitMethod (57 bytes)
Event: 9381.601 Thread 0x000001eef3404630 nmethod 1561 0x000001eedead6f10 code [0x000001eedead70c0, 0x000001eedead7420]
Event: 9381.602 Thread 0x000001eef3404630 1562       3       jdk.internal.org.objectweb.asm.MethodWriter::<init> (232 bytes)
Event: 9381.681 Thread 0x000001eef3404630 nmethod 1562 0x000001eedead7590 code [0x000001eedead7800, 0x000001eedead8558]
Event: 9381.681 Thread 0x000001eef3404630 1566       3       jdk.internal.org.objectweb.asm.MethodWriter::computeMethodInfoSize (571 bytes)

GC Heap History (8 events):
Event: 0.651 GC heap before
{Heap before GC invocations=0 (full 0):
 garbage-first heap   total 126976K, used 38912K [0x0000000085a00000, 0x0000000100000000)
  region size 1024K, 23 young (23552K), 0 survivors (0K)
 Metaspace       used 5039K, committed 5312K, reserved 1114112K
  class space    used 521K, committed 640K, reserved 1048576K
}
Event: 0.656 GC heap after
{Heap after GC invocations=1 (full 0):
 garbage-first heap   total 126976K, used 21040K [0x0000000085a00000, 0x0000000100000000)
  region size 1024K, 3 young (3072K), 3 survivors (3072K)
 Metaspace       used 5039K, committed 5312K, reserved 1114112K
  class space    used 521K, committed 640K, reserved 1048576K
}
Event: 10.327 GC heap before
{Heap before GC invocations=1 (full 0):
 garbage-first heap   total 126976K, used 71216K [0x0000000085a00000, 0x0000000100000000)
  region size 1024K, 28 young (28672K), 3 survivors (3072K)
 Metaspace       used 7460K, committed 7744K, reserved 1114112K
  class space    used 778K, committed 896K, reserved 1048576K
}
Event: 10.334 GC heap after
{Heap after GC invocations=2 (full 0):
 garbage-first heap   total 126976K, used 51883K [0x0000000085a00000, 0x0000000100000000)
  region size 1024K, 3 young (3072K), 3 survivors (3072K)
 Metaspace       used 7460K, committed 7744K, reserved 1114112K
  class space    used 778K, committed 896K, reserved 1048576K
}
Event: 10.506 GC heap before
{Heap before GC invocations=2 (full 0):
 garbage-first heap   total 149504K, used 148139K [0x0000000085a00000, 0x0000000100000000)
  region size 1024K, 48 young (49152K), 3 survivors (3072K)
 Metaspace       used 7461K, committed 7744K, reserved 1114112K
  class space    used 778K, committed 896K, reserved 1048576K
}
Event: 10.510 GC heap after
{Heap after GC invocations=3 (full 0):
 garbage-first heap   total 154624K, used 104662K [0x0000000085a00000, 0x0000000100000000)
  region size 1024K, 5 young (5120K), 5 survivors (5120K)
 Metaspace       used 7461K, committed 7744K, reserved 1114112K
  class space    used 778K, committed 896K, reserved 1048576K
}
Event: 10.629 GC heap before
{Heap before GC invocations=3 (full 0):
 garbage-first heap   total 154624K, used 109782K [0x0000000085a00000, 0x0000000100000000)
  region size 1024K, 12 young (12288K), 5 survivors (5120K)
 Metaspace       used 7489K, committed 7744K, reserved 1114112K
  class space    used 778K, committed 896K, reserved 1048576K
}
Event: 10.633 GC heap after
{Heap after GC invocations=4 (full 0):
 garbage-first heap   total 154624K, used 103929K [0x0000000085a00000, 0x0000000100000000)
  region size 1024K, 1 young (1024K), 1 survivors (1024K)
 Metaspace       used 7489K, committed 7744K, reserved 1114112K
  class space    used 778K, committed 896K, reserved 1048576K
}

Dll operation events (10 events):
Event: 0.010 Loaded shared library C:\Program Files\Java\jdk-20\bin\java.dll
Event: 0.029 Loaded shared library C:\Program Files\Java\jdk-20\bin\jsvml.dll
Event: 0.067 Loaded shared library C:\Program Files\Java\jdk-20\bin\net.dll
Event: 0.069 Loaded shared library C:\Program Files\Java\jdk-20\bin\nio.dll
Event: 0.085 Loaded shared library C:\Program Files\Java\jdk-20\bin\zip.dll
Event: 0.099 Loaded shared library C:\Program Files\Java\jdk-20\bin\jimage.dll
Event: 0.119 Loaded shared library C:\Program Files\Java\jdk-20\bin\awt.dll
Event: 0.751 Loaded shared library C:\Program Files\Java\jdk-20\bin\freetype.dll
Event: 0.752 Loaded shared library C:\Program Files\Java\jdk-20\bin\fontmanager.dll
Event: 10.162 Loaded shared library C:\Program Files\Java\jdk-20\bin\javajpeg.dll

Deoptimization events (20 events):
Event: 0.820 Thread 0x000001eef847ab20 DEOPT PACKING pc=0x000001eee6355238 sp=0x00000080d75fd2e0
Event: 0.820 Thread 0x000001eef847ab20 DEOPT UNPACKING pc=0x000001eee5d5d2a2 sp=0x00000080d75fd1e8 mode 2
Event: 0.821 Thread 0x000001eef847ab20 Uncommon trap: trap_request=0xffffffde fr.pc=0x000001eee6355238 relative=0x0000000000000278
Event: 0.821 Thread 0x000001eef847ab20 Uncommon trap: reason=class_check action=maybe_recompile pc=0x000001eee6355238 method=java.util.HashMap.getNode(Ljava/lang/Object;)Ljava/util/HashMap$Node; @ 63 c2
Event: 0.821 Thread 0x000001eef847ab20 DEOPT PACKING pc=0x000001eee6355238 sp=0x00000080d75fd1d0
Event: 0.821 Thread 0x000001eef847ab20 DEOPT UNPACKING pc=0x000001eee5d5d2a2 sp=0x00000080d75fd0d8 mode 2
Event: 0.821 Thread 0x000001eef847ab20 Uncommon trap: trap_request=0xffffffde fr.pc=0x000001eee6355238 relative=0x0000000000000278
Event: 0.821 Thread 0x000001eef847ab20 Uncommon trap: reason=class_check action=maybe_recompile pc=0x000001eee6355238 method=java.util.HashMap.getNode(Ljava/lang/Object;)Ljava/util/HashMap$Node; @ 63 c2
Event: 0.821 Thread 0x000001eef847ab20 DEOPT PACKING pc=0x000001eee6355238 sp=0x00000080d75fd2e0
Event: 0.821 Thread 0x000001eef847ab20 DEOPT UNPACKING pc=0x000001eee5d5d2a2 sp=0x00000080d75fd1e8 mode 2
Event: 0.826 Thread 0x000001eef847ab20 Uncommon trap: trap_request=0xffffffde fr.pc=0x000001eee63105a0 relative=0x0000000000000280
Event: 0.826 Thread 0x000001eef847ab20 Uncommon trap: reason=class_check action=maybe_recompile pc=0x000001eee63105a0 method=java.util.HashMap.getNode(Ljava/lang/Object;)Ljava/util/HashMap$Node; @ 63 c2
Event: 0.826 Thread 0x000001eef847ab20 DEOPT PACKING pc=0x000001eee63105a0 sp=0x00000080d75fd160
Event: 0.826 Thread 0x000001eef847ab20 DEOPT UNPACKING pc=0x000001eee5d5d2a2 sp=0x00000080d75fd0d8 mode 2
Event: 15.065 Thread 0x000001eef938c640 Uncommon trap: trap_request=0xffffff45 fr.pc=0x000001eee633192c relative=0x0000000000000c2c
Event: 15.065 Thread 0x000001eef938c640 Uncommon trap: reason=unstable_if action=reinterpret pc=0x000001eee633192c method=java.util.zip.InflaterInputStream.read([BII)I @ 74 c2
Event: 15.065 Thread 0x000001eef938c640 DEOPT PACKING pc=0x000001eee633192c sp=0x00000080d6bfec00
Event: 15.065 Thread 0x000001eef938c640 DEOPT UNPACKING pc=0x000001eee5d5d2a2 sp=0x00000080d6bfebd0 mode 2
Event: 15.067 Thread 0x000001eef938c640 DEOPT PACKING pc=0x000001eede946102 sp=0x00000080d6bfedb0
Event: 15.067 Thread 0x000001eef938c640 DEOPT UNPACKING pc=0x000001eee5dae462 sp=0x00000080d6bfe300 mode 0

Classes loaded (20 events):
Event: 8.543 Loading class java/awt/LightweightDispatcher$2
Event: 8.543 Loading class java/awt/LightweightDispatcher$2 done
Event: 9.978 Loading class javax/swing/ClientPropertyKey
Event: 9.979 Loading class javax/swing/ClientPropertyKey done
Event: 9.979 Loading class javax/swing/ClientPropertyKey$1
Event: 9.979 Loading class sun/awt/AWTAccessor$ClientPropertyKeyAccessor
Event: 9.979 Loading class sun/awt/AWTAccessor$ClientPropertyKeyAccessor done
Event: 9.979 Loading class javax/swing/ClientPropertyKey$1 done
Event: 10.081 Loading class java/awt/KeyboardFocusManager$2
Event: 10.081 Loading class java/awt/KeyboardFocusManager$2 done
Event: 10.082 Loading class sun/awt/SunToolkit$1
Event: 10.082 Loading class sun/awt/SunToolkit$1 done
Event: 10.157 Loading class sun/awt/image/JPEGImageDecoder
Event: 10.157 Loading class sun/awt/image/JPEGImageDecoder done
Event: 10.158 Loading class sun/awt/image/JPEGImageDecoder$1
Event: 10.158 Loading class sun/awt/image/JPEGImageDecoder$1 done
Event: 3171.508 Loading class java/awt/desktop/SystemSleepListener
Event: 3171.515 Loading class java/awt/desktop/SystemEventListener
Event: 3171.519 Loading class java/awt/desktop/SystemEventListener done
Event: 3171.521 Loading class java/awt/desktop/SystemSleepListener done

Classes unloaded (0 events):
No events

Classes redefined (0 events):
No events

Internal exceptions (16 events):
Event: 0.069 Thread 0x000001eed6735400 Exception <a 'sun/nio/fs/WindowsException'{0x000000008d444c50}> (0x000000008d444c50) 
thrown [s\open\src\hotspot\share\prims\jni.cpp, line 519]
Event: 0.071 Thread 0x000001eed6735400 Exception <a 'sun/nio/fs/WindowsException'{0x000000008d447198}> (0x000000008d447198) 
thrown [s\open\src\hotspot\share\prims\jni.cpp, line 519]
Event: 0.071 Thread 0x000001eed6735400 Exception <a 'sun/nio/fs/WindowsException'{0x000000008d447c78}> (0x000000008d447c78) 
thrown [s\open\src\hotspot\share\prims\jni.cpp, line 519]
Event: 0.071 Thread 0x000001eed6735400 Exception <a 'sun/nio/fs/WindowsException'{0x000000008d448770}> (0x000000008d448770) 
thrown [s\open\src\hotspot\share\prims\jni.cpp, line 519]
Event: 0.109 Thread 0x000001eed6735400 Exception <a 'java/lang/ClassNotFoundException'{0x000000008d3aecf8}: sun/awt/resources/spi/awtProvider> (0x000000008d3aecf8) 
thrown [s\open\src\hotspot\share\classfile\systemDictionary.cpp, line 305]
Event: 0.131 Thread 0x000001eed6735400 Exception <a 'java/io/FileNotFoundException'{0x000000008d205d70}> (0x000000008d205d70) 
thrown [s\open\src\hotspot\share\prims\jni.cpp, line 519]
Event: 0.143 Thread 0x000001eed6735400 Exception <a 'java/io/FileNotFoundException'{0x000000008d22fd00}> (0x000000008d22fd00) 
thrown [s\open\src\hotspot\share\prims\jni.cpp, line 519]
Event: 0.234 Thread 0x000001eed6735400 Exception <a 'java/lang/NoSuchMethodError'{0x000000008d2c4790}: 'void java.lang.invoke.DirectMethodHandle$Holder.invokeSpecial(java.lang.Object, java.lang.Object, java.lang.Object)'> (0x000000008d2c4790) 
thrown [s\open\src\hotspot\share\interpreter\linkResolver.cpp, line 773]
Event: 0.243 Thread 0x000001eed6735400 Exception <a 'java/lang/NoSuchMethodError'{0x000000008d179760}: 'java.lang.Object java.lang.invoke.DirectMethodHandle$Holder.newInvokeSpecial(java.lang.Object, java.lang.Object, java.lang.Object, java.lang.Object, java.lang.Object)'> (0x000000008d179760) 
thrown [s\open\src\hotspot\share\interpreter\linkResolver.cpp, line 773]
Event: 0.255 Thread 0x000001eed6735400 Exception <a 'java/lang/NoSuchMethodError'{0x000000008d1aa008}: 'java.lang.Object java.lang.invoke.DirectMethodHandle$Holder.invokeStatic(java.lang.Object, int, java.lang.Object)'> (0x000000008d1aa008) 
thrown [s\open\src\hotspot\share\interpreter\linkResolver.cpp, line 773]
Event: 0.293 Thread 0x000001eed6735400 Exception <a 'java/lang/ClassNotFoundException'{0x000000008d065798}: com/sun/swing/internal/plaf/metal/resources/spi/metalProvider> (0x000000008d065798) 
thrown [s\open\src\hotspot\share\classfile\systemDictionary.cpp, line 305]
Event: 0.294 Thread 0x000001eed6735400 Exception <a 'java/lang/ClassNotFoundException'{0x000000008d0696a8}: com/sun/swing/internal/plaf/basic/resources/spi/basicProvider> (0x000000008d0696a8) 
thrown [s\open\src\hotspot\share\classfile\systemDictionary.cpp, line 305]
Event: 0.301 Thread 0x000001eed6735400 Exception <a 'java/lang/NoSuchMethodError'{0x000000008d088c48}: 'int java.lang.invoke.Invokers$Holder.invokeExact_MT(java.lang.Object, java.lang.Object)'> (0x000000008d088c48) 
thrown [s\open\src\hotspot\share\interpreter\linkResolver.cpp, line 773]
Event: 0.394 Thread 0x000001eef7e1fab0 Exception <a 'java/lang/NoSuchMethodError'{0x000000008ce9ebd0}: 'java.lang.Object java.lang.invoke.DirectMethodHandle$Holder.newInvokeSpecial(java.lang.Object, java.lang.Object, java.lang.Object, int, int, int, int, int)'> (0x000000008ce9ebd0) 
thrown [s\open\src\hotspot\share\interpreter\linkResolver.cpp, line 773]
Event: 0.736 Thread 0x000001eef7bfdc30 Exception <a 'java/lang/NoSuchMethodError'{0x000000008cd665a8}: 'void java.lang.invoke.DirectMethodHandle$Holder.invokeVirtual(java.lang.Object, java.lang.Object)'> (0x000000008cd665a8) 
thrown [s\open\src\hotspot\share\interpreter\linkResolver.cpp, line 773]
Event: 0.748 Thread 0x000001eed6735400 Exception <a 'java/lang/NoSuchMethodError'{0x000000008d488060}: 'void java.lang.invoke.DirectMethodHandle$Holder.invokeStaticInit(java.lang.Object)'> (0x000000008d488060) 
thrown [s\open\src\hotspot\share\interpreter\linkResolver.cpp, line 773]

VM Operations (20 events):
Event: 10.636 Executing VM operation: G1PauseRemark
Event: 10.639 Executing VM operation: G1PauseRemark done
Event: 10.641 Executing VM operation: G1PauseCleanup
Event: 10.641 Executing VM operation: G1PauseCleanup done
Event: 11.642 Executing VM operation: Cleanup
Event: 11.642 Executing VM operation: Cleanup done
Event: 12.654 Executing VM operation: Cleanup
Event: 12.655 Executing VM operation: Cleanup done
Event: 13.669 Executing VM operation: Cleanup
Event: 13.670 Executing VM operation: Cleanup done
Event: 14.683 Executing VM operation: Cleanup
Event: 14.684 Executing VM operation: Cleanup done
Event: 15.694 Executing VM operation: Cleanup
Event: 15.695 Executing VM operation: Cleanup done
Event: 16.702 Executing VM operation: Cleanup
Event: 16.702 Executing VM operation: Cleanup done
Event: 60.055 Executing VM operation: HandshakeAllThreads
Event: 60.055 Executing VM operation: HandshakeAllThreads done
Event: 4646.584 Executing VM operation: Cleanup
Event: 4646.605 Executing VM operation: Cleanup done

Events (20 events):
Event: 0.307 Thread 0x000001eef7e1fab0 Thread added: 0x000001eef7e1fab0
Event: 0.480 Thread 0x000001eef7fd4af0 Thread added: 0x000001eef7fd4af0
Event: 0.646 Thread 0x000001eef34019b0 Thread added: 0x000001eef34019b0
Event: 0.735 Thread 0x000001eef847ab20 Thread added: 0x000001eef847ab20
Event: 0.792 Thread 0x000001eed6735400 Thread exited: 0x000001eed6735400
Event: 0.792 Thread 0x000001eed6735400 Thread added: 0x000001eed6735400
Event: 2.067 Thread 0x000001eef34019b0 Thread exited: 0x000001eef34019b0
Event: 2.067 Thread 0x000001eef3401f40 Thread exited: 0x000001eef3401f40
Event: 5.729 Thread 0x000001eef7fd4af0 Thread exited: 0x000001eef7fd4af0
Event: 5.744 Thread 0x000001eef7e1fab0 Thread exited: 0x000001eef7e1fab0
Event: 10.152 Thread 0x000001eef8391fd0 Thread added: 0x000001eef8391fd0
Event: 10.204 Thread 0x000001eef3403580 Thread added: 0x000001eef3403580
Event: 10.252 Thread 0x000001eef938c640 Thread added: 0x000001eef938c640
Event: 10.617 Thread 0x000001eef3403580 Thread exited: 0x000001eef3403580
Event: 15.067 Thread 0x000001eef34019b0 Thread added: 0x000001eef34019b0
Event: 15.067 Thread 0x000001eef3401420 Thread added: 0x000001eef3401420
Event: 15.936 Thread 0x000001eef3401420 Thread exited: 0x000001eef3401420
Event: 20.066 Thread 0x000001eef8391fd0 Thread exited: 0x000001eef8391fd0
Event: 20.082 Thread 0x000001eef938c640 Thread exited: 0x000001eef938c640
Event: 20.939 Thread 0x000001eef34019b0 Thread exited: 0x000001eef34019b0


Dynamic libraries:
0x00007ff6afc80000 - 0x00007ff6afc90000 	C:\Program Files\Java\jdk-20\bin\java.exe
0x00007ffccd710000 - 0x00007ffccd927000 	C:\windows\SYSTEM32\ntdll.dll
0x00007ffccbee0000 - 0x00007ffccbfa4000 	C:\windows\System32\KERNEL32.DLL
0x00007ffccabb0000 - 0x00007ffccaf56000 	C:\windows\System32\KERNELBASE.dll
0x00007ffccaf60000 - 0x00007ffccb071000 	C:\windows\System32\ucrtbase.dll
0x00007ffcb1ac0000 - 0x00007ffcb1ad9000 	C:\Program Files\Java\jdk-20\bin\jli.dll
0x00007ffcb1aa0000 - 0x00007ffcb1abb000 	C:\Program Files\Java\jdk-20\bin\VCRUNTIME140.dll
0x00007ffccd560000 - 0x00007ffccd610000 	C:\windows\System32\ADVAPI32.dll
0x00007ffccbaa0000 - 0x00007ffccbb47000 	C:\windows\System32\msvcrt.dll
0x00007ffccbb50000 - 0x00007ffccbbf6000 	C:\windows\System32\sechost.dll
0x00007ffccbc80000 - 0x00007ffccbd97000 	C:\windows\System32\RPCRT4.dll
0x00007ffccc230000 - 0x00007ffccc3dd000 	C:\windows\System32\USER32.dll
0x00007ffccab00000 - 0x00007ffccab26000 	C:\windows\System32\win32u.dll
0x00007ffccbe80000 - 0x00007ffccbea9000 	C:\windows\System32\GDI32.dll
0x00007ffca8040000 - 0x00007ffca82d3000 	C:\windows\WinSxS\amd64_microsoft.windows.common-controls_6595b64144ccf1df_6.0.22621.2361_none_2712ced57382f843\COMCTL32.dll
0x00007ffccb1e0000 - 0x00007ffccb2f8000 	C:\windows\System32\gdi32full.dll
0x00007ffccb140000 - 0x00007ffccb1da000 	C:\windows\System32\msvcp_win.dll
0x00007ffcc4300000 - 0x00007ffcc430a000 	C:\windows\SYSTEM32\VERSION.dll
0x00007ffccc1f0000 - 0x00007ffccc221000 	C:\windows\System32\IMM32.DLL
0x00007ffcb1a90000 - 0x00007ffcb1a9c000 	C:\Program Files\Java\jdk-20\bin\vcruntime140_1.dll
0x00007ffc9a220000 - 0x00007ffc9a2ae000 	C:\Program Files\Java\jdk-20\bin\msvcp140.dll
0x00007ffc0dd50000 - 0x00007ffc0e9e8000 	C:\Program Files\Java\jdk-20\bin\server\jvm.dll
0x00007ffcc0da0000 - 0x00007ffcc0dd4000 	C:\windows\SYSTEM32\WINMM.dll
0x00007ffca1c00000 - 0x00007ffca1c09000 	C:\windows\SYSTEM32\WSOCK32.dll
0x00007ffccc170000 - 0x00007ffccc1e1000 	C:\windows\System32\WS2_32.dll
0x00007ffcc9b60000 - 0x00007ffcc9b78000 	C:\windows\SYSTEM32\kernel.appcore.dll
0x00007ffcac940000 - 0x00007ffcac94a000 	C:\Program Files\Java\jdk-20\bin\jimage.dll
0x00007ffcc7cb0000 - 0x00007ffcc7ede000 	C:\windows\SYSTEM32\DBGHELP.DLL
0x00007ffccb710000 - 0x00007ffccba9a000 	C:\windows\System32\combase.dll
0x00007ffccbda0000 - 0x00007ffccbe77000 	C:\windows\System32\OLEAUT32.dll
0x00007ffcb1930000 - 0x00007ffcb1962000 	C:\windows\SYSTEM32\dbgcore.DLL
0x00007ffccab30000 - 0x00007ffccabaa000 	C:\windows\System32\bcryptPrimitives.dll
0x00007ffca88f0000 - 0x00007ffca8916000 	C:\Program Files\Java\jdk-20\bin\java.dll
0x00007ffca8810000 - 0x00007ffca88e7000 	C:\Program Files\Java\jdk-20\bin\jsvml.dll
0x00007ffccc6b0000 - 0x00007ffcccf08000 	C:\windows\System32\SHELL32.dll
0x00007ffcc89b0000 - 0x00007ffcc92a2000 	C:\windows\SYSTEM32\windows.storage.dll
0x00007ffcc8870000 - 0x00007ffcc89ae000 	C:\windows\SYSTEM32\wintypes.dll
0x00007ffccc5b0000 - 0x00007ffccc6a3000 	C:\windows\System32\SHCORE.dll
0x00007ffcccf10000 - 0x00007ffcccf6e000 	C:\windows\System32\shlwapi.dll
0x00007ffcca9c0000 - 0x00007ffcca9e6000 	C:\windows\SYSTEM32\profapi.dll
0x00007ffca87f0000 - 0x00007ffca8803000 	C:\Program Files\Java\jdk-20\bin\net.dll
0x00007ffcc3540000 - 0x00007ffcc3677000 	C:\windows\SYSTEM32\WINHTTP.dll
0x00007ffcca040000 - 0x00007ffcca0a9000 	C:\windows\system32\mswsock.dll
0x00007ffca8420000 - 0x00007ffca8436000 	C:\Program Files\Java\jdk-20\bin\nio.dll
0x00007ffca8400000 - 0x00007ffca8418000 	C:\Program Files\Java\jdk-20\bin\zip.dll
0x00007ffc3c740000 - 0x00007ffc3c8d1000 	C:\Program Files\Java\jdk-20\bin\awt.dll
0x00007ffcc7a10000 - 0x00007ffcc7aa7000 	C:\windows\SYSTEM32\apphelp.dll
0x00007ffcc8210000 - 0x00007ffcc823b000 	C:\windows\system32\DWMAPI.DLL
0x00007ffcc7fc0000 - 0x00007ffcc806b000 	C:\windows\system32\uxtheme.dll
0x00007ffca7c20000 - 0x00007ffca7d20000 	C:\windows\system32\opengl32.dll
0x00007ffca7b70000 - 0x00007ffca7b9d000 	C:\windows\SYSTEM32\GLU32.dll
0x00007ffcc80c0000 - 0x00007ffcc80f6000 	C:\windows\SYSTEM32\dxcore.dll
0x00007ffccc3e0000 - 0x00007ffccc52c000 	C:\windows\System32\MSCTF.dll
0x00007ffccb570000 - 0x00007ffccb70f000 	C:\windows\System32\ole32.dll
0x00007ffc8d270000 - 0x00007ffc8d2f6000 	C:\Program Files\Java\jdk-20\bin\freetype.dll
0x00007ffc78250000 - 0x00007ffc78323000 	C:\Program Files\Java\jdk-20\bin\fontmanager.dll
0x00007ffcad6b0000 - 0x00007ffcad7fa000 	C:\windows\SYSTEM32\textinputframework.dll
0x00007ffcc7490000 - 0x00007ffcc75c3000 	C:\windows\SYSTEM32\CoreMessaging.dll
0x00007ffcc51c0000 - 0x00007ffcc552c000 	C:\windows\SYSTEM32\CoreUIComponents.dll
0x00007ffcca2b0000 - 0x00007ffcca2bc000 	C:\windows\SYSTEM32\CRYPTBASE.DLL
0x00007ffc896d0000 - 0x00007ffc896fe000 	C:\Program Files\Java\jdk-20\bin\javajpeg.dll

dbghelp: loaded successfully - version: 4.0.5 - missing functions: none
symbol engine: initialized successfully - sym options: 0x614 - pdb path: .;C:\Program Files\Java\jdk-20\bin;C:\windows\SYSTEM32;C:\windows\WinSxS\amd64_microsoft.windows.common-controls_6595b64144ccf1df_6.0.22621.2361_none_2712ced57382f843;C:\Program Files\Java\jdk-20\bin\server

VM Arguments:
jvm_args: -Dfile.encoding=UTF-8 --module-path=C:\Users\yashj\OneDrive\Documents\NetBeansProjects\farmerbuddy\build\classes 
java_command: farmerbuddy.farmmarket
java_class_path (initial): C:\Users\yashj\Downloads\mysql-connector-java-8.0.28.jar;C:\Users\yashj\Downloads\rs2xml.jar;C:\Users\yashj\OneDrive\Desktop\jsp-api-2.0.jar;C:\Users\yashj\OneDrive\Desktop\servlet-api.jar;C:\Users\yashj\OneDrive\Desktop\commons-logging-1.2.jar;C:\Users\yashj\OneDrive\Desktop\jstl-1.2.jar;C:\Users\yashj\OneDrive\Documents\NetBeansProjects\farmerbuddy\build\classes
Launcher Type: SUN_STANDARD

[Global flags]
     intx CICompilerCount                          = 4                                         {product} {ergonomic}
     uint ConcGCThreads                            = 3                                         {product} {ergonomic}
     uint G1ConcRefinementThreads                  = 10                                        {product} {ergonomic}
   size_t G1HeapRegionSize                         = 1048576                                   {product} {ergonomic}
    uintx GCDrainStackTargetSize                   = 64                                        {product} {ergonomic}
   size_t InitialHeapSize                          = 130023424                                 {product} {ergonomic}
   size_t MarkStackSize                            = 4194304                                   {product} {ergonomic}
   size_t MaxHeapSize                              = 2053111808                                {product} {ergonomic}
   size_t MaxNewSize                               = 1231028224                                {product} {ergonomic}
   size_t MinHeapDeltaBytes                        = 1048576                                   {product} {ergonomic}
   size_t MinHeapSize                              = 8388608                                   {product} {ergonomic}
    uintx NonNMethodCodeHeapSize                   = 5839372                                {pd product} {ergonomic}
    uintx NonProfiledCodeHeapSize                  = 122909434                              {pd product} {ergonomic}
    uintx ProfiledCodeHeapSize                     = 122909434                              {pd product} {ergonomic}
    uintx ReservedCodeCacheSize                    = 251658240                              {pd product} {ergonomic}
     bool SegmentedCodeCache                       = true                                      {product} {ergonomic}
   size_t SoftMaxHeapSize                          = 2053111808                             {manageable} {ergonomic}
     bool UseCompressedClassPointers               = true                           {product lp64_product} {ergonomic}
     bool UseCompressedOops                        = true                           {product lp64_product} {ergonomic}
     bool UseG1GC                                  = true                                      {product} {ergonomic}
     bool UseLargePagesIndividualAllocation        = false                                  {pd product} {ergonomic}

Logging:
Log output configuration:
 #0: stdout all=warning uptime,level,tags foldmultilines=false
 #1: stderr all=off uptime,level,tags foldmultilines=false

Environment Variables:
PATH=C:\Program Files\Common Files\Oracle\Java\javapath;C:\windows\system32;C:\windows;C:\windows\System32\Wbem;C:\windows\System32\WindowsPowerShell\v1.0\;C:\windows\System32\OpenSSH\;C:\Program Files (x86)\NVIDIA Corporation\PhysX\Common;C:\Program Files\NVIDIA Corporation\NVIDIA NvDLISR;C:\Program Files\MySQL\MySQL Shell 8.0\bin\;C:\Users\yashj\AppData\Local\Microsoft\WindowsApps;;C:\Program Files\JetBrains\IntelliJ IDEA Community Edition 2023.1.4\bin;;C:\Users\yashj\AppData\Local\Programs\Microsoft VS Code\bin
USERNAME=yashj
OS=Windows_NT
PROCESSOR_IDENTIFIER=Intel64 Family 6 Model 141 Stepping 1, GenuineIntel
TMP=C:\Users\yashj\AppData\Local\Temp
TEMP=C:\Users\yashj\AppData\Local\Temp




---------------  S Y S T E M  ---------------

OS:
 Windows 11 , 64 bit Build 22621 (10.0.22621.2428)
OS uptime: 0 days 3:52 hours
Hyper-V role detected

CPU: total 12 (initial active 12) (6 cores per cpu, 2 threads per core) family 6 model 141 stepping 1 microcode 0x46, cx8, cmov, fxsr, ht, mmx, 3dnowpref, sse, sse2, sse3, ssse3, sse4.1, sse4.2, popcnt, lzcnt, tsc, tscinvbit, avx, avx2, aes, erms, clmul, bmi1, bmi2, adx, avx512f, avx512dq, avx512cd, avx512bw, avx512vl, sha, fma, vzeroupper, avx512_vpopcntdq, avx512_vpclmulqdq, avx512_vaes, avx512_vnni, clflush, clflushopt, clwb, avx512_vbmi2, avx512_vbmi, hv, rdtscp, rdpid, fsrm, gfni, avx512_bitalg, f16c, cet_ibt, cet_ss, avx512_ifma

Memory: 4k page, system-wide physical 7830M (203M free)
TotalPageFile size 31382M (AvailPageFile size 18M)
current process WorkingSet (physical memory assigned to process): 12M, peak: 278M
current process commit charge ("private bytes"): 301M, peak: 336M

vm_info: Java HotSpot(TM) 64-Bit Server VM (20.0.2+9-78) for windows-amd64 JRE (20.0.2+9-78), built on 2023-06-14T10:08:48Z by "mach5one" with MS VC++ 17.1 (VS2022)

END.
