#
# There is insufficient memory for the Java Runtime Environment to continue.
# Native memory allocation (malloc) failed to allocate 32744 bytes for Chunk::new
# Possible reasons:
#   The system is out of physical RAM or swap space
#   The process is running with CompressedOops enabled, and the Java Heap may be blocking the growth of the native heap
# Possible solutions:
#   Reduce memory load on the system
#   Increase physical memory or swap space
#   Check if swap backing store is full
#   Decrease Java heap size (-Xmx/-Xms)
#   Decrease number of Java threads
#   Decrease Java thread stack sizes (-Xss)
#   Set larger code cache with -XX:ReservedCodeCacheSize=
#   JVM is running with Unscaled Compressed Oops mode in which the Java heap is
#     placed in the first 4GB address space. The Java Heap base address is the
#     maximum limit for the native heap growth. Please use -XX:HeapBaseMinAddress
#     to set the Java Heap base and to place the Java Heap above 4GB virtual address.
# This output file may be truncated or incomplete.
#
#  Out of Memory Error (arena.cpp:184), pid=15944, tid=12408
#
# JRE version: Java(TM) SE Runtime Environment (20.0.2+9) (build 20.0.2+9-78)
# Java VM: Java HotSpot(TM) 64-Bit Server VM (20.0.2+9-78, mixed mode, sharing, tiered, compressed oops, compressed class ptrs, g1 gc, windows-amd64)
# No core dump will be written. Minidumps are not enabled by default on client versions of Windows
#

---------------  S U M M A R Y ------------

Command Line: -Dfile.encoding=UTF-8 --module-path=C:\Users\yashj\OneDrive\Documents\NetBeansProjects\farmerbuddy\build\classes farmerbuddy.Booking

Host: 11th Gen Intel(R) Core(TM) i5-11400H @ 2.70GHz, 12 cores, 7G,  Windows 11 , 64 bit Build 22621 (10.0.22621.2428)
Time: Wed Oct 25 02:57:58 2023 India Standard Time elapsed time: 1.712438 seconds (0d 0h 0m 1s)

---------------  T H R E A D  ---------------

Current thread (0x00000113b98468f0):  JavaThread "main" [_thread_in_vm, id=12408, stack(0x0000000383800000,0x0000000383900000)]

Stack: [0x0000000383800000,0x0000000383900000]
Native frames: (J=compiled Java code, j=interpreted, Vv=VM code, C=native code)
V  [jvm.dll+0x6bc25a]
V  [jvm.dll+0x84971a]
V  [jvm.dll+0x84b315]
V  [jvm.dll+0x84ba13]
V  [jvm.dll+0x280e4f]
V  [jvm.dll+0xc2ab1]
V  [jvm.dll+0xc2dd5]
V  [jvm.dll+0x223fb5]
V  [jvm.dll+0x222f06]
V  [jvm.dll+0x7c38c4]
V  [jvm.dll+0x7c4a0f]
V  [jvm.dll+0x7c4fbf]
V  [jvm.dll+0x7c4c68]
V  [jvm.dll+0x2705bb]
V  [jvm.dll+0x3db97f]
C  0x00000113ca680795

Java frames: (J=compiled Java code, j=interpreted, Vv=VM code)
j  sun.security.ssl.CertificateMessage$T13CertificateConsumer.checkServerCerts(Lsun/security/ssl/ClientHandshakeContext;Ljava/util/List;)[Ljava/security/cert/X509Certificate;+127 java.base@20.0.2
j  sun.security.ssl.CertificateMessage$T13CertificateConsumer.onConsumeCertificate(Lsun/security/ssl/ClientHandshakeContext;Lsun/security/ssl/CertificateMessage$T13CertificateMessage;)V+94 java.base@20.0.2
j  sun.security.ssl.CertificateMessage$T13CertificateConsumer.consume(Lsun/security/ssl/ConnectionContext;Ljava/nio/ByteBuffer;)V+78 java.base@20.0.2
j  sun.security.ssl.SSLHandshake.consume(Lsun/security/ssl/ConnectionContext;Ljava/nio/ByteBuffer;)V+13 java.base@20.0.2
j  sun.security.ssl.HandshakeContext.dispatch(BLjava/nio/ByteBuffer;)V+73 java.base@20.0.2
j  sun.security.ssl.HandshakeContext.dispatch(BLsun/security/ssl/Plaintext;)V+191 java.base@20.0.2
j  sun.security.ssl.TransportContext.dispatch(Lsun/security/ssl/Plaintext;)V+257 java.base@20.0.2
j  sun.security.ssl.SSLTransport.decode(Lsun/security/ssl/TransportContext;[Ljava/nio/ByteBuffer;II[Ljava/nio/ByteBuffer;II)Lsun/security/ssl/Plaintext;+281 java.base@20.0.2
j  sun.security.ssl.SSLSocketImpl.decode(Ljava/nio/ByteBuffer;)Lsun/security/ssl/Plaintext;+14 java.base@20.0.2
j  sun.security.ssl.SSLSocketImpl.readHandshakeRecord()I+12 java.base@20.0.2
j  sun.security.ssl.SSLSocketImpl.startHandshake(Z)V+122 java.base@20.0.2
j  sun.security.ssl.SSLSocketImpl.startHandshake()V+2 java.base@20.0.2
j  com.mysql.cj.protocol.ExportControlled.performTlsHandshake(Ljava/net/Socket;Lcom/mysql/cj/protocol/SocketConnection;Lcom/mysql/cj/ServerVersion;Lcom/mysql/cj/log/Log;)Ljava/net/Socket;+235
j  com.mysql.cj.protocol.StandardSocketFactory.performTlsHandshake(Lcom/mysql/cj/protocol/SocketConnection;Lcom/mysql/cj/protocol/ServerSession;Lcom/mysql/cj/log/Log;)Ljava/io/Closeable;+21
j  com.mysql.cj.protocol.a.NativeSocketConnection.performTlsHandshake(Lcom/mysql/cj/protocol/ServerSession;Lcom/mysql/cj/log/Log;)V+8
j  com.mysql.cj.protocol.a.NativeProtocol.negotiateSSLConnection()V+116
j  com.mysql.cj.protocol.a.NativeAuthenticationProvider.connect(Ljava/lang/String;Ljava/lang/String;Ljava/lang/String;)V+765
j  com.mysql.cj.protocol.a.NativeProtocol.connect(Ljava/lang/String;Ljava/lang/String;Ljava/lang/String;)V+11
j  com.mysql.cj.NativeSession.connect(Lcom/mysql/cj/conf/HostInfo;Ljava/lang/String;Ljava/lang/String;Ljava/lang/String;ILcom/mysql/cj/TransactionEventHandler;)V+110
j  com.mysql.cj.jdbc.ConnectionImpl.connectOneTryOnly(Z)V+32
j  com.mysql.cj.jdbc.ConnectionImpl.createNewIO(Z)V+27
j  com.mysql.cj.jdbc.ConnectionImpl.<init>(Lcom/mysql/cj/conf/HostInfo;)V+753
j  com.mysql.cj.jdbc.ConnectionImpl.getInstance(Lcom/mysql/cj/conf/HostInfo;)Lcom/mysql/cj/jdbc/JdbcConnection;+5
j  com.mysql.cj.jdbc.NonRegisteringDriver.connect(Ljava/lang/String;Ljava/util/Properties;)Ljava/sql/Connection;+72
j  java.sql.DriverManager.getConnection(Ljava/lang/String;Ljava/util/Properties;Ljava/lang/Class;)Ljava/sql/Connection;+133 java.sql@20.0.2
j  java.sql.DriverManager.getConnection(Ljava/lang/String;Ljava/lang/String;Ljava/lang/String;)Ljava/sql/Connection;+37 java.sql@20.0.2
j  farmerbuddy.Conn.<init>()V+17
j  farmerbuddy.Booking.<init>(Ljava/lang/String;)V+1529
j  farmerbuddy.Booking.main([Ljava/lang/String;)V+7
v  ~StubRoutines::call_stub 0x00000113ca6510e7

---------------  P R O C E S S  ---------------

Threads class SMR info:
_java_thread_list=0x000001141e73c970, length=18, elements={
0x00000113b98468f0, 0x00000113d84a74c0, 0x00000113d84a8250, 0x00000113d84aa3e0,
0x00000113d84ad3f0, 0x00000113d84b0700, 0x00000113d84b5f10, 0x00000113d84b8460,
0x00000113d84b96b0, 0x00000113d846ff80, 0x000001141d996100, 0x000001141db5cae0,
0x000001141db732f0, 0x000001141db76710, 0x000001141dba7e30, 0x000001141e6c3b30,
0x000001141e76dfa0, 0x000001141eb59360
}

Java Threads: ( => current thread )
=>0x00000113b98468f0 JavaThread "main" [_thread_in_vm, id=12408, stack(0x0000000383800000,0x0000000383900000)]
  0x00000113d84a74c0 JavaThread "Reference Handler" daemon [_thread_blocked, id=19476, stack(0x0000000383f00000,0x0000000384000000)]
  0x00000113d84a8250 JavaThread "Finalizer" daemon [_thread_blocked, id=19600, stack(0x0000000384000000,0x0000000384100000)]
  0x00000113d84aa3e0 JavaThread "Signal Dispatcher" daemon [_thread_blocked, id=26940, stack(0x0000000384100000,0x0000000384200000)]
  0x00000113d84ad3f0 JavaThread "Attach Listener" daemon [_thread_blocked, id=20848, stack(0x0000000384200000,0x0000000384300000)]
  0x00000113d84b0700 JavaThread "Service Thread" daemon [_thread_blocked, id=29668, stack(0x0000000384300000,0x0000000384400000)]
  0x00000113d84b5f10 JavaThread "Monitor Deflation Thread" daemon [_thread_blocked, id=5176, stack(0x0000000384400000,0x0000000384500000)]
  0x00000113d84b8460 JavaThread "C2 CompilerThread0" daemon [_thread_in_native, id=29048, stack(0x0000000384500000,0x0000000384600000)]
  0x00000113d84b96b0 JavaThread "C1 CompilerThread0" daemon [_thread_blocked, id=29976, stack(0x0000000384600000,0x0000000384700000)]
  0x00000113d846ff80 JavaThread "Common-Cleaner" daemon [_thread_blocked, id=30400, stack(0x0000000384700000,0x0000000384800000)]
  0x000001141d996100 JavaThread "Notification Thread" daemon [_thread_blocked, id=16648, stack(0x0000000384800000,0x0000000384900000)]
  0x000001141db5cae0 JavaThread "Java2D Disposer" daemon [_thread_blocked, id=18684, stack(0x0000000384b00000,0x0000000384c00000)]
  0x000001141db732f0 JavaThread "AWT-Shutdown" [_thread_blocked, id=25932, stack(0x0000000384c00000,0x0000000384d00000)]
  0x000001141db76710 JavaThread "AWT-Windows" daemon [_thread_in_native, id=7508, stack(0x0000000384d00000,0x0000000384e00000)]
  0x000001141dba7e30 JavaThread "Image Fetcher 0" daemon [_thread_blocked, id=4444, stack(0x0000000384a00000,0x0000000384b00000)]
  0x000001141e6c3b30 JavaThread "AWT-EventQueue-0" [_thread_blocked, id=29888, stack(0x0000000385600000,0x0000000385700000)]
  0x000001141e76dfa0 JavaThread "mysql-cj-abandoned-connection-cleanup" daemon [_thread_blocked, id=30372, stack(0x0000000385800000,0x0000000385900000)]
  0x000001141eb59360 JavaThread "C2 CompilerThread1" daemon [_thread_blocked, id=29080, stack(0x0000000385700000,0x0000000385800000)]

Other Threads:
  0x00000113d84875e0 VMThread "VM Thread" [stack: 0x0000000383e00000,0x0000000383f00000] [id=29920]
  0x000001141d996650 WatcherThread "VM Periodic Task Thread" [stack: 0x0000000384900000,0x0000000384a00000] [id=19520]
  0x00000113b98a56e0 WorkerThread "GC Thread#0" [stack: 0x0000000383900000,0x0000000383a00000] [id=12584]
  0x000001141e67d610 WorkerThread "GC Thread#1" [stack: 0x0000000384e00000,0x0000000384f00000] [id=30716]
  0x000001141e6ba520 WorkerThread "GC Thread#2" [stack: 0x0000000384f00000,0x0000000385000000] [id=13300]
  0x000001141e6bb600 WorkerThread "GC Thread#3" [stack: 0x0000000385000000,0x0000000385100000] [id=16700]
  0x000001141e6b99e0 WorkerThread "GC Thread#4" [stack: 0x0000000385100000,0x0000000385200000] [id=27428]
  0x000001141e6baac0 WorkerThread "GC Thread#5" [stack: 0x0000000385200000,0x0000000385300000] [id=2436]
  0x000001141e6b9cb0 WorkerThread "GC Thread#6" [stack: 0x0000000385300000,0x0000000385400000] [id=30020]
  0x000001141e6ba250 WorkerThread "GC Thread#7" [stack: 0x0000000385400000,0x0000000385500000] [id=28692]
  0x000001141e6b9f80 WorkerThread "GC Thread#8" [stack: 0x0000000385500000,0x0000000385600000] [id=2584]
  0x00000113b98b5ab0 ConcurrentGCThread "G1 Main Marker" [stack: 0x0000000383a00000,0x0000000383b00000] [id=29700]
  0x00000113b98b6680 WorkerThread "G1 Conc#0" [stack: 0x0000000383b00000,0x0000000383c00000] [id=29828]
  0x00000113d83444e0 ConcurrentGCThread "G1 Refine#0" [stack: 0x0000000383c00000,0x0000000383d00000] [id=29664]
  0x00000113d8344e90 ConcurrentGCThread "G1 Service" [stack: 0x0000000383d00000,0x0000000383e00000] [id=29732]

Threads with active compile tasks:
C2 CompilerThread0     1732 1527       4       sun.security.ec.ECOperations::setDouble (463 bytes)

VM state: not at safepoint (normal execution)

VM Mutex/Monitor currently owned by a thread: None

Heap address: 0x0000000085a00000, size: 1958 MB, Compressed Oops mode: 32-bit

CDS archive(s) mapped at: [0x00000113d8800000-0x00000113d9460000-0x00000113d9460000), size 12976128, SharedBaseAddress: 0x00000113d8800000, ArchiveRelocationMode: 1.
Compressed class space mapped at: 0x00000113d9800000-0x0000011419800000, reserved size: 1073741824
Narrow klass base: 0x00000113d8800000, Narrow klass shift: 0, Narrow klass range: 0x100000000

GC Precious Log:
 CardTable entry size: 512
 Card Set container configuration: InlinePtr #cards 5 size 8 Array Of Cards #cards 12 size 40 Howl #buckets 4 coarsen threshold 1843 Howl Bitmap #cards 512 size 80 coarsen threshold 460 Card regions per heap region 1 cards per card region 2048
 CPUs: 12 total, 12 available
 Memory: 7830M
 Large Page Support: Disabled
 NUMA Support: Disabled
 Compressed Oops: Enabled (32-bit)
 Heap Region Size: 1M
 Heap Min Capacity: 8M
 Heap Initial Capacity: 124M
 Heap Max Capacity: 1958M
 Pre-touch: Disabled
 Parallel Workers: 10
 Concurrent Workers: 3
 Concurrent Refinement Workers: 10
 Periodic GC: Disabled

Heap:
 garbage-first heap   total 126976K, used 68314K [0x0000000085a00000, 0x0000000100000000)
  region size 1024K, 18 young (18432K), 3 survivors (3072K)
 Metaspace       used 15772K, committed 15936K, reserved 1114112K
  class space    used 1777K, committed 1856K, reserved 1048576K

Heap Regions: E=young(eden), S=young(survivor), O=old, HS=humongous(starts), HC=humongous(continues), CS=collection set, F=free, OA=open archive, CA=closed archive, TAMS=top-at-mark-start, PB=parsable bottom
|   0|0x0000000085a00000, 0x0000000085b00000, 0x0000000085b00000|100%|HS|  |TAMS 0x0000000085a00000| PB 0x0000000085a00000| Complete 
|   1|0x0000000085b00000, 0x0000000085c00000, 0x0000000085c00000|100%|HC|  |TAMS 0x0000000085b00000| PB 0x0000000085b00000| Complete 
|   2|0x0000000085c00000, 0x0000000085d00000, 0x0000000085d00000|100%|HC|  |TAMS 0x0000000085c00000| PB 0x0000000085c00000| Complete 
|   3|0x0000000085d00000, 0x0000000085e00000, 0x0000000085e00000|100%|HC|  |TAMS 0x0000000085d00000| PB 0x0000000085d00000| Complete 
|   4|0x0000000085e00000, 0x0000000085f00000, 0x0000000085f00000|100%|HC|  |TAMS 0x0000000085e00000| PB 0x0000000085e00000| Complete 
|   5|0x0000000085f00000, 0x0000000086000000, 0x0000000086000000|100%|HC|  |TAMS 0x0000000085f00000| PB 0x0000000085f00000| Complete 
|   6|0x0000000086000000, 0x0000000086100000, 0x0000000086100000|100%|HC|  |TAMS 0x0000000086000000| PB 0x0000000086000000| Complete 
|   7|0x0000000086100000, 0x0000000086200000, 0x0000000086200000|100%|HC|  |TAMS 0x0000000086100000| PB 0x0000000086100000| Complete 
|   8|0x0000000086200000, 0x0000000086300000, 0x0000000086300000|100%|HC|  |TAMS 0x0000000086200000| PB 0x0000000086200000| Complete 
|   9|0x0000000086300000, 0x0000000086400000, 0x0000000086400000|100%|HC|  |TAMS 0x0000000086300000| PB 0x0000000086300000| Complete 
|  10|0x0000000086400000, 0x0000000086500000, 0x0000000086500000|100%|HC|  |TAMS 0x0000000086400000| PB 0x0000000086400000| Complete 
|  11|0x0000000086500000, 0x0000000086600000, 0x0000000086600000|100%|HC|  |TAMS 0x0000000086500000| PB 0x0000000086500000| Complete 
|  12|0x0000000086600000, 0x0000000086700000, 0x0000000086700000|100%|HC|  |TAMS 0x0000000086600000| PB 0x0000000086600000| Complete 
|  13|0x0000000086700000, 0x0000000086800000, 0x0000000086800000|100%|HC|  |TAMS 0x0000000086700000| PB 0x0000000086700000| Complete 
|  14|0x0000000086800000, 0x0000000086900000, 0x0000000086900000|100%|HC|  |TAMS 0x0000000086800000| PB 0x0000000086800000| Complete 
|  15|0x0000000086900000, 0x0000000086a00000, 0x0000000086a00000|100%|HC|  |TAMS 0x0000000086900000| PB 0x0000000086900000| Complete 
|  16|0x0000000086a00000, 0x0000000086b00000, 0x0000000086b00000|100%|HC|  |TAMS 0x0000000086a00000| PB 0x0000000086a00000| Complete 
|  17|0x0000000086b00000, 0x0000000086c00000, 0x0000000086c00000|100%|HC|  |TAMS 0x0000000086b00000| PB 0x0000000086b00000| Complete 
|  18|0x0000000086c00000, 0x0000000086d00000, 0x0000000086d00000|100%|HC|  |TAMS 0x0000000086c00000| PB 0x0000000086c00000| Complete 
|  19|0x0000000086d00000, 0x0000000086e00000, 0x0000000086e00000|100%|HC|  |TAMS 0x0000000086d00000| PB 0x0000000086d00000| Complete 
|  20|0x0000000086e00000, 0x0000000086f00000, 0x0000000086f00000|100%|HC|  |TAMS 0x0000000086e00000| PB 0x0000000086e00000| Complete 
|  21|0x0000000086f00000, 0x0000000087000000, 0x0000000087000000|100%|HC|  |TAMS 0x0000000086f00000| PB 0x0000000086f00000| Complete 
|  22|0x0000000087000000, 0x0000000087100000, 0x0000000087100000|100%|HC|  |TAMS 0x0000000087000000| PB 0x0000000087000000| Complete 
|  23|0x0000000087100000, 0x0000000087200000, 0x0000000087200000|100%|HC|  |TAMS 0x0000000087100000| PB 0x0000000087100000| Complete 
|  24|0x0000000087200000, 0x0000000087300000, 0x0000000087300000|100%|HC|  |TAMS 0x0000000087200000| PB 0x0000000087200000| Complete 
|  25|0x0000000087300000, 0x0000000087400000, 0x0000000087400000|100%|HC|  |TAMS 0x0000000087300000| PB 0x0000000087300000| Complete 
|  26|0x0000000087400000, 0x0000000087500000, 0x0000000087500000|100%|HC|  |TAMS 0x0000000087400000| PB 0x0000000087400000| Complete 
|  27|0x0000000087500000, 0x0000000087600000, 0x0000000087600000|100%|HC|  |TAMS 0x0000000087500000| PB 0x0000000087500000| Complete 
|  28|0x0000000087600000, 0x0000000087700000, 0x0000000087700000|100%|HC|  |TAMS 0x0000000087600000| PB 0x0000000087600000| Complete 
|  29|0x0000000087700000, 0x0000000087800000, 0x0000000087800000|100%|HC|  |TAMS 0x0000000087700000| PB 0x0000000087700000| Complete 
|  30|0x0000000087800000, 0x0000000087900000, 0x0000000087900000|100%|HC|  |TAMS 0x0000000087800000| PB 0x0000000087800000| Complete 
|  31|0x0000000087900000, 0x0000000087a00000, 0x0000000087a00000|100%|HC|  |TAMS 0x0000000087900000| PB 0x0000000087900000| Complete 
|  32|0x0000000087a00000, 0x0000000087b00000, 0x0000000087b00000|100%|HC|  |TAMS 0x0000000087a00000| PB 0x0000000087a00000| Complete 
|  33|0x0000000087b00000, 0x0000000087c00000, 0x0000000087c00000|100%|HC|  |TAMS 0x0000000087b00000| PB 0x0000000087b00000| Complete 
|  34|0x0000000087c00000, 0x0000000087d00000, 0x0000000087d00000|100%|HC|  |TAMS 0x0000000087c00000| PB 0x0000000087c00000| Complete 
|  35|0x0000000087d00000, 0x0000000087e00000, 0x0000000087e00000|100%|HC|  |TAMS 0x0000000087d00000| PB 0x0000000087d00000| Complete 
|  36|0x0000000087e00000, 0x0000000087f00000, 0x0000000087f00000|100%|HC|  |TAMS 0x0000000087e00000| PB 0x0000000087e00000| Complete 
|  37|0x0000000087f00000, 0x0000000088000000, 0x0000000088000000|100%|HC|  |TAMS 0x0000000087f00000| PB 0x0000000087f00000| Complete 
|  38|0x0000000088000000, 0x0000000088100000, 0x0000000088100000|100%|HC|  |TAMS 0x0000000088000000| PB 0x0000000088000000| Complete 
|  39|0x0000000088100000, 0x0000000088200000, 0x0000000088200000|100%|HC|  |TAMS 0x0000000088100000| PB 0x0000000088100000| Complete 
|  40|0x0000000088200000, 0x0000000088300000, 0x0000000088300000|100%|HC|  |TAMS 0x0000000088200000| PB 0x0000000088200000| Complete 
|  41|0x0000000088300000, 0x0000000088400000, 0x0000000088400000|100%|HC|  |TAMS 0x0000000088300000| PB 0x0000000088300000| Complete 
|  42|0x0000000088400000, 0x0000000088500000, 0x0000000088500000|100%|HC|  |TAMS 0x0000000088400000| PB 0x0000000088400000| Complete 
|  43|0x0000000088500000, 0x0000000088600000, 0x0000000088600000|100%|HC|  |TAMS 0x0000000088500000| PB 0x0000000088500000| Complete 
|  44|0x0000000088600000, 0x0000000088700000, 0x0000000088700000|100%|HC|  |TAMS 0x0000000088600000| PB 0x0000000088600000| Complete 
|  45|0x0000000088700000, 0x0000000088800000, 0x0000000088800000|100%|HC|  |TAMS 0x0000000088700000| PB 0x0000000088700000| Complete 
|  46|0x0000000088800000, 0x0000000088900000, 0x0000000088900000|100%|HC|  |TAMS 0x0000000088800000| PB 0x0000000088800000| Complete 
|  47|0x0000000088900000, 0x0000000088a00000, 0x0000000088a00000|100%|HC|  |TAMS 0x0000000088900000| PB 0x0000000088900000| Complete 
|  48|0x0000000088a00000, 0x0000000088b00000, 0x0000000088b00000|100%|HC|  |TAMS 0x0000000088a00000| PB 0x0000000088a00000| Complete 
|  49|0x0000000088b00000, 0x0000000088c00000, 0x0000000088c00000|100%|HC|  |TAMS 0x0000000088b00000| PB 0x0000000088b00000| Complete 
|  50|0x0000000088c00000, 0x0000000088d00000, 0x0000000088d00000|100%|HS|  |TAMS 0x0000000088c00000| PB 0x0000000088c00000| Complete 
|  51|0x0000000088d00000, 0x0000000088d00000, 0x0000000088e00000|  0%| F|  |TAMS 0x0000000088d00000| PB 0x0000000088d00000| Untracked 
|  52|0x0000000088e00000, 0x0000000088e00000, 0x0000000088f00000|  0%| F|  |TAMS 0x0000000088e00000| PB 0x0000000088e00000| Untracked 
|  53|0x0000000088f00000, 0x0000000088f00000, 0x0000000089000000|  0%| F|  |TAMS 0x0000000088f00000| PB 0x0000000088f00000| Untracked 
|  54|0x0000000089000000, 0x0000000089000000, 0x0000000089100000|  0%| F|  |TAMS 0x0000000089000000| PB 0x0000000089000000| Untracked 
|  55|0x0000000089100000, 0x0000000089100000, 0x0000000089200000|  0%| F|  |TAMS 0x0000000089100000| PB 0x0000000089100000| Untracked 
|  56|0x0000000089200000, 0x0000000089200000, 0x0000000089300000|  0%| F|  |TAMS 0x0000000089200000| PB 0x0000000089200000| Untracked 
|  57|0x0000000089300000, 0x0000000089300000, 0x0000000089400000|  0%| F|  |TAMS 0x0000000089300000| PB 0x0000000089300000| Untracked 
|  58|0x0000000089400000, 0x0000000089400000, 0x0000000089500000|  0%| F|  |TAMS 0x0000000089400000| PB 0x0000000089400000| Untracked 
|  59|0x0000000089500000, 0x0000000089500000, 0x0000000089600000|  0%| F|  |TAMS 0x0000000089500000| PB 0x0000000089500000| Untracked 
|  60|0x0000000089600000, 0x0000000089600000, 0x0000000089700000|  0%| F|  |TAMS 0x0000000089600000| PB 0x0000000089600000| Untracked 
|  61|0x0000000089700000, 0x0000000089700000, 0x0000000089800000|  0%| F|  |TAMS 0x0000000089700000| PB 0x0000000089700000| Untracked 
|  62|0x0000000089800000, 0x0000000089800000, 0x0000000089900000|  0%| F|  |TAMS 0x0000000089800000| PB 0x0000000089800000| Untracked 
|  63|0x0000000089900000, 0x0000000089900000, 0x0000000089a00000|  0%| F|  |TAMS 0x0000000089900000| PB 0x0000000089900000| Untracked 
|  64|0x0000000089a00000, 0x0000000089a00000, 0x0000000089b00000|  0%| F|  |TAMS 0x0000000089a00000| PB 0x0000000089a00000| Untracked 
|  65|0x0000000089b00000, 0x0000000089b00000, 0x0000000089c00000|  0%| F|  |TAMS 0x0000000089b00000| PB 0x0000000089b00000| Untracked 
|  66|0x0000000089c00000, 0x0000000089c00000, 0x0000000089d00000|  0%| F|  |TAMS 0x0000000089c00000| PB 0x0000000089c00000| Untracked 
|  67|0x0000000089d00000, 0x0000000089d00000, 0x0000000089e00000|  0%| F|  |TAMS 0x0000000089d00000| PB 0x0000000089d00000| Untracked 
|  68|0x0000000089e00000, 0x0000000089e00000, 0x0000000089f00000|  0%| F|  |TAMS 0x0000000089e00000| PB 0x0000000089e00000| Untracked 
|  69|0x0000000089f00000, 0x0000000089f00000, 0x000000008a000000|  0%| F|  |TAMS 0x0000000089f00000| PB 0x0000000089f00000| Untracked 
|  70|0x000000008a000000, 0x000000008a000000, 0x000000008a100000|  0%| F|  |TAMS 0x000000008a000000| PB 0x000000008a000000| Untracked 
|  71|0x000000008a100000, 0x000000008a100000, 0x000000008a200000|  0%| F|  |TAMS 0x000000008a100000| PB 0x000000008a100000| Untracked 
|  72|0x000000008a200000, 0x000000008a200000, 0x000000008a300000|  0%| F|  |TAMS 0x000000008a200000| PB 0x000000008a200000| Untracked 
|  73|0x000000008a300000, 0x000000008a300000, 0x000000008a400000|  0%| F|  |TAMS 0x000000008a300000| PB 0x000000008a300000| Untracked 
|  74|0x000000008a400000, 0x000000008a400000, 0x000000008a500000|  0%| F|  |TAMS 0x000000008a400000| PB 0x000000008a400000| Untracked 
|  75|0x000000008a500000, 0x000000008a500000, 0x000000008a600000|  0%| F|  |TAMS 0x000000008a500000| PB 0x000000008a500000| Untracked 
|  76|0x000000008a600000, 0x000000008a600000, 0x000000008a700000|  0%| F|  |TAMS 0x000000008a600000| PB 0x000000008a600000| Untracked 
|  77|0x000000008a700000, 0x000000008a700000, 0x000000008a800000|  0%| F|  |TAMS 0x000000008a700000| PB 0x000000008a700000| Untracked 
|  78|0x000000008a800000, 0x000000008a800000, 0x000000008a900000|  0%| F|  |TAMS 0x000000008a800000| PB 0x000000008a800000| Untracked 
|  79|0x000000008a900000, 0x000000008a900000, 0x000000008aa00000|  0%| F|  |TAMS 0x000000008a900000| PB 0x000000008a900000| Untracked 
|  80|0x000000008aa00000, 0x000000008aa00000, 0x000000008ab00000|  0%| F|  |TAMS 0x000000008aa00000| PB 0x000000008aa00000| Untracked 
|  81|0x000000008ab00000, 0x000000008ab00000, 0x000000008ac00000|  0%| F|  |TAMS 0x000000008ab00000| PB 0x000000008ab00000| Untracked 
|  82|0x000000008ac00000, 0x000000008ac00000, 0x000000008ad00000|  0%| F|  |TAMS 0x000000008ac00000| PB 0x000000008ac00000| Untracked 
|  83|0x000000008ad00000, 0x000000008ad00000, 0x000000008ae00000|  0%| F|  |TAMS 0x000000008ad00000| PB 0x000000008ad00000| Untracked 
|  84|0x000000008ae00000, 0x000000008ae00000, 0x000000008af00000|  0%| F|  |TAMS 0x000000008ae00000| PB 0x000000008ae00000| Untracked 
|  85|0x000000008af00000, 0x000000008afb6be0, 0x000000008b000000| 71%| S|CS|TAMS 0x000000008af00000| PB 0x000000008af00000| Complete 
|  86|0x000000008b000000, 0x000000008b100000, 0x000000008b100000|100%| S|CS|TAMS 0x000000008b000000| PB 0x000000008b000000| Complete 
|  87|0x000000008b100000, 0x000000008b200000, 0x000000008b200000|100%| S|CS|TAMS 0x000000008b100000| PB 0x000000008b100000| Complete 
|  88|0x000000008b200000, 0x000000008b200000, 0x000000008b300000|  0%| F|  |TAMS 0x000000008b200000| PB 0x000000008b200000| Untracked 
|  89|0x000000008b300000, 0x000000008b300000, 0x000000008b400000|  0%| F|  |TAMS 0x000000008b300000| PB 0x000000008b300000| Untracked 
|  90|0x000000008b400000, 0x000000008b400000, 0x000000008b500000|  0%| F|  |TAMS 0x000000008b400000| PB 0x000000008b400000| Untracked 
|  91|0x000000008b500000, 0x000000008b500000, 0x000000008b600000|  0%| F|  |TAMS 0x000000008b500000| PB 0x000000008b500000| Untracked 
|  92|0x000000008b600000, 0x000000008b600000, 0x000000008b700000|  0%| F|  |TAMS 0x000000008b600000| PB 0x000000008b600000| Untracked 
|  93|0x000000008b700000, 0x000000008b700000, 0x000000008b800000|  0%| F|  |TAMS 0x000000008b700000| PB 0x000000008b700000| Untracked 
|  94|0x000000008b800000, 0x000000008b800000, 0x000000008b900000|  0%| F|  |TAMS 0x000000008b800000| PB 0x000000008b800000| Untracked 
|  95|0x000000008b900000, 0x000000008b900000, 0x000000008ba00000|  0%| F|  |TAMS 0x000000008b900000| PB 0x000000008b900000| Untracked 
|  96|0x000000008ba00000, 0x000000008ba00000, 0x000000008bb00000|  0%| F|  |TAMS 0x000000008ba00000| PB 0x000000008ba00000| Untracked 
|  97|0x000000008bb00000, 0x000000008bb00000, 0x000000008bc00000|  0%| F|  |TAMS 0x000000008bb00000| PB 0x000000008bb00000| Untracked 
|  98|0x000000008bc00000, 0x000000008bc00000, 0x000000008bd00000|  0%| F|  |TAMS 0x000000008bc00000| PB 0x000000008bc00000| Untracked 
|  99|0x000000008bd00000, 0x000000008bd00000, 0x000000008be00000|  0%| F|  |TAMS 0x000000008bd00000| PB 0x000000008bd00000| Untracked 
| 100|0x000000008be00000, 0x000000008be00000, 0x000000008bf00000|  0%| F|  |TAMS 0x000000008be00000| PB 0x000000008be00000| Untracked 
| 101|0x000000008bf00000, 0x000000008bf00000, 0x000000008c000000|  0%| F|  |TAMS 0x000000008bf00000| PB 0x000000008bf00000| Untracked 
| 102|0x000000008c000000, 0x000000008c000000, 0x000000008c100000|  0%| F|  |TAMS 0x000000008c000000| PB 0x000000008c000000| Untracked 
| 103|0x000000008c100000, 0x000000008c100000, 0x000000008c200000|  0%| F|  |TAMS 0x000000008c100000| PB 0x000000008c100000| Untracked 
| 104|0x000000008c200000, 0x000000008c200000, 0x000000008c300000|  0%| F|  |TAMS 0x000000008c200000| PB 0x000000008c200000| Untracked 
| 105|0x000000008c300000, 0x000000008c300000, 0x000000008c400000|  0%| F|  |TAMS 0x000000008c300000| PB 0x000000008c300000| Untracked 
| 106|0x000000008c400000, 0x000000008c400000, 0x000000008c500000|  0%| F|  |TAMS 0x000000008c400000| PB 0x000000008c400000| Untracked 
| 107|0x000000008c500000, 0x000000008c500000, 0x000000008c600000|  0%| F|  |TAMS 0x000000008c500000| PB 0x000000008c500000| Untracked 
| 108|0x000000008c600000, 0x000000008c600000, 0x000000008c700000|  0%| F|  |TAMS 0x000000008c600000| PB 0x000000008c600000| Untracked 
| 109|0x000000008c700000, 0x000000008c800000, 0x000000008c800000|100%| E|  |TAMS 0x000000008c700000| PB 0x000000008c700000| Complete 
| 110|0x000000008c800000, 0x000000008c900000, 0x000000008c900000|100%| E|CS|TAMS 0x000000008c800000| PB 0x000000008c800000| Complete 
| 111|0x000000008c900000, 0x000000008ca00000, 0x000000008ca00000|100%| E|CS|TAMS 0x000000008c900000| PB 0x000000008c900000| Complete 
| 112|0x000000008ca00000, 0x000000008cb00000, 0x000000008cb00000|100%| E|CS|TAMS 0x000000008ca00000| PB 0x000000008ca00000| Complete 
| 113|0x000000008cb00000, 0x000000008cc00000, 0x000000008cc00000|100%| E|CS|TAMS 0x000000008cb00000| PB 0x000000008cb00000| Complete 
| 114|0x000000008cc00000, 0x000000008cd00000, 0x000000008cd00000|100%| E|CS|TAMS 0x000000008cc00000| PB 0x000000008cc00000| Complete 
| 115|0x000000008cd00000, 0x000000008ce00000, 0x000000008ce00000|100%| E|CS|TAMS 0x000000008cd00000| PB 0x000000008cd00000| Complete 
| 116|0x000000008ce00000, 0x000000008cf00000, 0x000000008cf00000|100%| E|CS|TAMS 0x000000008ce00000| PB 0x000000008ce00000| Complete 
| 117|0x000000008cf00000, 0x000000008d000000, 0x000000008d000000|100%| E|CS|TAMS 0x000000008cf00000| PB 0x000000008cf00000| Complete 
| 118|0x000000008d000000, 0x000000008d100000, 0x000000008d100000|100%| E|CS|TAMS 0x000000008d000000| PB 0x000000008d000000| Complete 
| 119|0x000000008d100000, 0x000000008d200000, 0x000000008d200000|100%| E|CS|TAMS 0x000000008d100000| PB 0x000000008d100000| Complete 
| 120|0x000000008d200000, 0x000000008d300000, 0x000000008d300000|100%| E|CS|TAMS 0x000000008d200000| PB 0x000000008d200000| Complete 
| 121|0x000000008d300000, 0x000000008d400000, 0x000000008d400000|100%| E|CS|TAMS 0x000000008d300000| PB 0x000000008d300000| Complete 
| 122|0x000000008d400000, 0x000000008d500000, 0x000000008d500000|100%| E|CS|TAMS 0x000000008d400000| PB 0x000000008d400000| Complete 
| 123|0x000000008d500000, 0x000000008d600000, 0x000000008d600000|100%| E|  |TAMS 0x000000008d500000| PB 0x000000008d500000| Complete 

Card table byte_map: [0x00000113d3180000,0x00000113d3560000] _byte_map_base: 0x00000113d2d53000

Marking Bits: (CMBitMap*) 0x00000113b98a5d10
 Bits: [0x00000113d3940000, 0x00000113d57d8000)

Polling page: 0x00000113b9910000

Metaspace:

Usage:
  Non-class:     13.67 MB used.
      Class:      1.74 MB used.
       Both:     15.40 MB used.

Virtual space:
  Non-class space:       64.00 MB reserved,      13.75 MB ( 21%) committed,  1 nodes.
      Class space:        1.00 GB reserved,       1.81 MB ( <1%) committed,  1 nodes.
             Both:        1.06 GB reserved,      15.56 MB (  1%) committed. 

Chunk freelists:
   Non-Class:  2.08 MB
       Class:  2.20 MB
        Both:  4.28 MB

MaxMetaspaceSize: unlimited
CompressedClassSpaceSize: 1.00 GB
Initial GC threshold: 21.00 MB
Current GC threshold: 21.00 MB
CDS: on
MetaspaceReclaimPolicy: balanced
 - commit_granule_bytes: 65536.
 - commit_granule_words: 8192.
 - virtual_space_node_default_size: 8388608.
 - enlarge_chunks_in_place: 1.
 - new_chunks_are_fully_committed: 0.
 - uncommit_free_chunks: 1.
 - use_allocation_guard: 0.


Internal statistics:

num_allocs_failed_limit: 0.
num_arena_births: 164.
num_arena_deaths: 0.
num_vsnodes_births: 2.
num_vsnodes_deaths: 0.
num_space_committed: 249.
num_space_uncommitted: 0.
num_chunks_returned_to_freelist: 0.
num_chunks_taken_from_freelist: 320.
num_chunk_merges: 0.
num_chunk_splits: 197.
num_chunks_enlarged: 120.
num_inconsistent_stats: 0.

CodeHeap 'non-profiled nmethods': size=120000Kb used=541Kb max_used=541Kb free=119458Kb
 bounds [0x00000113cabf0000, 0x00000113cae60000, 0x00000113d2120000]
CodeHeap 'profiled nmethods': size=120000Kb used=2610Kb max_used=2610Kb free=117389Kb
 bounds [0x00000113c3120000, 0x00000113c33b0000, 0x00000113ca650000]
CodeHeap 'non-nmethods': size=5760Kb used=1846Kb max_used=1871Kb free=3913Kb
 bounds [0x00000113ca650000, 0x00000113ca8c0000, 0x00000113cabf0000]
 total_blobs=2250 nmethods=1573 adapters=588
 compilation: enabled
              stopped_count=0, restarted_count=0
 full_count=0

Compilation events (20 events):
Event: 1.692 Thread 0x00000113d84b96b0 nmethod 1562 0x00000113c33a9510 code [0x00000113c33a96c0, 0x00000113c33a9ab0]
Event: 1.692 Thread 0x00000113d84b96b0 1563       3       java.util.LinkedHashMap$Entry::<init> (10 bytes)
Event: 1.692 Thread 0x00000113d84b96b0 nmethod 1563 0x00000113c33a9c10 code [0x00000113c33a9da0, 0x00000113c33aa080]
Event: 1.692 Thread 0x00000113d84b96b0 1564       3       java.util.LinkedHashMap::linkNodeLast (33 bytes)
Event: 1.692 Thread 0x00000113d84b96b0 nmethod 1564 0x00000113c33aa190 code [0x00000113c33aa340, 0x00000113c33aa648]
Event: 1.692 Thread 0x00000113d84b96b0 1565       3       java.util.LinkedHashMap::afterNodeInsertion (40 bytes)
Event: 1.693 Thread 0x00000113d84b96b0 nmethod 1565 0x00000113c33aa790 code [0x00000113c33aa960, 0x00000113c33aadd8]
Event: 1.693 Thread 0x00000113d84b96b0 1567       1       java.nio.Buffer::capacity (5 bytes)
Event: 1.693 Thread 0x00000113d84b96b0 nmethod 1567 0x00000113cac76910 code [0x00000113cac76a80, 0x00000113cac76b48]
Event: 1.695 Thread 0x00000113d84b96b0 1568       3       java.util.Collections$UnmodifiableCollection::isEmpty (10 bytes)
Event: 1.695 Thread 0x00000113d84b96b0 nmethod 1568 0x00000113c33aaf90 code [0x00000113c33ab120, 0x00000113c33ab2f0]
Event: 1.696 Thread 0x00000113d84b96b0 1569       3       com.sun.crypto.provider.GHASH::blockMult (245 bytes)
Event: 1.696 Thread 0x00000113d84b96b0 nmethod 1569 0x00000113c33ab390 code [0x00000113c33ab540, 0x00000113c33ab988]
Event: 1.696 Thread 0x00000113d84b96b0 1570       3       java.nio.HeapByteBuffer::get (14 bytes)
Event: 1.697 Thread 0x00000113d84b96b0 nmethod 1570 0x00000113c33abb90 code [0x00000113c33abd40, 0x00000113c33ac018]
Event: 1.707 Thread 0x00000113d84b96b0 1571       3       java.lang.Math::ceil (5 bytes)
Event: 1.707 Thread 0x00000113d84b96b0 nmethod 1571 0x00000113c33ac190 code [0x00000113c33ac320, 0x00000113c33ac430]
Event: 1.707 Thread 0x00000113d84b96b0 1572       3       java.lang.StrictMath::ceil (10 bytes)
Event: 1.708 Thread 0x00000113d84b96b0 nmethod 1572 0x00000113c33ac510 code [0x00000113c33ac6c0, 0x00000113c33ac7e8]
Event: 1.709 Thread 0x000001141eb59360 1573       4       java.lang.invoke.VarHandle::checkAccessModeThenIsDirect (29 bytes)

GC Heap History (4 events):
Event: 0.460 GC heap before
{Heap before GC invocations=0 (full 0):
 garbage-first heap   total 126976K, used 73728K [0x0000000085a00000, 0x0000000100000000)
  region size 1024K, 23 young (23552K), 0 survivors (0K)
 Metaspace       used 4874K, committed 5120K, reserved 1114112K
  class space    used 508K, committed 640K, reserved 1048576K
}
Event: 0.464 GC heap after
{Heap after GC invocations=1 (full 0):
 garbage-first heap   total 126976K, used 53968K [0x0000000085a00000, 0x0000000100000000)
  region size 1024K, 3 young (3072K), 3 survivors (3072K)
 Metaspace       used 4874K, committed 5120K, reserved 1114112K
  class space    used 508K, committed 640K, reserved 1048576K
}
Event: 0.600 GC heap before
{Heap before GC invocations=1 (full 0):
 garbage-first heap   total 126976K, used 86736K [0x0000000085a00000, 0x0000000100000000)
  region size 1024K, 36 young (36864K), 3 survivors (3072K)
 Metaspace       used 4877K, committed 5120K, reserved 1114112K
  class space    used 508K, committed 640K, reserved 1048576K
}
Event: 0.606 GC heap after
{Heap after GC invocations=2 (full 0):
 garbage-first heap   total 126976K, used 53978K [0x0000000085a00000, 0x0000000100000000)
  region size 1024K, 3 young (3072K), 3 survivors (3072K)
 Metaspace       used 4877K, committed 5120K, reserved 1114112K
  class space    used 508K, committed 640K, reserved 1048576K
}

Dll operation events (12 events):
Event: 0.013 Loaded shared library C:\Program Files\Java\jdk-20\bin\java.dll
Event: 0.037 Loaded shared library C:\Program Files\Java\jdk-20\bin\jsvml.dll
Event: 0.092 Loaded shared library C:\Program Files\Java\jdk-20\bin\net.dll
Event: 0.096 Loaded shared library C:\Program Files\Java\jdk-20\bin\nio.dll
Event: 0.117 Loaded shared library C:\Program Files\Java\jdk-20\bin\zip.dll
Event: 0.133 Loaded shared library C:\Program Files\Java\jdk-20\bin\jimage.dll
Event: 0.148 Loaded shared library C:\Program Files\Java\jdk-20\bin\awt.dll
Event: 0.382 Loaded shared library C:\Program Files\Java\jdk-20\bin\javajpeg.dll
Event: 0.870 Loaded shared library C:\Program Files\Java\jdk-20\bin\freetype.dll
Event: 0.872 Loaded shared library C:\Program Files\Java\jdk-20\bin\fontmanager.dll
Event: 1.140 Loaded shared library C:\Program Files\Java\jdk-20\bin\extnet.dll
Event: 1.445 Loaded shared library C:\Program Files\Java\jdk-20\bin\sunmscapi.dll

Deoptimization events (20 events):
Event: 1.239 Thread 0x00000113b98468f0 Uncommon trap: trap_request=0xffffffc6 fr.pc=0x00000113cac2d320 relative=0x00000000000002e0
Event: 1.239 Thread 0x00000113b98468f0 Uncommon trap: reason=bimorphic_or_optimized_type_check action=maybe_recompile pc=0x00000113cac2d320 method=java.util.HashMap.getNode(Ljava/lang/Object;)Ljava/util/HashMap$Node; @ 128 c2
Event: 1.239 Thread 0x00000113b98468f0 DEOPT PACKING pc=0x00000113cac2d320 sp=0x00000003838fd4c0
Event: 1.239 Thread 0x00000113b98468f0 DEOPT UNPACKING pc=0x00000113ca66d2a2 sp=0x00000003838fd3d8 mode 2
Event: 1.239 Thread 0x00000113b98468f0 Uncommon trap: trap_request=0xffffffc6 fr.pc=0x00000113cac2d320 relative=0x00000000000002e0
Event: 1.239 Thread 0x00000113b98468f0 Uncommon trap: reason=bimorphic_or_optimized_type_check action=maybe_recompile pc=0x00000113cac2d320 method=java.util.HashMap.getNode(Ljava/lang/Object;)Ljava/util/HashMap$Node; @ 128 c2
Event: 1.239 Thread 0x00000113b98468f0 DEOPT PACKING pc=0x00000113cac2d320 sp=0x00000003838fd4c0
Event: 1.239 Thread 0x00000113b98468f0 DEOPT UNPACKING pc=0x00000113ca66d2a2 sp=0x00000003838fd3d8 mode 2
Event: 1.239 Thread 0x00000113b98468f0 Uncommon trap: trap_request=0xffffffc6 fr.pc=0x00000113cac2d320 relative=0x00000000000002e0
Event: 1.239 Thread 0x00000113b98468f0 Uncommon trap: reason=bimorphic_or_optimized_type_check action=maybe_recompile pc=0x00000113cac2d320 method=java.util.HashMap.getNode(Ljava/lang/Object;)Ljava/util/HashMap$Node; @ 128 c2
Event: 1.239 Thread 0x00000113b98468f0 DEOPT PACKING pc=0x00000113cac2d320 sp=0x00000003838fd4c0
Event: 1.239 Thread 0x00000113b98468f0 DEOPT UNPACKING pc=0x00000113ca66d2a2 sp=0x00000003838fd3d8 mode 2
Event: 1.241 Thread 0x00000113b98468f0 Uncommon trap: trap_request=0xffffffc6 fr.pc=0x00000113cac2cac4 relative=0x0000000000000304
Event: 1.241 Thread 0x00000113b98468f0 Uncommon trap: reason=bimorphic_or_optimized_type_check action=maybe_recompile pc=0x00000113cac2cac4 method=java.util.HashMap.getNode(Ljava/lang/Object;)Ljava/util/HashMap$Node; @ 128 c2
Event: 1.241 Thread 0x00000113b98468f0 DEOPT PACKING pc=0x00000113cac2cac4 sp=0x00000003838fd450
Event: 1.241 Thread 0x00000113b98468f0 DEOPT UNPACKING pc=0x00000113ca66d2a2 sp=0x00000003838fd3d8 mode 2
Event: 1.461 Thread 0x00000113b98468f0 Uncommon trap: trap_request=0xffffff45 fr.pc=0x00000113cac303f8 relative=0x0000000000000278
Event: 1.461 Thread 0x00000113b98468f0 Uncommon trap: reason=unstable_if action=reinterpret pc=0x00000113cac303f8 method=java.util.HashMap.putVal(ILjava/lang/Object;Ljava/lang/Object;ZZ)Ljava/lang/Object; @ 162 c2
Event: 1.461 Thread 0x00000113b98468f0 DEOPT PACKING pc=0x00000113cac303f8 sp=0x00000003838fc680
Event: 1.461 Thread 0x00000113b98468f0 DEOPT UNPACKING pc=0x00000113ca66d2a2 sp=0x00000003838fc5b8 mode 2

Classes loaded (20 events):
Event: 1.706 Loading class sun/security/x509/Extension done
Event: 1.706 Loading class sun/security/x509/OIDMap
Event: 1.706 Loading class sun/security/x509/OIDMap done
Event: 1.706 Loading class sun/security/x509/PKIXExtensions
Event: 1.707 Loading class sun/security/x509/PKIXExtensions done
Event: 1.707 Loading class sun/security/x509/OIDMap$OIDInfo
Event: 1.707 Loading class sun/security/x509/OIDMap$OIDInfo done
Event: 1.707 Loading class sun/security/x509/BasicConstraintsExtension
Event: 1.707 Loading class sun/security/x509/BasicConstraintsExtension done
Event: 1.707 Loading class sun/security/util/MemoryCache$SoftCacheEntry
Event: 1.707 Loading class sun/security/util/MemoryCache$CacheEntry
Event: 1.708 Loading class sun/security/util/MemoryCache$CacheEntry done
Event: 1.708 Loading class sun/security/util/MemoryCache$SoftCacheEntry done
Event: 1.708 Loading class jdk/internal/event/X509CertificateEvent
Event: 1.708 Loading class jdk/internal/event/X509CertificateEvent done
Event: 1.708 Loading class jdk/internal/event/EventHelper
Event: 1.708 Loading class jdk/internal/event/EventHelper done
Event: 1.708 Loading class java/util/jar/JarFile$ThreadTrackHolder
Event: 1.709 Loading class java/util/jar/JarFile$ThreadTrackHolder done
Event: 1.710 Loading class javax/net/ssl/SSLEngine

Classes unloaded (0 events):
No events

Classes redefined (0 events):
No events

Internal exceptions (20 events):
Event: 0.099 Thread 0x00000113b98468f0 Exception <a 'sun/nio/fs/WindowsException'{0x000000008d448770}> (0x000000008d448770) 
thrown [s\open\src\hotspot\share\prims\jni.cpp, line 519]
Event: 0.137 Thread 0x00000113b98468f0 Exception <a 'java/lang/ClassNotFoundException'{0x000000008d3aca30}: sun/awt/resources/spi/awtProvider> (0x000000008d3aca30) 
thrown [s\open\src\hotspot\share\classfile\systemDictionary.cpp, line 305]
Event: 0.159 Thread 0x00000113b98468f0 Exception <a 'java/io/FileNotFoundException'{0x000000008d203a78}> (0x000000008d203a78) 
thrown [s\open\src\hotspot\share\prims\jni.cpp, line 519]
Event: 0.164 Thread 0x00000113b98468f0 Exception <a 'java/io/FileNotFoundException'{0x000000008d22da08}> (0x000000008d22da08) 
thrown [s\open\src\hotspot\share\prims\jni.cpp, line 519]
Event: 0.251 Thread 0x00000113b98468f0 Exception <a 'java/lang/NoSuchMethodError'{0x000000008d1aebd0}: 'void java.lang.invoke.DirectMethodHandle$Holder.invokeSpecial(java.lang.Object, java.lang.Object, java.lang.Object)'> (0x000000008d1aebd0) 
thrown [s\open\src\hotspot\share\interpreter\linkResolver.cpp, line 773]
Event: 0.260 Thread 0x00000113b98468f0 Exception <a 'java/lang/NoSuchMethodError'{0x000000008d1d92e0}: 'java.lang.Object java.lang.invoke.DirectMethodHandle$Holder.newInvokeSpecial(java.lang.Object, java.lang.Object, java.lang.Object, java.lang.Object, java.lang.Object)'> (0x000000008d1d92e0) 
thrown [s\open\src\hotspot\share\interpreter\linkResolver.cpp, line 773]
Event: 0.267 Thread 0x00000113b98468f0 Exception <a 'java/lang/NoSuchMethodError'{0x000000008d00a4a0}: 'java.lang.Object java.lang.invoke.DirectMethodHandle$Holder.invokeStatic(java.lang.Object, int, java.lang.Object)'> (0x000000008d00a4a0) 
thrown [s\open\src\hotspot\share\interpreter\linkResolver.cpp, line 773]
Event: 0.304 Thread 0x00000113b98468f0 Exception <a 'java/lang/ClassNotFoundException'{0x000000008d0c5578}: com/sun/swing/internal/plaf/metal/resources/spi/metalProvider> (0x000000008d0c5578) 
thrown [s\open\src\hotspot\share\classfile\systemDictionary.cpp, line 305]
Event: 0.305 Thread 0x00000113b98468f0 Exception <a 'java/lang/ClassNotFoundException'{0x000000008d0c9488}: com/sun/swing/internal/plaf/basic/resources/spi/basicProvider> (0x000000008d0c9488) 
thrown [s\open\src\hotspot\share\classfile\systemDictionary.cpp, line 305]
Event: 0.317 Thread 0x00000113b98468f0 Exception <a 'java/lang/NoSuchMethodError'{0x000000008d0e8658}: 'int java.lang.invoke.Invokers$Holder.invokeExact_MT(java.lang.Object, java.lang.Object)'> (0x000000008d0e8658) 
thrown [s\open\src\hotspot\share\interpreter\linkResolver.cpp, line 773]
Event: 0.383 Thread 0x000001141dba7e30 Exception <a 'java/lang/NoSuchMethodError'{0x000000008ce9d698}: 'java.lang.Object java.lang.invoke.DirectMethodHandle$Holder.newInvokeSpecial(java.lang.Object, java.lang.Object, java.lang.Object, int, int, int, int, int)'> (0x000000008ce9d698) 
thrown [s\open\src\hotspot\share\interpreter\linkResolver.cpp, line 773]
Event: 0.957 Thread 0x00000113b98468f0 Exception <a 'java/lang/NoSuchMethodError'{0x000000008d0353a8}: 'java.lang.Object java.lang.invoke.DirectMethodHandle$Holder.invokeInterface(java.lang.Object, java.lang.Object)'> (0x000000008d0353a8) 
thrown [s\open\src\hotspot\share\interpreter\linkResolver.cpp, line 773]
Event: 0.996 Thread 0x00000113b98468f0 Exception <a 'java/lang/NoSuchMethodError'{0x000000008d0ac670}: 'void java.lang.invoke.DirectMethodHandle$Holder.invokeStatic(java.lang.Object, java.lang.Object, java.lang.Object)'> (0x000000008d0ac670) 
thrown [s\open\src\hotspot\share\interpreter\linkResolver.cpp, line 773]
Event: 0.998 Thread 0x00000113b98468f0 Exception <a 'java/lang/NoSuchMethodError'{0x000000008d0b6180}: 'java.lang.Object java.lang.invoke.DirectMethodHandle$Holder.invokeVirtual(java.lang.Object, java.lang.Object, java.lang.Object)'> (0x000000008d0b6180) 
thrown [s\open\src\hotspot\share\interpreter\linkResolver.cpp, line 773]
Event: 1.142 Thread 0x00000113b98468f0 Exception <a 'java/lang/NoSuchMethodError'{0x000000008cda9b48}: 'void java.lang.invoke.DirectMethodHandle$Holder.invokeStatic(java.lang.Object, java.lang.Object)'> (0x000000008cda9b48) 
thrown [s\open\src\hotspot\share\interpreter\linkResolver.cpp, line 773]
Event: 1.216 Thread 0x00000113b98468f0 Exception <a 'java/lang/NoSuchMethodError'{0x000000008cb713e8}: 'void java.lang.invoke.DirectMethodHandle$Holder.invokeStaticInit(java.lang.Object, java.lang.Object)'> (0x000000008cb713e8) 
thrown [s\open\src\hotspot\share\interpreter\linkResolver.cpp, line 773]
Event: 1.281 Thread 0x00000113b98468f0 Exception <a 'sun/nio/fs/WindowsException'{0x000000008caa1b68}> (0x000000008caa1b68) 
thrown [s\open\src\hotspot\share\prims\jni.cpp, line 519]
Event: 1.338 Thread 0x00000113b98468f0 Exception <a 'java/lang/NoSuchMethodError'{0x000000008c954cf8}: 'java.lang.Object java.lang.invoke.DirectMethodHandle$Holder.invokeStaticInit(java.lang.Object, int, int, int, int)'> (0x000000008c954cf8) 
thrown [s\open\src\hotspot\share\interpreter\linkResolver.cpp, line 773]
Event: 1.394 Thread 0x00000113b98468f0 Exception <a 'java/lang/NoSuchMethodError'{0x000000008c817350}: 'java.lang.Object java.lang.invoke.DirectMethodHandle$Holder.invokeStaticInit(java.lang.Object, java.lang.Object, int, int, int, int)'> (0x000000008c817350) 
thrown [s\open\src\hotspot\share\interpreter\linkResolver.cpp, line 773]
Event: 1.682 Thread 0x00000113b98468f0 Exception <a 'java/lang/NoSuchMethodError'{0x000000008c796cb8}: 'void java.lang.invoke.DirectMethodHandle$Holder.invokeVirtual(java.lang.Object, java.lang.Object)'> (0x000000008c796cb8) 
thrown [s\open\src\hotspot\share\interpreter\linkResolver.cpp, line 773]

VM Operations (20 events):
Event: 0.171 Executing VM operation: HandshakeAllThreads
Event: 0.171 Executing VM operation: HandshakeAllThreads done
Event: 0.370 Executing VM operation: HandshakeAllThreads
Event: 0.370 Executing VM operation: HandshakeAllThreads done
Event: 0.460 Executing VM operation: G1CollectForAllocation
Event: 0.464 Executing VM operation: G1CollectForAllocation done
Event: 0.600 Executing VM operation: G1CollectForAllocation
Event: 0.606 Executing VM operation: G1CollectForAllocation done
Event: 0.614 Executing VM operation: HandshakeAllThreads
Event: 0.614 Executing VM operation: HandshakeAllThreads done
Event: 0.812 Executing VM operation: HandshakeAllThreads
Event: 0.812 Executing VM operation: HandshakeAllThreads done
Event: 0.933 Executing VM operation: HandshakeAllThreads
Event: 0.933 Executing VM operation: HandshakeAllThreads done
Event: 1.095 Executing VM operation: HandshakeAllThreads
Event: 1.095 Executing VM operation: HandshakeAllThreads done
Event: 1.503 Executing VM operation: ICBufferFull
Event: 1.503 Executing VM operation: ICBufferFull done
Event: 1.697 Executing VM operation: HandshakeAllThreads
Event: 1.697 Executing VM operation: HandshakeAllThreads done

Events (20 events):
Event: 0.053 Thread 0x00000113d84a8250 Thread added: 0x00000113d84a8250
Event: 0.053 Thread 0x00000113d84aa3e0 Thread added: 0x00000113d84aa3e0
Event: 0.053 Thread 0x00000113d84ad3f0 Thread added: 0x00000113d84ad3f0
Event: 0.053 Thread 0x00000113d84b0700 Thread added: 0x00000113d84b0700
Event: 0.054 Thread 0x00000113d84b5f10 Thread added: 0x00000113d84b5f10
Event: 0.054 Thread 0x00000113d84b8460 Thread added: 0x00000113d84b8460
Event: 0.054 Thread 0x00000113d84b96b0 Thread added: 0x00000113d84b96b0
Event: 0.080 Thread 0x00000113d846ff80 Thread added: 0x00000113d846ff80
Event: 0.111 Thread 0x000001141d996100 Thread added: 0x000001141d996100
Event: 0.113 Thread 0x000001141d9b9330 Thread added: 0x000001141d9b9330
Event: 0.202 Thread 0x000001141db5cae0 Thread added: 0x000001141db5cae0
Event: 0.203 Thread 0x000001141db732f0 Thread added: 0x000001141db732f0
Event: 0.204 Thread 0x000001141db76710 Thread added: 0x000001141db76710
Event: 0.236 Thread 0x000001141d9b9330 Thread exited: 0x000001141d9b9330
Event: 0.329 Thread 0x000001141dba7e30 Thread added: 0x000001141dba7e30
Event: 0.838 Thread 0x000001141e6c3b30 Thread added: 0x000001141e6c3b30
Event: 0.890 Thread 0x000001141e6a82b0 Thread added: 0x000001141e6a82b0
Event: 0.922 Thread 0x000001141e76dfa0 Thread added: 0x000001141e76dfa0
Event: 1.497 Thread 0x000001141e6a82b0 Thread exited: 0x000001141e6a82b0
Event: 1.599 Thread 0x000001141eb59360 Thread added: 0x000001141eb59360


Dynamic libraries:
0x00007ff6afc80000 - 0x00007ff6afc90000 	C:\Program Files\Java\jdk-20\bin\java.exe
0x00007ffccd710000 - 0x00007ffccd927000 	C:\windows\SYSTEM32\ntdll.dll
0x00007ffccbee0000 - 0x00007ffccbfa4000 	C:\windows\System32\KERNEL32.DLL
0x00007ffccabb0000 - 0x00007ffccaf56000 	C:\windows\System32\KERNELBASE.dll
0x00007ffccaf60000 - 0x00007ffccb071000 	C:\windows\System32\ucrtbase.dll
0x00007ffcb1aa0000 - 0x00007ffcb1abb000 	C:\Program Files\Java\jdk-20\bin\VCRUNTIME140.dll
0x00007ffcb1ac0000 - 0x00007ffcb1ad9000 	C:\Program Files\Java\jdk-20\bin\jli.dll
0x00007ffccd560000 - 0x00007ffccd610000 	C:\windows\System32\ADVAPI32.dll
0x00007ffccbaa0000 - 0x00007ffccbb47000 	C:\windows\System32\msvcrt.dll
0x00007ffccbb50000 - 0x00007ffccbbf6000 	C:\windows\System32\sechost.dll
0x00007ffccbc80000 - 0x00007ffccbd97000 	C:\windows\System32\RPCRT4.dll
0x00007ffccc230000 - 0x00007ffccc3dd000 	C:\windows\System32\USER32.dll
0x00007ffccab00000 - 0x00007ffccab26000 	C:\windows\System32\win32u.dll
0x00007ffccbe80000 - 0x00007ffccbea9000 	C:\windows\System32\GDI32.dll
0x00007ffccb1e0000 - 0x00007ffccb2f8000 	C:\windows\System32\gdi32full.dll
0x00007ffca8040000 - 0x00007ffca82d3000 	C:\windows\WinSxS\amd64_microsoft.windows.common-controls_6595b64144ccf1df_6.0.22621.2361_none_2712ced57382f843\COMCTL32.dll
0x00007ffccb140000 - 0x00007ffccb1da000 	C:\windows\System32\msvcp_win.dll
0x00007ffcc4300000 - 0x00007ffcc430a000 	C:\windows\SYSTEM32\VERSION.dll
0x00007ffccc1f0000 - 0x00007ffccc221000 	C:\windows\System32\IMM32.DLL
0x00007ffcb1a90000 - 0x00007ffcb1a9c000 	C:\Program Files\Java\jdk-20\bin\vcruntime140_1.dll
0x00007ffc9a220000 - 0x00007ffc9a2ae000 	C:\Program Files\Java\jdk-20\bin\msvcp140.dll
0x00007ffc0dd50000 - 0x00007ffc0e9e8000 	C:\Program Files\Java\jdk-20\bin\server\jvm.dll
0x00007ffcc0da0000 - 0x00007ffcc0dd4000 	C:\windows\SYSTEM32\WINMM.dll
0x00007ffca1c00000 - 0x00007ffca1c09000 	C:\windows\SYSTEM32\WSOCK32.dll
0x00007ffccc170000 - 0x00007ffccc1e1000 	C:\windows\System32\WS2_32.dll
0x00007ffcc9b60000 - 0x00007ffcc9b78000 	C:\windows\SYSTEM32\kernel.appcore.dll
0x00007ffcac940000 - 0x00007ffcac94a000 	C:\Program Files\Java\jdk-20\bin\jimage.dll
0x00007ffcc7cb0000 - 0x00007ffcc7ede000 	C:\windows\SYSTEM32\DBGHELP.DLL
0x00007ffccb710000 - 0x00007ffccba9a000 	C:\windows\System32\combase.dll
0x00007ffccbda0000 - 0x00007ffccbe77000 	C:\windows\System32\OLEAUT32.dll
0x00007ffcb1930000 - 0x00007ffcb1962000 	C:\windows\SYSTEM32\dbgcore.DLL
0x00007ffccab30000 - 0x00007ffccabaa000 	C:\windows\System32\bcryptPrimitives.dll
0x00007ffca88f0000 - 0x00007ffca8916000 	C:\Program Files\Java\jdk-20\bin\java.dll
0x00007ffca8810000 - 0x00007ffca88e7000 	C:\Program Files\Java\jdk-20\bin\jsvml.dll
0x00007ffccc6b0000 - 0x00007ffcccf08000 	C:\windows\System32\SHELL32.dll
0x00007ffcc89b0000 - 0x00007ffcc92a2000 	C:\windows\SYSTEM32\windows.storage.dll
0x00007ffcc8870000 - 0x00007ffcc89ae000 	C:\windows\SYSTEM32\wintypes.dll
0x00007ffccc5b0000 - 0x00007ffccc6a3000 	C:\windows\System32\SHCORE.dll
0x00007ffcccf10000 - 0x00007ffcccf6e000 	C:\windows\System32\shlwapi.dll
0x00007ffcca9c0000 - 0x00007ffcca9e6000 	C:\windows\SYSTEM32\profapi.dll
0x00007ffca87f0000 - 0x00007ffca8803000 	C:\Program Files\Java\jdk-20\bin\net.dll
0x00007ffcc3540000 - 0x00007ffcc3677000 	C:\windows\SYSTEM32\WINHTTP.dll
0x00007ffcca040000 - 0x00007ffcca0a9000 	C:\windows\system32\mswsock.dll
0x00007ffca8420000 - 0x00007ffca8436000 	C:\Program Files\Java\jdk-20\bin\nio.dll
0x00007ffca8400000 - 0x00007ffca8418000 	C:\Program Files\Java\jdk-20\bin\zip.dll
0x00007ffc3c740000 - 0x00007ffc3c8d1000 	C:\Program Files\Java\jdk-20\bin\awt.dll
0x00007ffcc7a10000 - 0x00007ffcc7aa7000 	C:\windows\SYSTEM32\apphelp.dll
0x00007ffcc8210000 - 0x00007ffcc823b000 	C:\windows\system32\DWMAPI.DLL
0x00007ffcc7fc0000 - 0x00007ffcc806b000 	C:\windows\system32\uxtheme.dll
0x00007ffca7c20000 - 0x00007ffca7d20000 	C:\windows\system32\opengl32.dll
0x00007ffca7b70000 - 0x00007ffca7b9d000 	C:\windows\SYSTEM32\GLU32.dll
0x00007ffcc80c0000 - 0x00007ffcc80f6000 	C:\windows\SYSTEM32\dxcore.dll
0x00007ffccc3e0000 - 0x00007ffccc52c000 	C:\windows\System32\MSCTF.dll
0x00007ffccb570000 - 0x00007ffccb70f000 	C:\windows\System32\ole32.dll
0x00007ffc896d0000 - 0x00007ffc896fe000 	C:\Program Files\Java\jdk-20\bin\javajpeg.dll
0x00007ffc8d270000 - 0x00007ffc8d2f6000 	C:\Program Files\Java\jdk-20\bin\freetype.dll
0x00007ffc78250000 - 0x00007ffc78323000 	C:\Program Files\Java\jdk-20\bin\fontmanager.dll
0x00007ffcc9600000 - 0x00007ffcc96f9000 	C:\windows\SYSTEM32\DNSAPI.dll
0x00007ffcc9590000 - 0x00007ffcc95bd000 	C:\windows\SYSTEM32\IPHLPAPI.DLL
0x00007ffccd460000 - 0x00007ffccd469000 	C:\windows\System32\NSI.dll
0x00007ffca92e0000 - 0x00007ffca92ea000 	C:\Windows\System32\rasadhlp.dll
0x00007ffcc07b0000 - 0x00007ffcc0834000 	C:\windows\System32\fwpuclnt.dll
0x00007ffca87e0000 - 0x00007ffca87e7000 	C:\Program Files\Java\jdk-20\bin\extnet.dll
0x00007ffcca290000 - 0x00007ffcca2ab000 	C:\windows\SYSTEM32\CRYPTSP.dll
0x00007ffcc9b20000 - 0x00007ffcc9b55000 	C:\windows\system32\rsaenh.dll
0x00007ffcca130000 - 0x00007ffcca15c000 	C:\windows\SYSTEM32\USERENV.dll
0x00007ffcca450000 - 0x00007ffcca478000 	C:\windows\SYSTEM32\bcrypt.dll
0x00007ffcca2b0000 - 0x00007ffcca2bc000 	C:\windows\SYSTEM32\CRYPTBASE.dll
0x00007ffcc4260000 - 0x00007ffcc4279000 	C:\windows\SYSTEM32\dhcpcsvc6.DLL
0x00007ffcc3290000 - 0x00007ffcc32af000 	C:\windows\SYSTEM32\dhcpcsvc.DLL
0x00007ffcb95f0000 - 0x00007ffcb95fe000 	C:\Program Files\Java\jdk-20\bin\sunmscapi.dll
0x00007ffccb300000 - 0x00007ffccb466000 	C:\windows\System32\CRYPT32.dll
0x00007ffcca420000 - 0x00007ffcca44d000 	C:\windows\SYSTEM32\ncrypt.dll
0x00007ffcca3e0000 - 0x00007ffcca417000 	C:\windows\SYSTEM32\NTASN1.dll

dbghelp: loaded successfully - version: 4.0.5 - missing functions: none
symbol engine: initialized successfully - sym options: 0x614 - pdb path: .;C:\Program Files\Java\jdk-20\bin;C:\windows\SYSTEM32;C:\windows\WinSxS\amd64_microsoft.windows.common-controls_6595b64144ccf1df_6.0.22621.2361_none_2712ced57382f843;C:\Program Files\Java\jdk-20\bin\server

VM Arguments:
jvm_args: -Dfile.encoding=UTF-8 --module-path=C:\Users\yashj\OneDrive\Documents\NetBeansProjects\farmerbuddy\build\classes 
java_command: farmerbuddy.Booking
java_class_path (initial): C:\Users\yashj\Downloads\mysql-connector-java-8.0.28.jar;C:\Users\yashj\Downloads\rs2xml.jar;C:\Users\yashj\OneDrive\Desktop\jsp-api-2.0.jar;C:\Users\yashj\OneDrive\Desktop\servlet-api.jar;C:\Users\yashj\OneDrive\Desktop\commons-logging-1.2.jar;C:\Users\yashj\OneDrive\Desktop\jstl-1.2.jar;C:\Users\yashj\OneDrive\Documents\NetBeansProjects\farmerbuddy\build\classes
Launcher Type: SUN_STANDARD

[Global flags]
     intx CICompilerCount                          = 4                                         {product} {ergonomic}
     uint ConcGCThreads                            = 3                                         {product} {ergonomic}
     uint G1ConcRefinementThreads                  = 10                                        {product} {ergonomic}
   size_t G1HeapRegionSize                         = 1048576                                   {product} {ergonomic}
    uintx GCDrainStackTargetSize                   = 64                                        {product} {ergonomic}
   size_t InitialHeapSize                          = 130023424                                 {product} {ergonomic}
   size_t MarkStackSize                            = 4194304                                   {product} {ergonomic}
   size_t MaxHeapSize                              = 2053111808                                {product} {ergonomic}
   size_t MaxNewSize                               = 1231028224                                {product} {ergonomic}
   size_t MinHeapDeltaBytes                        = 1048576                                   {product} {ergonomic}
   size_t MinHeapSize                              = 8388608                                   {product} {ergonomic}
    uintx NonNMethodCodeHeapSize                   = 5839372                                {pd product} {ergonomic}
    uintx NonProfiledCodeHeapSize                  = 122909434                              {pd product} {ergonomic}
    uintx ProfiledCodeHeapSize                     = 122909434                              {pd product} {ergonomic}
    uintx ReservedCodeCacheSize                    = 251658240                              {pd product} {ergonomic}
     bool SegmentedCodeCache                       = true                                      {product} {ergonomic}
   size_t SoftMaxHeapSize                          = 2053111808                             {manageable} {ergonomic}
     bool UseCompressedClassPointers               = true                           {product lp64_product} {ergonomic}
     bool UseCompressedOops                        = true                           {product lp64_product} {ergonomic}
     bool UseG1GC                                  = true                                      {product} {ergonomic}
     bool UseLargePagesIndividualAllocation        = false                                  {pd product} {ergonomic}

Logging:
Log output configuration:
 #0: stdout all=warning uptime,level,tags foldmultilines=false
 #1: stderr all=off uptime,level,tags foldmultilines=false

Environment Variables:
PATH=C:\Program Files\Common Files\Oracle\Java\javapath;C:\windows\system32;C:\windows;C:\windows\System32\Wbem;C:\windows\System32\WindowsPowerShell\v1.0\;C:\windows\System32\OpenSSH\;C:\Program Files (x86)\NVIDIA Corporation\PhysX\Common;C:\Program Files\NVIDIA Corporation\NVIDIA NvDLISR;C:\Program Files\MySQL\MySQL Shell 8.0\bin\;C:\Users\yashj\AppData\Local\Microsoft\WindowsApps;;C:\Program Files\JetBrains\IntelliJ IDEA Community Edition 2023.1.4\bin;;C:\Users\yashj\AppData\Local\Programs\Microsoft VS Code\bin
USERNAME=yashj
OS=Windows_NT
PROCESSOR_IDENTIFIER=Intel64 Family 6 Model 141 Stepping 1, GenuineIntel
TMP=C:\Users\yashj\AppData\Local\Temp
TEMP=C:\Users\yashj\AppData\Local\Temp




---------------  S Y S T E M  ---------------

OS:
 Windows 11 , 64 bit Build 22621 (10.0.22621.2428)
OS uptime: 0 days 4:23 hours
Hyper-V role detected

CPU: total 12 (initial active 12) (6 cores per cpu, 2 threads per core) family 6 model 141 stepping 1 microcode 0x46, cx8, cmov, fxsr, ht, mmx, 3dnowpref, sse, sse2, sse3, ssse3, sse4.1, sse4.2, popcnt, lzcnt, tsc, tscinvbit, avx, avx2, aes, erms, clmul, bmi1, bmi2, adx, avx512f, avx512dq, avx512cd, avx512bw, avx512vl, sha, fma, vzeroupper, avx512_vpopcntdq, avx512_vpclmulqdq, avx512_vaes, avx512_vnni, clflush, clflushopt, clwb, avx512_vbmi2, avx512_vbmi, hv, rdtscp, rdpid, fsrm, gfni, avx512_bitalg, f16c, cet_ibt, cet_ss, avx512_ifma

Memory: 4k page, system-wide physical 7830M (458M free)
TotalPageFile size 31382M (AvailPageFile size 2M)
current process WorkingSet (physical memory assigned to process): 167M, peak: 167M
current process commit charge ("private bytes"): 244M, peak: 244M

vm_info: Java HotSpot(TM) 64-Bit Server VM (20.0.2+9-78) for windows-amd64 JRE (20.0.2+9-78), built on 2023-06-14T10:08:48Z by "mach5one" with MS VC++ 17.1 (VS2022)

END.
