#
# There is insufficient memory for the Java Runtime Environment to continue.
# Native memory allocation (mmap) failed to map 130023424 bytes for G1 virtual space
# Possible reasons:
#   The system is out of physical RAM or swap space
#   The process is running with CompressedOops enabled, and the Java Heap may be blocking the growth of the native heap
# Possible solutions:
#   Reduce memory load on the system
#   Increase physical memory or swap space
#   Check if swap backing store is full
#   Decrease Java heap size (-Xmx/-Xms)
#   Decrease number of Java threads
#   Decrease Java thread stack sizes (-Xss)
#   Set larger code cache with -XX:ReservedCodeCacheSize=
#   JVM is running with Unscaled Compressed Oops mode in which the Java heap is
#     placed in the first 4GB address space. The Java Heap base address is the
#     maximum limit for the native heap growth. Please use -XX:HeapBaseMinAddress
#     to set the Java Heap base and to place the Java Heap above 4GB virtual address.
# This output file may be truncated or incomplete.
#
#  Out of Memory Error (os_windows.cpp:3528), pid=31356, tid=21352
#
# JRE version:  (20.0.2+9) (build )
# Java VM: Java HotSpot(TM) 64-Bit Server VM (20.0.2+9-78, mixed mode, sharing, tiered, compressed oops, compressed class ptrs, g1 gc, windows-amd64)
# No core dump will be written. Minidumps are not enabled by default on client versions of Windows
#

---------------  S U M M A R Y ------------

Command Line: -Dfile.encoding=UTF-8 --module-path=C:\Users\yashj\OneDrive\Documents\NetBeansProjects\farmerbuddy\build\classes farmerbuddy.Chernozemsoil2

Host: 11th Gen Intel(R) Core(TM) i5-11400H @ 2.70GHz, 12 cores, 7G,  Windows 11 , 64 bit Build 22621 (10.0.22621.2215)
Time: Sun Oct 22 23:54:01 2023 India Standard Time elapsed time: 0.017562 seconds (0d 0h 0m 0s)

---------------  T H R E A D  ---------------

Current thread (0x00000222e3f64e10):  JavaThread "Unknown thread" [_thread_in_vm, id=21352, stack(0x00000069f7400000,0x00000069f7500000)]

Stack: [0x00000069f7400000,0x00000069f7500000]
Native frames: (J=compiled Java code, j=interpreted, Vv=VM code, C=native code)
V  [jvm.dll+0x6bc25a]
V  [jvm.dll+0x84971a]
V  [jvm.dll+0x84b315]
V  [jvm.dll+0x84ba13]
V  [jvm.dll+0x280e4f]
V  [jvm.dll+0x6b8fe9]
V  [jvm.dll+0x6adbca]
V  [jvm.dll+0x35b165]
V  [jvm.dll+0x363386]
V  [jvm.dll+0x3b400e]
V  [jvm.dll+0x3b4295]
V  [jvm.dll+0x32b86a]
V  [jvm.dll+0x32c68b]
V  [jvm.dll+0x8123df]
V  [jvm.dll+0x3c1261]
V  [jvm.dll+0x7fe103]
V  [jvm.dll+0x44ccaf]
V  [jvm.dll+0x44e621]
C  [jli.dll+0x5287]
C  [ucrtbase.dll+0x29363]
C  [KERNEL32.DLL+0x1257d]
C  [ntdll.dll+0x5aa68]


---------------  P R O C E S S  ---------------

Threads class SMR info:
_java_thread_list=0x00007ffc5415b118, length=0, elements={
}

Java Threads: ( => current thread )

Other Threads:
  0x00000222e3fc5f90 WorkerThread "GC Thread#0" [stack: 0x00000069f7500000,0x00000069f7600000] [id=22512]
  0x00000222e3fd6360 ConcurrentGCThread "G1 Main Marker" [stack: 0x00000069f7600000,0x00000069f7700000] [id=29000]
  0x00000222e3fd6d90 WorkerThread "G1 Conc#0" [stack: 0x00000069f7700000,0x00000069f7800000] [id=7544]

[error occurred during error reporting (printing all threads), id 0xc0000005, EXCEPTION_ACCESS_VIOLATION (0xc0000005) at pc=0x00007ffc5393eea7]
VM state: not at safepoint (not fully initialized)

VM Mutex/Monitor currently owned by a thread:  ([mutex/lock_event])
[0x00000222e3f60a20] Heap_lock - owner thread: 0x00000222e3f64e10

Heap address: 0x0000000085a00000, size: 1958 MB, Compressed Oops mode: 32-bit

CDS archive(s) mapped at: [0x0000000000000000-0x0000000000000000-0x0000000000000000), size 0, SharedBaseAddress: 0x0000000800000000, ArchiveRelocationMode: 1.
Narrow klass base: 0x0000000000000000, Narrow klass shift: 0, Narrow klass range: 0x0

GC Precious Log:
 CardTable entry size: 512
 Card Set container configuration: InlinePtr #cards 5 size 8 Array Of Cards #cards 12 size 40 Howl #buckets 4 coarsen threshold 1843 Howl Bitmap #cards 512 size 80 coarsen threshold 460 Card regions per heap region 1 cards per card region 2048

Heap:
 garbage-first heap   total 0K, used 0K [0x0000000085a00000, 0x0000000100000000)
  region size 1024K, 0 young (0K), 0 survivors (0K)

[error occurred during error reporting (printing heap information), id 0xc0000005, EXCEPTION_ACCESS_VIOLATION (0xc0000005) at pc=0x00007ffc53d147b9]
GC Heap History (0 events):
No events

Dll operation events (1 events):
Event: 0.009 Loaded shared library C:\Program Files\Java\jdk-20\bin\java.dll

Deoptimization events (0 events):
No events

Classes loaded (0 events):
No events

Classes unloaded (0 events):
No events

Classes redefined (0 events):
No events

Internal exceptions (0 events):
No events

VM Operations (0 events):
No events

Events (0 events):
No events


Dynamic libraries:
0x00007ff792a40000 - 0x00007ff792a50000 	C:\Program Files\Java\jdk-20\bin\java.exe
0x00007ffd15f10000 - 0x00007ffd16124000 	C:\windows\SYSTEM32\ntdll.dll
0x00007ffd14210000 - 0x00007ffd142d4000 	C:\windows\System32\KERNEL32.DLL
0x00007ffd138f0000 - 0x00007ffd13c94000 	C:\windows\System32\KERNELBASE.dll
0x00007ffd137d0000 - 0x00007ffd138e1000 	C:\windows\System32\ucrtbase.dll
0x00007ffcd8610000 - 0x00007ffcd8629000 	C:\Program Files\Java\jdk-20\bin\jli.dll
0x00007ffcef7f0000 - 0x00007ffcef80b000 	C:\Program Files\Java\jdk-20\bin\VCRUNTIME140.dll
0x00007ffd14c40000 - 0x00007ffd14cf0000 	C:\windows\System32\ADVAPI32.dll
0x00007ffd14a60000 - 0x00007ffd14b07000 	C:\windows\System32\msvcrt.dll
0x00007ffd15950000 - 0x00007ffd159f6000 	C:\windows\System32\sechost.dll
0x00007ffd143e0000 - 0x00007ffd144f7000 	C:\windows\System32\RPCRT4.dll
0x00007ffd15ad0000 - 0x00007ffd15c7e000 	C:\windows\System32\USER32.dll
0x00007ffd134d0000 - 0x00007ffd134f6000 	C:\windows\System32\win32u.dll
0x00007ffd15a00000 - 0x00007ffd15a29000 	C:\windows\System32\GDI32.dll
0x00007ffcf0bd0000 - 0x00007ffcf0e63000 	C:\windows\WinSxS\amd64_microsoft.windows.common-controls_6595b64144ccf1df_6.0.22621.2215_none_270d72677387dfc3\COMCTL32.dll
0x00007ffd13500000 - 0x00007ffd13618000 	C:\windows\System32\gdi32full.dll
0x00007ffd132c0000 - 0x00007ffd1335a000 	C:\windows\System32\msvcp_win.dll
0x00007ffd0a830000 - 0x00007ffd0a83a000 	C:\windows\SYSTEM32\VERSION.dll
0x00007ffd14e10000 - 0x00007ffd14e41000 	C:\windows\System32\IMM32.DLL
0x00007ffcebe80000 - 0x00007ffcebe8c000 	C:\Program Files\Java\jdk-20\bin\vcruntime140_1.dll
0x00007ffcd1280000 - 0x00007ffcd130e000 	C:\Program Files\Java\jdk-20\bin\msvcp140.dll
0x00007ffc53600000 - 0x00007ffc54298000 	C:\Program Files\Java\jdk-20\bin\server\jvm.dll
0x00007ffd0a150000 - 0x00007ffd0a184000 	C:\windows\SYSTEM32\WINMM.dll
0x00007ffcef650000 - 0x00007ffcef659000 	C:\windows\SYSTEM32\WSOCK32.dll
0x00007ffd15730000 - 0x00007ffd157a1000 	C:\windows\System32\WS2_32.dll
0x00007ffd123b0000 - 0x00007ffd123c8000 	C:\windows\SYSTEM32\kernel.appcore.dll
0x00007ffce7d30000 - 0x00007ffce7d3a000 	C:\Program Files\Java\jdk-20\bin\jimage.dll
0x00007ffd108a0000 - 0x00007ffd10ace000 	C:\windows\SYSTEM32\DBGHELP.DLL
0x00007ffd14500000 - 0x00007ffd1488a000 	C:\windows\System32\combase.dll
0x00007ffd14b60000 - 0x00007ffd14c37000 	C:\windows\System32\OLEAUT32.dll
0x00007ffcfe910000 - 0x00007ffcfe942000 	C:\windows\SYSTEM32\dbgcore.DLL
0x00007ffd13620000 - 0x00007ffd1369a000 	C:\windows\System32\bcryptPrimitives.dll
0x00007ffce7370000 - 0x00007ffce7396000 	C:\Program Files\Java\jdk-20\bin\java.dll

dbghelp: loaded successfully - version: 4.0.5 - missing functions: none
symbol engine: initialized successfully - sym options: 0x614 - pdb path: .;C:\Program Files\Java\jdk-20\bin;C:\windows\SYSTEM32;C:\windows\WinSxS\amd64_microsoft.windows.common-controls_6595b64144ccf1df_6.0.22621.2215_none_270d72677387dfc3;C:\Program Files\Java\jdk-20\bin\server

VM Arguments:
jvm_args: -Dfile.encoding=UTF-8 --module-path=C:\Users\yashj\OneDrive\Documents\NetBeansProjects\farmerbuddy\build\classes 
java_command: farmerbuddy.Chernozemsoil2
java_class_path (initial): C:\Users\yashj\Downloads\mysql-connector-java-8.0.28.jar;C:\Users\yashj\OneDrive\Documents\NetBeansProjects\farmerbuddy\build\classes
Launcher Type: SUN_STANDARD

[Global flags]
     intx CICompilerCount                          = 4                                         {product} {ergonomic}
     uint ConcGCThreads                            = 3                                         {product} {ergonomic}
     uint G1ConcRefinementThreads                  = 10                                        {product} {ergonomic}
   size_t G1HeapRegionSize                         = 1048576                                   {product} {ergonomic}
    uintx GCDrainStackTargetSize                   = 64                                        {product} {ergonomic}
   size_t InitialHeapSize                          = 130023424                                 {product} {ergonomic}
   size_t MarkStackSize                            = 4194304                                   {product} {ergonomic}
   size_t MaxHeapSize                              = 2053111808                                {product} {ergonomic}
   size_t MinHeapDeltaBytes                        = 1048576                                   {product} {ergonomic}
   size_t MinHeapSize                              = 8388608                                   {product} {ergonomic}
    uintx NonNMethodCodeHeapSize                   = 5839372                                {pd product} {ergonomic}
    uintx NonProfiledCodeHeapSize                  = 122909434                              {pd product} {ergonomic}
    uintx ProfiledCodeHeapSize                     = 122909434                              {pd product} {ergonomic}
    uintx ReservedCodeCacheSize                    = 251658240                              {pd product} {ergonomic}
     bool SegmentedCodeCache                       = true                                      {product} {ergonomic}
   size_t SoftMaxHeapSize                          = 2053111808                             {manageable} {ergonomic}
     bool UseCompressedClassPointers               = true                           {product lp64_product} {ergonomic}
     bool UseCompressedOops                        = true                           {product lp64_product} {ergonomic}
     bool UseG1GC                                  = true                                      {product} {ergonomic}
     bool UseLargePagesIndividualAllocation        = false                                  {pd product} {ergonomic}

Logging:
Log output configuration:
 #0: stdout all=warning uptime,level,tags foldmultilines=false
 #1: stderr all=off uptime,level,tags foldmultilines=false

Environment Variables:
PATH=C:\Program Files\Common Files\Oracle\Java\javapath;C:\windows\system32;C:\windows;C:\windows\System32\Wbem;C:\windows\System32\WindowsPowerShell\v1.0\;C:\windows\System32\OpenSSH\;C:\Program Files (x86)\NVIDIA Corporation\PhysX\Common;C:\Program Files\NVIDIA Corporation\NVIDIA NvDLISR;C:\Program Files\MySQL\MySQL Shell 8.0\bin\;C:\Users\yashj\AppData\Local\Microsoft\WindowsApps;;C:\Program Files\JetBrains\IntelliJ IDEA Community Edition 2023.1.4\bin;;C:\Users\yashj\AppData\Local\Programs\Microsoft VS Code\bin
USERNAME=yashj
OS=Windows_NT
PROCESSOR_IDENTIFIER=Intel64 Family 6 Model 141 Stepping 1, GenuineIntel
TMP=C:\Users\yashj\AppData\Local\Temp
TEMP=C:\Users\yashj\AppData\Local\Temp




---------------  S Y S T E M  ---------------

OS:
 Windows 11 , 64 bit Build 22621 (10.0.22621.2215)
OS uptime: 7 days 4:38 hours
Hyper-V role detected

CPU: total 12 (initial active 12) (6 cores per cpu, 2 threads per core) family 6 model 141 stepping 1 microcode 0x46, cx8, cmov, fxsr, ht, mmx, 3dnowpref, sse, sse2, sse3, ssse3, sse4.1, sse4.2, popcnt, lzcnt, tsc, tscinvbit, avx, avx2, aes, erms, clmul, bmi1, bmi2, adx, avx512f, avx512dq, avx512cd, avx512bw, avx512vl, sha, fma, vzeroupper, avx512_vpopcntdq, avx512_vpclmulqdq, avx512_vaes, avx512_vnni, clflush, clflushopt, clwb, avx512_vbmi2, avx512_vbmi, hv, rdtscp, rdpid, fsrm, gfni, avx512_bitalg, f16c, cet_ibt, cet_ss, avx512_ifma

Memory: 4k page, system-wide physical 7830M (512M free)
TotalPageFile size 31382M (AvailPageFile size 74M)
current process WorkingSet (physical memory assigned to process): 11M, peak: 11M
current process commit charge ("private bytes"): 64M, peak: 188M

vm_info: Java HotSpot(TM) 64-Bit Server VM (20.0.2+9-78) for windows-amd64 JRE (20.0.2+9-78), built on 2023-06-14T10:08:48Z by "mach5one" with MS VC++ 17.1 (VS2022)

END.
