#
# There is insufficient memory for the Java Runtime Environment to continue.
# Native memory allocation (malloc) failed to allocate 1048576 bytes for AllocateHeap
# Possible reasons:
#   The system is out of physical RAM or swap space
#   The process is running with CompressedOops enabled, and the Java Heap may be blocking the growth of the native heap
# Possible solutions:
#   Reduce memory load on the system
#   Increase physical memory or swap space
#   Check if swap backing store is full
#   Decrease Java heap size (-Xmx/-Xms)
#   Decrease number of Java threads
#   Decrease Java thread stack sizes (-Xss)
#   Set larger code cache with -XX:ReservedCodeCacheSize=
#   JVM is running with Unscaled Compressed Oops mode in which the Java heap is
#     placed in the first 4GB address space. The Java Heap base address is the
#     maximum limit for the native heap growth. Please use -XX:HeapBaseMinAddress
#     to set the Java Heap base and to place the Java Heap above 4GB virtual address.
# This output file may be truncated or incomplete.
#
#  Out of Memory Error (allocation.cpp:44), pid=29240, tid=26748
#
# JRE version:  (20.0.2+9) (build )
# Java VM: Java HotSpot(TM) 64-Bit Server VM (20.0.2+9-78, mixed mode, sharing, tiered, compressed oops, compressed class ptrs, g1 gc, windows-amd64)
# No core dump will be written. Minidumps are not enabled by default on client versions of Windows
#

---------------  S U M M A R Y ------------

Command Line: -Dfile.encoding=UTF-8 --module-path=C:\Users\yashj\OneDrive\Documents\NetBeansProjects\farmerbuddy\build\classes farmerbuddy.Alluvialsoiltranslate

Host: 11th Gen Intel(R) Core(TM) i5-11400H @ 2.70GHz, 12 cores, 7G,  Windows 11 , 64 bit Build 22621 (10.0.22621.2361)
Time: Mon Oct 23 20:48:29 2023 India Standard Time elapsed time: 0.015753 seconds (0d 0h 0m 0s)

---------------  T H R E A D  ---------------

Current thread (0x0000023a0db559c0):  JavaThread "Unknown thread" [_thread_in_vm, id=26748, stack(0x000000fc9f200000,0x000000fc9f300000)]

Stack: [0x000000fc9f200000,0x000000fc9f300000]
Native frames: (J=compiled Java code, j=interpreted, Vv=VM code, C=native code)
V  [jvm.dll+0x6bc25a]
V  [jvm.dll+0x84971a]
V  [jvm.dll+0x84b315]
V  [jvm.dll+0x84ba13]
V  [jvm.dll+0x280e4f]
V  [jvm.dll+0xbce65]
V  [jvm.dll+0x333ec5]
V  [jvm.dll+0x32c661]
V  [jvm.dll+0x8123df]
V  [jvm.dll+0x3c1261]
V  [jvm.dll+0x7fe103]
V  [jvm.dll+0x44ccaf]
V  [jvm.dll+0x44e621]
C  [jli.dll+0x5287]
C  [ucrtbase.dll+0x29363]
C  [KERNEL32.DLL+0x1257d]
C  [ntdll.dll+0x5aa78]


---------------  P R O C E S S  ---------------

Threads class SMR info:
_java_thread_list=0x00007ffeb4c1b118, length=0, elements={
}

Java Threads: ( => current thread )

Other Threads:
  0x0000023a0dbb6bc0 WorkerThread "GC Thread#0" [stack: 0x000000fc9f300000,0x000000fc9f400000] [id=5704]

[error occurred during error reporting (printing all threads), id 0xc0000005, EXCEPTION_ACCESS_VIOLATION (0xc0000005) at pc=0x00007ffeb43f8d60]
VM state: not at safepoint (not fully initialized)

VM Mutex/Monitor currently owned by a thread:  ([mutex/lock_event])
[0x0000023a0db51930] Heap_lock - owner thread: 0x0000023a0db559c0

Heap address: 0x0000000085a00000, size: 1958 MB, Compressed Oops mode: 32-bit

CDS archive(s) mapped at: [0x0000000000000000-0x0000000000000000-0x0000000000000000), size 0, SharedBaseAddress: 0x0000000800000000, ArchiveRelocationMode: 1.
Narrow klass base: 0x0000000000000000, Narrow klass shift: 0, Narrow klass range: 0x0

GC Precious Log:
 CardTable entry size: 512
 Card Set container configuration: InlinePtr #cards 5 size 8 Array Of Cards #cards 12 size 40 Howl #buckets 4 coarsen threshold 1843 Howl Bitmap #cards 512 size 80 coarsen threshold 460 Card regions per heap region 1 cards per card region 2048

Heap:
 garbage-first heap   total 0K, used 0K [0x0000000085a00000, 0x0000000100000000)
  region size 1024K, 0 young (0K), 0 survivors (0K)

[error occurred during error reporting (printing heap information), id 0xc0000005, EXCEPTION_ACCESS_VIOLATION (0xc0000005) at pc=0x00007ffeb47d47b9]
GC Heap History (0 events):
No events

Dll operation events (1 events):
Event: 0.010 Loaded shared library C:\Program Files\Java\jdk-20\bin\java.dll

Deoptimization events (0 events):
No events

Classes loaded (0 events):
No events

Classes unloaded (0 events):
No events

Classes redefined (0 events):
No events

Internal exceptions (0 events):
No events

VM Operations (0 events):
No events

Events (0 events):
No events


Dynamic libraries:
0x00007ff63ff70000 - 0x00007ff63ff80000 	C:\Program Files\Java\jdk-20\bin\java.exe
0x00007fff2c6b0000 - 0x00007fff2c8c7000 	C:\windows\SYSTEM32\ntdll.dll
0x00007fff2a8c0000 - 0x00007fff2a984000 	C:\windows\System32\KERNEL32.DLL
0x00007fff29a30000 - 0x00007fff29dd6000 	C:\windows\System32\KERNELBASE.dll
0x00007fff29fc0000 - 0x00007fff2a0d1000 	C:\windows\System32\ucrtbase.dll
0x00007fff24dc0000 - 0x00007fff24dd9000 	C:\Program Files\Java\jdk-20\bin\jli.dll
0x00007ffed1c90000 - 0x00007ffed1cab000 	C:\Program Files\Java\jdk-20\bin\VCRUNTIME140.dll
0x00007fff2a420000 - 0x00007fff2a4d0000 	C:\windows\System32\ADVAPI32.dll
0x00007fff2ae10000 - 0x00007fff2aeb7000 	C:\windows\System32\msvcrt.dll
0x00007fff2a5e0000 - 0x00007fff2a686000 	C:\windows\System32\sechost.dll
0x00007fff2a6a0000 - 0x00007fff2a7b7000 	C:\windows\System32\RPCRT4.dll
0x00007fff2a990000 - 0x00007fff2ab3e000 	C:\windows\System32\USER32.dll
0x00007fff2a2c0000 - 0x00007fff2a2e6000 	C:\windows\System32\win32u.dll
0x00007fff2ade0000 - 0x00007fff2ae09000 	C:\windows\System32\GDI32.dll
0x00007fff2a2f0000 - 0x00007fff2a408000 	C:\windows\System32\gdi32full.dll
0x00007fff06bf0000 - 0x00007fff06e83000 	C:\windows\WinSxS\amd64_microsoft.windows.common-controls_6595b64144ccf1df_6.0.22621.2361_none_2712ced57382f843\COMCTL32.dll
0x00007fff2a1a0000 - 0x00007fff2a23a000 	C:\windows\System32\msvcp_win.dll
0x00007fff22a10000 - 0x00007fff22a1a000 	C:\windows\SYSTEM32\VERSION.dll
0x00007fff2c630000 - 0x00007fff2c661000 	C:\windows\System32\IMM32.DLL
0x00007fff065e0000 - 0x00007fff065ec000 	C:\Program Files\Java\jdk-20\bin\vcruntime140_1.dll
0x00007ffeb3db0000 - 0x00007ffeb3e3e000 	C:\Program Files\Java\jdk-20\bin\msvcp140.dll
0x00007ffeb40c0000 - 0x00007ffeb4d58000 	C:\Program Files\Java\jdk-20\bin\server\jvm.dll
0x00007fff21840000 - 0x00007fff21874000 	C:\windows\SYSTEM32\WINMM.dll
0x00007ffeffb50000 - 0x00007ffeffb59000 	C:\windows\SYSTEM32\WSOCK32.dll
0x00007fff2b250000 - 0x00007fff2b2c1000 	C:\windows\System32\WS2_32.dll
0x00007fff28ac0000 - 0x00007fff28ad8000 	C:\windows\SYSTEM32\kernel.appcore.dll
0x00007ffed1c10000 - 0x00007ffed1c1a000 	C:\Program Files\Java\jdk-20\bin\jimage.dll
0x00007fff26cf0000 - 0x00007fff26f1e000 	C:\windows\SYSTEM32\DBGHELP.DLL
0x00007fff2b9a0000 - 0x00007fff2bd2a000 	C:\windows\System32\combase.dll
0x00007fff2b150000 - 0x00007fff2b227000 	C:\windows\System32\OLEAUT32.dll
0x00007fff02a30000 - 0x00007fff02a62000 	C:\windows\SYSTEM32\dbgcore.DLL
0x00007fff2a240000 - 0x00007fff2a2ba000 	C:\windows\System32\bcryptPrimitives.dll
0x00007ffed1c20000 - 0x00007ffed1c46000 	C:\Program Files\Java\jdk-20\bin\java.dll

dbghelp: loaded successfully - version: 4.0.5 - missing functions: none
symbol engine: initialized successfully - sym options: 0x614 - pdb path: .;C:\Program Files\Java\jdk-20\bin;C:\windows\SYSTEM32;C:\windows\WinSxS\amd64_microsoft.windows.common-controls_6595b64144ccf1df_6.0.22621.2361_none_2712ced57382f843;C:\Program Files\Java\jdk-20\bin\server

VM Arguments:
jvm_args: -Dfile.encoding=UTF-8 --module-path=C:\Users\yashj\OneDrive\Documents\NetBeansProjects\farmerbuddy\build\classes 
java_command: farmerbuddy.Alluvialsoiltranslate
java_class_path (initial): C:\Users\yashj\Downloads\mysql-connector-java-8.0.28.jar;C:\Users\yashj\OneDrive\Documents\NetBeansProjects\farmerbuddy\build\classes
Launcher Type: SUN_STANDARD

[Global flags]
     intx CICompilerCount                          = 4                                         {product} {ergonomic}
     uint ConcGCThreads                            = 3                                         {product} {ergonomic}
     uint G1ConcRefinementThreads                  = 10                                        {product} {ergonomic}
   size_t G1HeapRegionSize                         = 1048576                                   {product} {ergonomic}
    uintx GCDrainStackTargetSize                   = 64                                        {product} {ergonomic}
   size_t InitialHeapSize                          = 130023424                                 {product} {ergonomic}
   size_t MarkStackSize                            = 4194304                                   {product} {ergonomic}
   size_t MaxHeapSize                              = 2053111808                                {product} {ergonomic}
   size_t MinHeapDeltaBytes                        = 1048576                                   {product} {ergonomic}
   size_t MinHeapSize                              = 8388608                                   {product} {ergonomic}
    uintx NonNMethodCodeHeapSize                   = 5839372                                {pd product} {ergonomic}
    uintx NonProfiledCodeHeapSize                  = 122909434                              {pd product} {ergonomic}
    uintx ProfiledCodeHeapSize                     = 122909434                              {pd product} {ergonomic}
    uintx ReservedCodeCacheSize                    = 251658240                              {pd product} {ergonomic}
     bool SegmentedCodeCache                       = true                                      {product} {ergonomic}
   size_t SoftMaxHeapSize                          = 2053111808                             {manageable} {ergonomic}
     bool UseCompressedClassPointers               = true                           {product lp64_product} {ergonomic}
     bool UseCompressedOops                        = true                           {product lp64_product} {ergonomic}
     bool UseG1GC                                  = true                                      {product} {ergonomic}
     bool UseLargePagesIndividualAllocation        = false                                  {pd product} {ergonomic}

Logging:
Log output configuration:
 #0: stdout all=warning uptime,level,tags foldmultilines=false
 #1: stderr all=off uptime,level,tags foldmultilines=false

Environment Variables:
PATH=C:\Program Files\Common Files\Oracle\Java\javapath;C:\windows\system32;C:\windows;C:\windows\System32\Wbem;C:\windows\System32\WindowsPowerShell\v1.0\;C:\windows\System32\OpenSSH\;C:\Program Files (x86)\NVIDIA Corporation\PhysX\Common;C:\Program Files\NVIDIA Corporation\NVIDIA NvDLISR;C:\Program Files\MySQL\MySQL Shell 8.0\bin\;C:\Users\yashj\AppData\Local\Microsoft\WindowsApps;;C:\Program Files\JetBrains\IntelliJ IDEA Community Edition 2023.1.4\bin;;C:\Users\yashj\AppData\Local\Programs\Microsoft VS Code\bin
USERNAME=yashj
OS=Windows_NT
PROCESSOR_IDENTIFIER=Intel64 Family 6 Model 141 Stepping 1, GenuineIntel
TMP=C:\Users\yashj\AppData\Local\Temp
TEMP=C:\Users\yashj\AppData\Local\Temp




---------------  S Y S T E M  ---------------

OS:
 Windows 11 , 64 bit Build 22621 (10.0.22621.2361)
OS uptime: 0 days 2:12 hours
Hyper-V role detected

CPU: total 12 (initial active 12) (6 cores per cpu, 2 threads per core) family 6 model 141 stepping 1 microcode 0x46, cx8, cmov, fxsr, ht, mmx, 3dnowpref, sse, sse2, sse3, ssse3, sse4.1, sse4.2, popcnt, lzcnt, tsc, tscinvbit, avx, avx2, aes, erms, clmul, bmi1, bmi2, adx, avx512f, avx512dq, avx512cd, avx512bw, avx512vl, sha, fma, vzeroupper, avx512_vpopcntdq, avx512_vpclmulqdq, avx512_vaes, avx512_vnni, clflush, clflushopt, clwb, avx512_vbmi2, avx512_vbmi, hv, rdtscp, rdpid, fsrm, gfni, avx512_bitalg, f16c, cet_ibt, cet_ss, avx512_ifma

Memory: 4k page, system-wide physical 7830M (286M free)
TotalPageFile size 31382M (AvailPageFile size 5M)
current process WorkingSet (physical memory assigned to process): 11M, peak: 11M
current process commit charge ("private bytes"): 59M, peak: 60M

vm_info: Java HotSpot(TM) 64-Bit Server VM (20.0.2+9-78) for windows-amd64 JRE (20.0.2+9-78), built on 2023-06-14T10:08:48Z by "mach5one" with MS VC++ 17.1 (VS2022)

END.
